Archive member included to satisfy reference by file (symbol)

/usr/lib/gcc/arm-none-eabi/13.2.1/thumb/v6-m/nofp/libgcc.a(_dvmd_tls.o)
                              CMakeFiles/peripheral_test.dir/_deps/pico_sdk-src/src/rp2_common/pico_divider/divider_hardware.S.o (__aeabi_idiv0)
/usr/lib/gcc/arm-none-eabi/13.2.1/../../../arm-none-eabi/lib/thumb/v6-m/nofp/libg.a(libc_a-calloc.o)
                              CMakeFiles/peripheral_test.dir/_deps/pico_sdk-src/src/rp2_common/pico_malloc/malloc.c.o (calloc)
/usr/lib/gcc/arm-none-eabi/13.2.1/../../../arm-none-eabi/lib/thumb/v6-m/nofp/libg.a(libc_a-impure.o)
                              /usr/lib/gcc/arm-none-eabi/13.2.1/../../../arm-none-eabi/lib/thumb/v6-m/nofp/libg.a(libc_a-calloc.o) (_impure_ptr)
/usr/lib/gcc/arm-none-eabi/13.2.1/../../../arm-none-eabi/lib/thumb/v6-m/nofp/libg.a(libc_a-callocr.o)
                              /usr/lib/gcc/arm-none-eabi/13.2.1/../../../arm-none-eabi/lib/thumb/v6-m/nofp/libg.a(libc_a-calloc.o) (_calloc_r)
/usr/lib/gcc/arm-none-eabi/13.2.1/../../../arm-none-eabi/lib/thumb/v6-m/nofp/libg.a(libc_a-realloc.o)
                              CMakeFiles/peripheral_test.dir/_deps/pico_sdk-src/src/rp2_common/pico_malloc/malloc.c.o (realloc)
/usr/lib/gcc/arm-none-eabi/13.2.1/../../../arm-none-eabi/lib/thumb/v6-m/nofp/libg.a(libc_a-mallocr.o)
                              /usr/lib/gcc/arm-none-eabi/13.2.1/../../../arm-none-eabi/lib/thumb/v6-m/nofp/libg.a(libc_a-callocr.o) (_malloc_r)
/usr/lib/gcc/arm-none-eabi/13.2.1/../../../arm-none-eabi/lib/thumb/v6-m/nofp/libg.a(libc_a-freer.o)
                              /usr/lib/gcc/arm-none-eabi/13.2.1/../../../arm-none-eabi/lib/thumb/v6-m/nofp/libg.a(libc_a-mallocr.o) (_free_r)
/usr/lib/gcc/arm-none-eabi/13.2.1/../../../arm-none-eabi/lib/thumb/v6-m/nofp/libg.a(libc_a-memcmp.o)
                              CMakeFiles/peripheral_test.dir/_deps/pico_sdk-src/src/rp2_common/pico_atomic/atomic.c.o (memcmp)
/usr/lib/gcc/arm-none-eabi/13.2.1/../../../arm-none-eabi/lib/thumb/v6-m/nofp/libg.a(libc_a-malloc.o)
                              CMakeFiles/peripheral_test.dir/_deps/pico_sdk-src/src/rp2_common/pico_malloc/malloc.c.o (malloc)
/usr/lib/gcc/arm-none-eabi/13.2.1/../../../arm-none-eabi/lib/thumb/v6-m/nofp/libg.a(libc_a-sysconf.o)
                              /usr/lib/gcc/arm-none-eabi/13.2.1/../../../arm-none-eabi/lib/thumb/v6-m/nofp/libg.a(libc_a-mallocr.o) (sysconf)
/usr/lib/gcc/arm-none-eabi/13.2.1/../../../arm-none-eabi/lib/thumb/v6-m/nofp/libg.a(libc_a-init.o)
                              /usr/lib/gcc/arm-none-eabi/13.2.1/../../../arm-none-eabi/lib/thumb/v6-m/nofp/crt0.o (__libc_init_array)
/usr/lib/gcc/arm-none-eabi/13.2.1/../../../arm-none-eabi/lib/thumb/v6-m/nofp/libg.a(libc_a-reallocr.o)
                              /usr/lib/gcc/arm-none-eabi/13.2.1/../../../arm-none-eabi/lib/thumb/v6-m/nofp/libg.a(libc_a-realloc.o) (_realloc_r)
/usr/lib/gcc/arm-none-eabi/13.2.1/../../../arm-none-eabi/lib/thumb/v6-m/nofp/libg.a(libc_a-mktime.o)
                              CMakeFiles/peripheral_test.dir/_deps/pico_sdk-src/src/common/pico_util/datetime.c.o (mktime)
/usr/lib/gcc/arm-none-eabi/13.2.1/../../../arm-none-eabi/lib/thumb/v6-m/nofp/libg.a(libc_a-mlock.o)
                              /usr/lib/gcc/arm-none-eabi/13.2.1/../../../arm-none-eabi/lib/thumb/v6-m/nofp/libg.a(libc_a-mallocr.o) (__malloc_lock)
/usr/lib/gcc/arm-none-eabi/13.2.1/../../../arm-none-eabi/lib/thumb/v6-m/nofp/libg.a(libc_a-findfp.o)
                              /usr/lib/gcc/arm-none-eabi/13.2.1/../../../arm-none-eabi/lib/thumb/v6-m/nofp/libg.a(libc_a-impure.o) (__sf)
/usr/lib/gcc/arm-none-eabi/13.2.1/../../../arm-none-eabi/lib/thumb/v6-m/nofp/libg.a(libc_a-tzlock.o)
                              /usr/lib/gcc/arm-none-eabi/13.2.1/../../../arm-none-eabi/lib/thumb/v6-m/nofp/libg.a(libc_a-mktime.o) (__tz_lock)
/usr/lib/gcc/arm-none-eabi/13.2.1/../../../arm-none-eabi/lib/thumb/v6-m/nofp/libg.a(libc_a-atexit.o)
                              /usr/lib/gcc/arm-none-eabi/13.2.1/../../../arm-none-eabi/lib/thumb/v6-m/nofp/crt0.o (atexit)
/usr/lib/gcc/arm-none-eabi/13.2.1/../../../arm-none-eabi/lib/thumb/v6-m/nofp/libg.a(libc_a-lcltime_r.o)
                              CMakeFiles/peripheral_test.dir/_deps/pico_sdk-src/src/common/pico_util/datetime.c.o (localtime_r)
/usr/lib/gcc/arm-none-eabi/13.2.1/../../../arm-none-eabi/lib/thumb/v6-m/nofp/libg.a(libc_a-strlen-stub.o)
                              CMakeFiles/peripheral_test.dir/_deps/pico_sdk-src/src/rp2_common/pico_stdio/stdio.c.o (strlen)
/usr/lib/gcc/arm-none-eabi/13.2.1/../../../arm-none-eabi/lib/thumb/v6-m/nofp/libg.a(libc_a-sbrkr.o)
                              /usr/lib/gcc/arm-none-eabi/13.2.1/../../../arm-none-eabi/lib/thumb/v6-m/nofp/libg.a(libc_a-mallocr.o) (_sbrk_r)
/usr/lib/gcc/arm-none-eabi/13.2.1/../../../arm-none-eabi/lib/thumb/v6-m/nofp/libg.a(libc_a-fini.o)
[...]
Memory Configuration

Name             Origin             Length             Attributes
FLASH            0x10000000         0x00200000         xr
RAM              0x20000000         0x00040000         xrw
SCRATCH_X        0x20040000         0x00001000         xrw
SCRATCH_Y        0x20041000         0x00001000         xrw
*default*        0x00000000         0xffffffff

Linker script and memory map

LOAD /usr/lib/gcc/arm-none-eabi/13.2.1/thumb/v6-m/nofp/crti.o
LOAD /usr/lib/gcc/arm-none-eabi/13.2.1/thumb/v6-m/nofp/crtbegin.o
LOAD /usr/lib/gcc/arm-none-eabi/13.2.1/../../../arm-none-eabi/lib/thumb/v6-m/nofp/crt0.o

.flash_begin    0x10000000        0x0
                0x10000000                        __flash_binary_start = .

.boot2          0x10000000      0x100
                0x10000000                        __boot2_start__ = .
 *(.boot2)
 .boot2         0x10000000      0x100 pico-sdk/src/rp2040/boot_stage2/CMakeFiles/bs2_default_library.dir/bs2_default_padded_checksummed.S.o
                0x10000100                        __boot2_end__ = .
                0x00000001                        ASSERT (((__boot2_end__ - __boot2_start__) == 0x100), ERROR: Pico second stage bootloader must be 256 bytes in size)

.text           0x10000100     0x8388
                0x10000100                        __logical_binary_start = .
 *(.vectors)
 .vectors       0x10000100       0xd4 CMakeFiles/peripheral_test.dir/_deps/pico_sdk-src/src/rp2_common/pico_crt0/crt0.S.o
                0x10000100                __vectors
                0x10000100                __VECTOR_TABLE
                0x100001c0                isr_irq30
                0x100001c0                __unhandled_user_irq
                0x100001c0                isr_irq13
                0x100001c0                isr_irq27
                0x100001c0                isr_irq31
                0x100001c0                isr_irq5
                0x100001c0                isr_irq11
                0x100001c0                isr_irq23
                0x100001c0                isr_irq18
                0x100001c0                isr_irq28
                0x100001c0                isr_irq19
                0x100001c0                isr_irq0
                0x100001c0                isr_irq6
                0x100001c0                isr_irq22
                0x100001c0                isr_irq17
                0x100001c0                isr_irq14
                0x100001c0                __vectors_end
                0x100001c0                __default_isrs_start
                0x100001c0                isr_irq2
                0x100001c0                isr_irq10
                0x100001c0                isr_irq8
                0x100001c0                isr_irq24
                0x100001c0                isr_irq1
                0x100001c0                isr_irq7
                0x100001c0                isr_irq21
                0x100001c0                isr_irq20
                0x100001c0                isr_irq15
                0x100001c0                isr_irq25
                0x100001c0                isr_irq4
                0x100001c0                isr_irq16
                0x100001c0                isr_irq29
                0x100001c0                isr_irq26
                0x100001c0                isr_irq3
                0x100001c0                isr_irq12
                0x100001c0                isr_irq9
                0x100001c6                unhandled_user_irq_num_in_r0
                0x100001c8                isr_invalid
                0x100001ca                isr_nmi
                0x100001cc                isr_hardfault
                0x100001ce                isr_svcall
                0x100001d0                isr_pendsv
                0x100001d2                isr_systick
                0x100001d4                __default_isrs_end
 *(.binary_info_header)
 .binary_info_header
                0x100001d4       0x14 CMakeFiles/peripheral_test.dir/_deps/pico_sdk-src/src/rp2_common/pico_crt0/crt0.S.o
                0x100001e8                        __binary_info_header_end = .
 *(.embedded_block)
                0x100001e8                        __embedded_block_end = .
 *(.reset)
 .reset         0x100001e8       0x9c CMakeFiles/peripheral_test.dir/_deps/pico_sdk-src/src/rp2_common/pico_crt0/crt0.S.o
                0x100001e8                _entry_point
 *(.init)
 .init          0x10000284        0x4 /usr/lib/gcc/arm-none-eabi/13.2.1/thumb/v6-m/nofp/crti.o
                0x10000284                _init
 *(EXCLUDE_FILE(*libm.a: *libc.a:*lib_a-mem*.o *libgcc.a:) .text*)
 .text          0x10000288       0x98 /usr/lib/gcc/arm-none-eabi/13.2.1/thumb/v6-m/nofp/crtbegin.o
 .text.startup.main
                0x10000320      0x210 CMakeFiles/peripheral_test.dir/src/main.c.o
                0x10000320                main
 .text.led_init
                0x10000530       0x34 CMakeFiles/peripheral_test.dir/src/led.c.o
                0x10000530                led_init
 .text.led_blink_all
                0x10000564       0x4c CMakeFiles/peripheral_test.dir/src/led.c.o
                0x10000564                led_blink_all
 .text.led_test
                0x100005b0       0xd8 CMakeFiles/peripheral_test.dir/src/led.c.o
                0x100005b0                led_test
 .text.spi_bus_init
                0x10000688       0x8c CMakeFiles/peripheral_test.dir/src/spi.c.o
                0x10000688                spi_bus_init
 .text.spi_cs_select
                0x10000714       0x18 CMakeFiles/peripheral_test.dir/src/spi.c.o
                0x10000714                spi_cs_select
 .text.spi_cs_deselect
                0x1000072c       0x18 CMakeFiles/peripheral_test.dir/src/spi.c.o
                0x1000072c                spi_cs_deselect
 .text.spi_read_reg
                0x10000744       0x44 CMakeFiles/peripheral_test.dir/src/spi.c.o
                0x10000744                spi_read_reg
 .text.spi_write_reg
                0x10000788       0x3c CMakeFiles/peripheral_test.dir/src/spi.c.o
                0x10000788                spi_write_reg
 .text.spi_read_bytes
                0x100007c4       0x58 CMakeFiles/peripheral_test.dir/src/spi.c.o
                0x100007c4                spi_read_bytes
 .text.imu_test
                0x1000081c      0x19c CMakeFiles/peripheral_test.dir/src/imu.c.o
                0x1000081c                imu_test
 .text.baro_init
                0x100009b8       0xc8 CMakeFiles/peripheral_test.dir/src/baro.c.o
                0x100009b8                baro_init
 .text.baro_read
                0x10000a80       0xd8 CMakeFiles/peripheral_test.dir/src/baro.c.o
                0x10000a80                baro_read
 .text.baro_test
                0x10000b58       0x84 CMakeFiles/peripheral_test.dir/src/baro.c.o
                0x10000b58                baro_test
 .text.pwm_outputs_init
                0x10000bdc       0xbc CMakeFiles/peripheral_test.dir/src/pwm.c.o
                0x10000bdc                pwm_outputs_init
 .text.pwm_test
                0x10000c98      0x154 CMakeFiles/peripheral_test.dir/src/pwm.c.o
                0x10000c98                pwm_test
 .text.adc_inputs_init
                0x10000dec       0x60 CMakeFiles/peripheral_test.dir/src/adc.c.o
                0x10000dec                adc_inputs_init
 .text.adc_test
                0x10000e4c      0x174 CMakeFiles/peripheral_test.dir/src/adc.c.o
                0x10000e4c                adc_test
 .text.uart_ports_init
                0x10000fc0       0x54 CMakeFiles/peripheral_test.dir/src/uart.c.o
                0x10000fc0                uart_ports_init
 .text.uart_test
                0x10001014      0x1e4 CMakeFiles/peripheral_test.dir/src/uart.c.o
                0x10001014                uart_test
 .text.sd_card_test
                0x100011f8      0x144 CMakeFiles/peripheral_test.dir/src/sd_card.c.o
                0x100011f8                sd_card_test
 .text.gpio_set_function
                0x1000133c       0x34 CMakeFiles/peripheral_test.dir/_deps/pico_sdk-src/src/rp2_common/hardware_gpio/gpio.c.o
                0x1000133c                gpio_set_function
 .text.gpio_set_pulls
                0x10001370       0x28 CMakeFiles/peripheral_test.dir/_deps/pico_sdk-src/src/rp2_common/hardware_gpio/gpio.c.o
                0x10001370                gpio_set_pulls
 .text.gpio_set_input_enabled
                0x10001398       0x28 CMakeFiles/peripheral_test.dir/_deps/pico_sdk-src/src/rp2_common/hardware_gpio/gpio.c.o
                0x10001398                gpio_set_input_enabled
 .text.gpio_init
                0x100013c0       0x40 CMakeFiles/peripheral_test.dir/_deps/pico_sdk-src/src/rp2_common/hardware_gpio/gpio.c.o
                0x100013c0                gpio_init
 .text.rp2040_chip_version
                0x10001400        0xc CMakeFiles/peripheral_test.dir/_deps/pico_sdk-src/src/rp2040/pico_platform/platform.c.o
                0x10001400                rp2040_chip_version
 .text.panic    0x1000140c       0x30 CMakeFiles/peripheral_test.dir/_deps/pico_sdk-src/src/rp2_common/pico_platform_panic/panic.c.o
                0x1000140c                panic
 .text.hw_claim_or_assert
                0x1000143c       0x44 CMakeFiles/peripheral_test.dir/_deps/pico_sdk-src/src/common/hardware_claim/claim.c.o
                0x1000143c                hw_claim_or_assert
 .text.hw_claim_unused_from_range
                0x10001480       0x9c CMakeFiles/peripheral_test.dir/_deps/pico_sdk-src/src/common/hardware_claim/claim.c.o
                0x10001480                hw_claim_unused_from_range
 .text.next_striped_spin_lock_num
                0x1000151c       0x18 CMakeFiles/peripheral_test.dir/_deps/pico_sdk-src/src/rp2_common/hardware_sync/sync.c.o
                0x1000151c                next_striped_spin_lock_num
 .text.spin_lock_claim_unused
                0x10001534       0x24 CMakeFiles/peripheral_test.dir/_deps/pico_sdk-src/src/rp2_common/hardware_sync/sync.c.o
                0x10001534                spin_lock_claim_unused
 .text.spin_locks_reset
                0x10001558       0x1c CMakeFiles/peripheral_test.dir/_deps/pico_sdk-src/src/rp2_common/hardware_sync_spin_lock/sync_spin_lock.c.o
                0x10001558                spin_locks_reset
 .text.runtime_init_per_core_irq_priorities
                0x10001574       0x24 CMakeFiles/peripheral_test.dir/_deps/pico_sdk-src/src/rp2_common/hardware_irq/irq.c.o
                0x10001574                runtime_init_per_core_irq_priorities
 .text.irq_set_enabled
                0x10001598       0x24 CMakeFiles/peripheral_test.dir/_deps/pico_sdk-src/src/rp2_common/hardware_irq/irq.c.o
                0x10001598                irq_set_enabled
 .text.irq_is_enabled
                0x100015bc       0x18 CMakeFiles/peripheral_test.dir/_deps/pico_sdk-src/src/rp2_common/hardware_irq/irq.c.o
                0x100015bc                irq_is_enabled
 .text.irq_set_pending
                0x100015d4       0x10 CMakeFiles/peripheral_test.dir/_deps/pico_sdk-src/src/rp2_common/hardware_irq/irq.c.o
                0x100015d4                irq_set_pending
 .text.irq_has_shared_handler
                0x100015e4       0x24 CMakeFiles/peripheral_test.dir/_deps/pico_sdk-src/src/rp2_common/hardware_irq/irq.c.o
                0x100015e4                irq_has_shared_handler
 .text.irq_set_exclusive_handler
                0x10001608       0x54 CMakeFiles/peripheral_test.dir/_deps/pico_sdk-src/src/rp2_common/hardware_irq/irq.c.o
                0x10001608                irq_set_exclusive_handler
 .text.irq_add_shared_handler
                0x1000165c      0x1f4 CMakeFiles/peripheral_test.dir/_deps/pico_sdk-src/src/rp2_common/hardware_irq/irq.c.o
                0x1000165c                irq_add_shared_handler
 .text.irq_remove_handler
                0x10001850      0x1d4 CMakeFiles/peripheral_test.dir/_deps/pico_sdk-src/src/rp2_common/hardware_irq/irq.c.o
                0x10001850                irq_remove_handler
 .text.irq_add_tail_to_free_list
                0x10001a24       0xb4 CMakeFiles/peripheral_test.dir/_deps/pico_sdk-src/src/rp2_common/hardware_irq/irq.c.o
                0x10001a24                irq_add_tail_to_free_list
 .text.user_irq_claim_unused
                0x10001ad8       0x2c CMakeFiles/peripheral_test.dir/_deps/pico_sdk-src/src/rp2_common/hardware_irq/irq.c.o
                0x10001ad8                user_irq_claim_unused
 .text.lock_init
                0x10001b04       0x10 CMakeFiles/peripheral_test.dir/_deps/pico_sdk-src/src/common/pico_sync/lock_core.c.o
                0x10001b04                lock_init
 .text.runtime_init_mutex
                0x10001b14       0x50 CMakeFiles/peripheral_test.dir/_deps/pico_sdk-src/src/common/pico_sync/mutex.c.o
                0x10001b14                runtime_init_mutex
 .text.mutex_init
                0x10001b64       0x1c CMakeFiles/peripheral_test.dir/_deps/pico_sdk-src/src/common/pico_sync/mutex.c.o
                0x10001b64                mutex_init
 .text.critical_section_init
                0x10001b80       0x1c CMakeFiles/peripheral_test.dir/_deps/pico_sdk-src/src/common/pico_sync/critical_section.c.o
                0x10001b80                critical_section_init
 .text.critical_section_init_with_lock_num
                0x10001b9c       0x14 CMakeFiles/peripheral_test.dir/_deps/pico_sdk-src/src/common/pico_sync/critical_section.c.o
                0x10001b9c                critical_section_init_with_lock_num
 .text.sleep_until_callback
                0x10001bb0       0x30 CMakeFiles/peripheral_test.dir/_deps/pico_sdk-src/src/common/pico_time/time.c.o
 .text.alarm_pool_irq_handler
                0x10001be0      0x2fc CMakeFiles/peripheral_test.dir/_deps/pico_sdk-src/src/common/pico_time/time.c.o
 .text.runtime_init_default_alarm_pool
                0x10001edc       0xdc CMakeFiles/peripheral_test.dir/_deps/pico_sdk-src/src/common/pico_time/time.c.o
                0x10001edc                runtime_init_default_alarm_pool
 .text.alarm_pool_get_default
                0x10001fb8        0x8 CMakeFiles/peripheral_test.dir/_deps/pico_sdk-src/src/common/pico_time/time.c.o
                0x10001fb8                alarm_pool_get_default
 .text.alarm_pool_add_alarm_at
                0x10001fc0       0xd4 CMakeFiles/peripheral_test.dir/_deps/pico_sdk-src/src/common/pico_time/time.c.o
                0x10001fc0                alarm_pool_add_alarm_at
 .text.alarm_pool_add_alarm_at_force_in_context
                0x10002094       0xb0 CMakeFiles/peripheral_test.dir/_deps/pico_sdk-src/src/common/pico_time/time.c.o
                0x10002094                alarm_pool_add_alarm_at_force_in_context
 .text.alarm_pool_cancel_alarm
                0x10002144       0x74 CMakeFiles/peripheral_test.dir/_deps/pico_sdk-src/src/common/pico_time/time.c.o
                0x10002144                alarm_pool_cancel_alarm
 .text.alarm_pool_core_num
                0x100021b8        0x4 CMakeFiles/peripheral_test.dir/_deps/pico_sdk-src/src/common/pico_time/time.c.o
                0x100021b8                alarm_pool_core_num
 .text.sleep_until
                0x100021bc       0xd8 CMakeFiles/peripheral_test.dir/_deps/pico_sdk-src/src/common/pico_time/time.c.o
                0x100021bc                sleep_until
 .text.sleep_us
                0x10002294       0x28 CMakeFiles/peripheral_test.dir/_deps/pico_sdk-src/src/common/pico_time/time.c.o
                0x10002294                sleep_us
 .text.sleep_ms
                0x100022bc       0x38 CMakeFiles/peripheral_test.dir/_deps/pico_sdk-src/src/common/pico_time/time.c.o
                0x100022bc                sleep_ms
 .text.best_effort_wfe_or_timeout
                0x100022f4       0xf8 CMakeFiles/peripheral_test.dir/_deps/pico_sdk-src/src/common/pico_time/time.c.o
                0x100022f4                best_effort_wfe_or_timeout
 .text.timer_hardware_alarm_claim
                0x100023ec       0x14 CMakeFiles/peripheral_test.dir/_deps/pico_sdk-src/src/rp2_common/hardware_timer/timer.c.o
                0x100023ec                timer_hardware_alarm_claim
 .text.timer_time_us_64
                0x10002400       0x10 CMakeFiles/peripheral_test.dir/_deps/pico_sdk-src/src/rp2_common/hardware_timer/timer.c.o
                0x10002400                timer_time_us_64
 .text.time_us_64
                0x10002410       0x14 CMakeFiles/peripheral_test.dir/_deps/pico_sdk-src/src/rp2_common/hardware_timer/timer.c.o
                0x10002410                time_us_64
 .text.busy_wait_us
                0x10002424       0x68 CMakeFiles/peripheral_test.dir/_deps/pico_sdk-src/src/rp2_common/hardware_timer/timer.c.o
                0x10002424                busy_wait_us
 .text.busy_wait_until
                0x1000248c       0x20 CMakeFiles/peripheral_test.dir/_deps/pico_sdk-src/src/rp2_common/hardware_timer/timer.c.o
                0x1000248c                busy_wait_until
 .text.uart_init
                0x100024ac      0x120 CMakeFiles/peripheral_test.dir/_deps/pico_sdk-src/src/rp2_common/hardware_uart/uart.c.o
                0x100024ac                uart_init
 .text.clock_configure_int_divider
                0x100025cc       0xf4 CMakeFiles/peripheral_test.dir/_deps/pico_sdk-src/src/rp2_common/hardware_clocks/clocks.c.o
                0x100025cc                clock_configure_int_divider
 .text.clock_configure_undivided
                0x100026c0       0xe8 CMakeFiles/peripheral_test.dir/_deps/pico_sdk-src/src/rp2_common/hardware_clocks/clocks.c.o
                0x100026c0                clock_configure_undivided
 .text.clock_get_hz
                0x100027a8        0xc CMakeFiles/peripheral_test.dir/_deps/pico_sdk-src/src/rp2_common/hardware_clocks/clocks.c.o
                0x100027a8                clock_get_hz
 .text.pll_init
                0x100027b4       0xa4 CMakeFiles/peripheral_test.dir/_deps/pico_sdk-src/src/rp2_common/hardware_pll/pll.c.o
                0x100027b4                pll_init
 .text.watchdog_reboot
                0x10002858       0x9c CMakeFiles/peripheral_test.dir/_deps/pico_sdk-src/src/rp2_common/hardware_watchdog/watchdog.c.o
                0x10002858                watchdog_reboot
 .text.tick_start
                0x100028f4       0x10 CMakeFiles/peripheral_test.dir/_deps/pico_sdk-src/src/rp2_common/hardware_ticks/ticks.c.o
                0x100028f4                tick_start
 .text.rom_func_lookup
                0x10002904       0x10 CMakeFiles/peripheral_test.dir/_deps/pico_sdk-src/src/rp2_common/pico_bootrom/bootrom.c.o
                0x10002904                rom_func_lookup
 .text.rom_data_lookup
                0x10002914       0x10 CMakeFiles/peripheral_test.dir/_deps/pico_sdk-src/src/rp2_common/pico_bootrom/bootrom.c.o
                0x10002914                rom_data_lookup
 .text.rom_funcs_lookup
                0x10002924       0x44 CMakeFiles/peripheral_test.dir/_deps/pico_sdk-src/src/rp2_common/pico_bootrom/bootrom.c.o
                0x10002924                rom_funcs_lookup
 .text.rom_reset_usb_boot_extra
                0x10002968       0x28 CMakeFiles/peripheral_test.dir/_deps/pico_sdk-src/src/rp2_common/pico_bootrom/bootrom.c.o
                0x10002968                rom_reset_usb_boot_extra
 .text.xosc_init
                0x10002990       0x28 CMakeFiles/peripheral_test.dir/_deps/pico_sdk-src/src/rp2_common/hardware_xosc/xosc.c.o
                0x10002990                xosc_init
 .text.first_per_core_initializer
                0x100029b8        0x4 CMakeFiles/peripheral_test.dir/_deps/pico_sdk-src/src/rp2_common/pico_runtime/runtime.c.o
 .text.hard_assertion_failure
                0x100029bc        0xc CMakeFiles/peripheral_test.dir/_deps/pico_sdk-src/src/rp2_common/pico_runtime/runtime.c.o
                0x100029bc                hard_assertion_failure
 .text.runtime_run_initializers
                0x100029c8       0x28 CMakeFiles/peripheral_test.dir/_deps/pico_sdk-src/src/rp2_common/pico_runtime/runtime.c.o
                0x100029c8                runtime_run_initializers
 .text.runtime_init_early_resets
                0x100029f0       0x2c CMakeFiles/peripheral_test.dir/_deps/pico_sdk-src/src/rp2_common/pico_runtime_init/runtime_init.c.o
                0x100029f0                runtime_init_early_resets
 .text.runtime_init_usb_power_down
                0x10002a1c       0x1c CMakeFiles/peripheral_test.dir/_deps/pico_sdk-src/src/rp2_common/pico_runtime_init/runtime_init.c.o
                0x10002a1c                runtime_init_usb_power_down
 .text.runtime_init_post_clock_resets
                0x10002a38       0x20 CMakeFiles/peripheral_test.dir/_deps/pico_sdk-src/src/rp2_common/pico_runtime_init/runtime_init.c.o
                0x10002a38                runtime_init_post_clock_resets
 .text.runtime_init_rp2040_gpio_ie_disable
                0x10002a58       0x14 CMakeFiles/peripheral_test.dir/_deps/pico_sdk-src/src/rp2_common/pico_runtime_init/runtime_init.c.o
                0x10002a58                runtime_init_rp2040_gpio_ie_disable
 .text.runtime_init_spin_locks_reset
                0x10002a6c        0x8 CMakeFiles/peripheral_test.dir/_deps/pico_sdk-src/src/rp2_common/pico_runtime_init/runtime_init.c.o
                0x10002a6c                runtime_init_spin_locks_reset
 .text.runtime_init_install_ram_vector_table
                0x10002a74       0xb4 CMakeFiles/peripheral_test.dir/_deps/pico_sdk-src/src/rp2_common/pico_runtime_init/runtime_init.c.o
                0x10002a74                runtime_init_install_ram_vector_table
 .text.runtime_init_clocks
                0x10002b28       0xd8 CMakeFiles/peripheral_test.dir/_deps/pico_sdk-src/src/rp2_common/pico_runtime_init/runtime_init_clocks.c.o
                0x10002b28                runtime_init_clocks
 .text          0x10002c00       0x10 CMakeFiles/peripheral_test.dir/_deps/pico_sdk-src/src/rp2_common/pico_bit_ops/bit_ops_aeabi.S.o
 .text.__wrap___aeabi_idiv
                0x10002c10       0x50 CMakeFiles/peripheral_test.dir/_deps/pico_sdk-src/src/rp2_common/pico_divider/divider_hardware.S.o
                0x10002c10                __wrap___aeabi_idivmod
                0x10002c10                divmod_s32s32
                0x10002c10                div_s32s32
                0x10002c10                __wrap___aeabi_idiv
                0x10002c18                divmod_s32s32_unsafe
                0x10002c44                divmod_s32s32_savestate
 .text.__wrap___aeabi_uidiv
                0x10002c60       0x4c CMakeFiles/peripheral_test.dir/_deps/pico_sdk-src/src/rp2_common/pico_divider/divider_hardware.S.o
                0x10002c60                __wrap___aeabi_uidiv
                0x10002c60                __wrap___aeabi_uidivmod
                0x10002c60                div_u32u32
                0x10002c60                divmod_u32u32
                0x10002c68                divmod_u32u32_unsafe
                0x10002c90                divmod_u32u32_savestate
 .text.__wrap___aeabi_ldiv
                0x10002cac      0x424 CMakeFiles/peripheral_test.dir/_deps/pico_sdk-src/src/rp2_common/pico_divider/divider_hardware.S.o
                0x10002cac                div_s64s64
                0x10002cac                divmod_s64s64
                0x10002cac                __wrap___aeabi_ldivmod
                0x10002cdc                div_u64u64
                0x10002cdc                divmod_u64u64
                0x10002cdc                __wrap___aeabi_uldivmod
                0x10002cec                divmod_u64u64_savestate
                0x10002d0c                divmod_s64s64_unsafe
                0x10002d94                divmod_u64u64_unsafe
 .text.__wrap___aeabi_darithmetic
                0x100030d0       0x80 CMakeFiles/peripheral_test.dir/_deps/pico_sdk-src/src/rp2_common/pico_double/double_aeabi_rp2040.S.o
                0x100030d0                __wrap___aeabi_drsub
                0x100030d6                __wrap___aeabi_dsub
                0x100030e8                __wrap___aeabi_dadd
                0x100030fa                __wrap___aeabi_ddiv
                0x10003136                __wrap___aeabi_dmul
 .text.__wrap___aeabi_cdcmple
                0x10003150       0x6c CMakeFiles/peripheral_test.dir/_deps/pico_sdk-src/src/rp2_common/pico_double/double_aeabi_rp2040.S.o
                0x10003150                __wrap___aeabi_cdrcmple
                0x10003160                __wrap___aeabi_cdcmple
                0x10003160                __wrap___aeabi_cdcmpeq
 .text.__wrap___aeabi_dcmplt
                0x100031bc        0xc CMakeFiles/peripheral_test.dir/_deps/pico_sdk-src/src/rp2_common/pico_double/double_aeabi_rp2040.S.o
                0x100031bc                __wrap___aeabi_dcmplt
 .text.__wrap___aeabi_dcmpge
                0x100031c8       0x10 CMakeFiles/peripheral_test.dir/_deps/pico_sdk-src/src/rp2_common/pico_double/double_aeabi_rp2040.S.o
                0x100031c8                __wrap___aeabi_dcmpge
 .text.__wrap___aeabi_dcmpgt
                0x100031d8        0xa CMakeFiles/peripheral_test.dir/_deps/pico_sdk-src/src/rp2_common/pico_double/double_aeabi_rp2040.S.o
                0x100031d8                __wrap___aeabi_dcmpgt
 .text.__wrap___aeabi_dcmpun
                0x100031e2       0x18 CMakeFiles/peripheral_test.dir/_deps/pico_sdk-src/src/rp2_common/pico_double/double_aeabi_rp2040.S.o
                0x100031e2                __wrap___aeabi_dcmpun
 *fill*         0x100031fa        0x2 
 .text.__wrap___aeabi_i2d
                0x100031fc       0x38 CMakeFiles/peripheral_test.dir/_deps/pico_sdk-src/src/rp2_common/pico_double/double_aeabi_rp2040.S.o
                0x100031fc                __wrap___aeabi_ui2d
                0x100031fc                uint2double
                0x10003204                __wrap___aeabi_i2d
                0x10003204                int2double
 .text.__wrap___aeabi_d2iz
                0x10003234       0x48 CMakeFiles/peripheral_test.dir/_deps/pico_sdk-src/src/rp2_common/pico_double/double_aeabi_rp2040.S.o
                0x10003234                __wrap___aeabi_d2iz
                0x10003234                double2int_z
 .text.__wrap___aeabi_d2uiz
                0x1000327c       0x18 CMakeFiles/peripheral_test.dir/_deps/pico_sdk-src/src/rp2_common/pico_double/double_aeabi_rp2040.S.o
                0x1000327c                double2uint_z
                0x1000327c                double2uint
                0x1000327c                __wrap___aeabi_d2uiz
 .text.__aeabi_double_init
                0x10003294       0xa4 CMakeFiles/peripheral_test.dir/_deps/pico_sdk-src/src/rp2_common/pico_double/double_init_rom_rp2040.c.o
                0x10003294                __aeabi_double_init
 .text.double_table_shim_on_use_helper
                0x10003338       0x2c CMakeFiles/peripheral_test.dir/_deps/pico_sdk-src/src/rp2_common/pico_double/double_v1_rom_shim_rp2040.S.o
                0x10003338                double_table_shim_on_use_helper
 .text.__wrap___aeabi_dsub
                0x10003364       0x10 CMakeFiles/peripheral_test.dir/_deps/pico_sdk-src/src/rp2_common/pico_double/double_v1_rom_shim_rp2040.S.o
                0x10003364                drsub_shim
                0x1000336a                dsub_shim
 .text.dadd_shim
                0x10003374      0x15c CMakeFiles/peripheral_test.dir/_deps/pico_sdk-src/src/rp2_common/pico_double/double_v1_rom_shim_rp2040.S.o
                0x10003374                dadd_shim
 .text.dmul_shim
                0x100034d0      0x15c CMakeFiles/peripheral_test.dir/_deps/pico_sdk-src/src/rp2_common/pico_double/double_v1_rom_shim_rp2040.S.o
                0x100034d0                dmul_shim
 .text.ddiv_shim
                0x1000362c      0x1b0 CMakeFiles/peripheral_test.dir/_deps/pico_sdk-src/src/rp2_common/pico_double/double_v1_rom_shim_rp2040.S.o
                0x1000362c                ddiv_shim
 .text.double2uint_shim
                0x100037dc        0xe CMakeFiles/peripheral_test.dir/_deps/pico_sdk-src/src/rp2_common/pico_double/double_v1_rom_shim_rp2040.S.o
                0x100037dc                double2uint_shim
                0x100037de                double2ufix_shim
 *fill*         0x100037ea        0x2 
 .text.double2uint64_shim
                0x100037ec       0x70 CMakeFiles/peripheral_test.dir/_deps/pico_sdk-src/src/rp2_common/pico_double/double_v1_rom_shim_rp2040.S.o
                0x100037ec                double2uint64_shim
                0x100037ee                double2ufix64_shim
                0x1000380e                d2fix_a
 .text.dunpacks
                0x1000385c       0x3c CMakeFiles/peripheral_test.dir/_deps/pico_sdk-src/src/rp2_common/pico_double/double_v1_rom_shim_rp2040.S.o
                0x1000385c                dunpacks
 .text.__aeabi_lmul
                0x10003898       0x32 CMakeFiles/peripheral_test.dir/_deps/pico_sdk-src/src/rp2_common/pico_int64_ops/pico_int64_ops_aeabi.S.o
                0x10003898                __wrap___aeabi_lmul
 *fill*         0x100038ca        0x2 
 .text.__wrap___aeabi_farithmetic
                0x100038cc       0x48 CMakeFiles/peripheral_test.dir/_deps/pico_sdk-src/src/rp2_common/pico_float/float_aeabi_rp2040.S.o
                0x100038cc                __wrap___aeabi_frsub
                0x100038d2                __wrap___aeabi_fsub
                0x100038d8                __wrap___aeabi_fadd
                0x100038de                __wrap___aeabi_fdiv
                0x10003906                __wrap___aeabi_fmul
 .text.__wrap___aeabi_cfcmple
                0x10003914       0x50 CMakeFiles/peripheral_test.dir/_deps/pico_sdk-src/src/rp2_common/pico_float/float_aeabi_rp2040.S.o
                0x10003914                __wrap___aeabi_cfrcmple
                0x10003920                __wrap___aeabi_cfcmpeq
                0x10003920                __wrap___aeabi_cfcmple
 .text.__wrap___aeabi_fcmpgt
                0x10003964        0xa CMakeFiles/peripheral_test.dir/_deps/pico_sdk-src/src/rp2_common/pico_float/float_aeabi_rp2040.S.o
                0x10003964                __wrap___aeabi_fcmpgt
 *fill*         0x1000396e        0x2 
 .text.__wrap___aeabi_i2f
                0x10003970       0x44 CMakeFiles/peripheral_test.dir/_deps/pico_sdk-src/src/rp2_common/pico_float/float_aeabi_rp2040.S.o
                0x10003970                int2float
                0x10003970                __wrap___aeabi_i2f
 .text.__wrap___aeabi_f2d
                0x100039b4       0x14 CMakeFiles/peripheral_test.dir/_deps/pico_sdk-src/src/rp2_common/pico_float/float_aeabi_rp2040.S.o
                0x100039b4                __wrap___aeabi_f2d
 .text.__aeabi_float_init
                0x100039c8       0x64 CMakeFiles/peripheral_test.dir/_deps/pico_sdk-src/src/rp2_common/pico_float/float_init_rom_rp2040.c.o
                0x100039c8                __aeabi_float_init
 .text.float_table_shim_on_use_helper
                0x10003a2c       0x2c CMakeFiles/peripheral_test.dir/_deps/pico_sdk-src/src/rp2_common/pico_float/float_v1_rom_shim_rp2040.S.o
                0x10003a2c                float_table_shim_on_use_helper
 .text.float2double_shim
                0x10003a58       0x30 CMakeFiles/peripheral_test.dir/_deps/pico_sdk-src/src/rp2_common/pico_float/float_v1_rom_shim_rp2040.S.o
                0x10003a58                float2double_shim
 .text          0x10003a88       0x10 CMakeFiles/peripheral_test.dir/_deps/pico_sdk-src/src/rp2_common/pico_mem_ops/mem_ops_aeabi.S.o
                0x10003a88                __aeabi_mem_init
 .text.memset   0x10003a98        0xc CMakeFiles/peripheral_test.dir/_deps/pico_sdk-src/src/rp2_common/pico_mem_ops/mem_ops_aeabi.S.o
                0x10003a98                __wrap_memset
 .text.memcpy   0x10003aa4        0xc CMakeFiles/peripheral_test.dir/_deps/pico_sdk-src/src/rp2_common/pico_mem_ops/mem_ops_aeabi.S.o
                0x10003aa4                __wrap___aeabi_memcpy
                0x10003aa4                __wrap_memcpy
 .text._out_null
                0x10003ab0        0x4 CMakeFiles/peripheral_test.dir/_deps/pico_sdk-src/src/rp2_common/pico_printf/printf.c.o
 .text._out_rev
                0x10003ab4       0xac CMakeFiles/peripheral_test.dir/_deps/pico_sdk-src/src/rp2_common/pico_printf/printf.c.o
 .text._ntoa_format
                0x10003b60      0x250 CMakeFiles/peripheral_test.dir/_deps/pico_sdk-src/src/rp2_common/pico_printf/printf.c.o
 .text._out_char
                0x10003db0       0x10 CMakeFiles/peripheral_test.dir/_deps/pico_sdk-src/src/rp2_common/pico_printf/printf.c.o
 .text._out_fct
                0x10003dc0       0x10 CMakeFiles/peripheral_test.dir/_deps/pico_sdk-src/src/rp2_common/pico_printf/printf.c.o
 .text._etoa    0x10003dd0      0x464 CMakeFiles/peripheral_test.dir/_deps/pico_sdk-src/src/rp2_common/pico_printf/printf.c.o
 .text._ftoa    0x10004234      0x3c0 CMakeFiles/peripheral_test.dir/_deps/pico_sdk-src/src/rp2_common/pico_printf/printf.c.o
 .text._vsnprintf
                0x100045f4      0xbc8 CMakeFiles/peripheral_test.dir/_deps/pico_sdk-src/src/rp2_common/pico_printf/printf.c.o
 .text.vfctprintf
                0x100051bc       0x20 CMakeFiles/peripheral_test.dir/_deps/pico_sdk-src/src/rp2_common/pico_printf/printf.c.o
                0x100051bc                vfctprintf
 .text.weak_raw_vprintf
                0x100051dc       0x30 CMakeFiles/peripheral_test.dir/_deps/pico_sdk-src/src/rp2_common/pico_printf/printf.c.o
                0x100051dc                weak_raw_vprintf
 .text._exit    0x1000520c        0x4 CMakeFiles/peripheral_test.dir/_deps/pico_sdk-src/src/rp2_common/pico_clib_interface/newlib_interface.c.o
                0x1000520c                _exit
 .text.exit     0x10005210        0x8 CMakeFiles/peripheral_test.dir/_deps/pico_sdk-src/src/rp2_common/pico_clib_interface/newlib_interface.c.o
                0x10005210                exit
 .text.runtime_init
                0x10005218       0x2c CMakeFiles/peripheral_test.dir/_deps/pico_sdk-src/src/rp2_common/pico_clib_interface/newlib_interface.c.o
                0x10005218                runtime_init
 .text.stdio_out_chars_no_crlf
                0x10005244       0x10 CMakeFiles/peripheral_test.dir/_deps/pico_sdk-src/src/rp2_common/pico_stdio/stdio.c.o
 .text.stdio_out_chars_crlf
                0x10005254       0x94 CMakeFiles/peripheral_test.dir/_deps/pico_sdk-src/src/rp2_common/pico_stdio/stdio.c.o
 .text.stdio_buffered_printer
                0x100052e8       0x64 CMakeFiles/peripheral_test.dir/_deps/pico_sdk-src/src/rp2_common/pico_stdio/stdio.c.o
 .text.stdio_put_string
                0x1000534c      0x100 CMakeFiles/peripheral_test.dir/_deps/pico_sdk-src/src/rp2_common/pico_stdio/stdio.c.o
                0x1000534c                stdio_put_string
 .text.stdio_set_driver_enabled
                0x1000544c       0x30 CMakeFiles/peripheral_test.dir/_deps/pico_sdk-src/src/rp2_common/pico_stdio/stdio.c.o
                0x1000544c                stdio_set_driver_enabled
 .text.stdio_init_all
                0x1000547c       0x10 CMakeFiles/peripheral_test.dir/_deps/pico_sdk-src/src/rp2_common/pico_stdio/stdio.c.o
                0x1000547c                stdio_init_all
 .text.stdio_getchar_timeout_us
                0x1000548c       0x98 CMakeFiles/peripheral_test.dir/_deps/pico_sdk-src/src/rp2_common/pico_stdio/stdio.c.o
                0x1000548c                stdio_getchar_timeout_us
 .text.__wrap_putchar
                0x10005524       0x98 CMakeFiles/peripheral_test.dir/_deps/pico_sdk-src/src/rp2_common/pico_stdio/stdio.c.o
                0x10005524                stdio_putchar
                0x10005524                __wrap_putchar
 .text.__wrap_puts
                0x100055bc       0x3c CMakeFiles/peripheral_test.dir/_deps/pico_sdk-src/src/rp2_common/pico_stdio/stdio.c.o
                0x100055bc                __wrap_puts
                0x100055bc                stdio_puts
 .text.__wrap_vprintf
                0x100055f8       0xd4 CMakeFiles/peripheral_test.dir/_deps/pico_sdk-src/src/rp2_common/pico_stdio/stdio.c.o
                0x100055f8                __wrap_vprintf
                0x100055f8                stdio_vprintf
 .text.__wrap_printf
                0x100056cc       0x18 CMakeFiles/peripheral_test.dir/_deps/pico_sdk-src/src/rp2_common/pico_stdio/stdio.c.o
                0x100056cc                stdio_printf
                0x100056cc                __wrap_printf
 .text.stdio_uart_out_chars
                0x100056e4       0x4c CMakeFiles/peripheral_test.dir/_deps/pico_sdk-src/src/rp2_common/pico_stdio_uart/stdio_uart.c.o
 .text.stdio_uart_in_chars
                0x10005730       0x90 CMakeFiles/peripheral_test.dir/_deps/pico_sdk-src/src/rp2_common/pico_stdio_uart/stdio_uart.c.o
                0x10005730                stdio_uart_in_chars
 .text.on_uart_rx
                0x100057c0       0x28 CMakeFiles/peripheral_test.dir/_deps/pico_sdk-src/src/rp2_common/pico_stdio_uart/stdio_uart.c.o
 .text.stdio_uart_out_flush
                0x100057e8       0x14 CMakeFiles/peripheral_test.dir/_deps/pico_sdk-src/src/rp2_common/pico_stdio_uart/stdio_uart.c.o
 .text.stdio_uart_set_chars_available_callback
                0x100057fc       0x84 CMakeFiles/peripheral_test.dir/_deps/pico_sdk-src/src/rp2_common/pico_stdio_uart/stdio_uart.c.o
 .text.stdio_uart_init
                0x10005880       0x50 CMakeFiles/peripheral_test.dir/_deps/pico_sdk-src/src/rp2_common/pico_stdio_uart/stdio_uart.c.o
                0x10005880                stdio_uart_init
 .text.resetd_init
                0x100058d0        0x4 CMakeFiles/peripheral_test.dir/_deps/pico_sdk-src/src/rp2_common/pico_stdio_usb/reset_interface.c.o
 .text.resetd_reset
                0x100058d4        0xc CMakeFiles/peripheral_test.dir/_deps/pico_sdk-src/src/rp2_common/pico_stdio_usb/reset_interface.c.o
 .text.resetd_open
                0x100058e0       0x28 CMakeFiles/peripheral_test.dir/_deps/pico_sdk-src/src/rp2_common/pico_stdio_usb/reset_interface.c.o
 .text.resetd_xfer_cb
                0x10005908        0x4 CMakeFiles/peripheral_test.dir/_deps/pico_sdk-src/src/rp2_common/pico_stdio_usb/reset_interface.c.o
 .text.resetd_control_xfer_cb
                0x1000590c       0x5c CMakeFiles/peripheral_test.dir/_deps/pico_sdk-src/src/rp2_common/pico_stdio_usb/reset_interface.c.o
 .text.tud_descriptor_bos_cb
                0x10005968        0x8 CMakeFiles/peripheral_test.dir/_deps/pico_sdk-src/src/rp2_common/pico_stdio_usb/reset_interface.c.o
                0x10005968                tud_descriptor_bos_cb
 .text.tud_vendor_control_xfer_cb
                0x10005970       0x34 CMakeFiles/peripheral_test.dir/_deps/pico_sdk-src/src/rp2_common/pico_stdio_usb/reset_interface.c.o
                0x10005970                tud_vendor_control_xfer_cb
 .text.usbd_app_driver_get_cb
                0x100059a4        0xc CMakeFiles/peripheral_test.dir/_deps/pico_sdk-src/src/rp2_common/pico_stdio_usb/reset_interface.c.o
                0x100059a4                usbd_app_driver_get_cb
 .text.tud_cdc_line_coding_cb
                0x100059b0       0x2c CMakeFiles/peripheral_test.dir/_deps/pico_sdk-src/src/rp2_common/pico_stdio_usb/reset_interface.c.o
                0x100059b0                tud_cdc_line_coding_cb
 .text.stdio_usb_set_chars_available_callback
                0x100059dc       0x14 CMakeFiles/peripheral_test.dir/_deps/pico_sdk-src/src/rp2_common/pico_stdio_usb/stdio_usb.c.o
                0x100059dc                stdio_usb_set_chars_available_callback
 .text.usb_irq  0x100059f0       0x10 CMakeFiles/peripheral_test.dir/_deps/pico_sdk-src/src/rp2_common/pico_stdio_usb/stdio_usb.c.o
 .text.timer_task
                0x10005a00       0x64 CMakeFiles/peripheral_test.dir/_deps/pico_sdk-src/src/rp2_common/pico_stdio_usb/stdio_usb.c.o
 .text.stdio_usb_in_chars
                0x10005a64       0x90 CMakeFiles/peripheral_test.dir/_deps/pico_sdk-src/src/rp2_common/pico_stdio_usb/stdio_usb.c.o
                0x10005a64                stdio_usb_in_chars
 .text.stdio_usb_out_flush
                0x10005af4       0x50 CMakeFiles/peripheral_test.dir/_deps/pico_sdk-src/src/rp2_common/pico_stdio_usb/stdio_usb.c.o
 .text.stdio_usb_out_chars
                0x10005b44      0x104 CMakeFiles/peripheral_test.dir/_deps/pico_sdk-src/src/rp2_common/pico_stdio_usb/stdio_usb.c.o
 .text.low_priority_worker_irq
                0x10005c48       0xcc CMakeFiles/peripheral_test.dir/_deps/pico_sdk-src/src/rp2_common/pico_stdio_usb/stdio_usb.c.o
 .text.stdio_usb_init
                0x10005d14       0xec CMakeFiles/peripheral_test.dir/_deps/pico_sdk-src/src/rp2_common/pico_stdio_usb/stdio_usb.c.o
                0x10005d14                stdio_usb_init
 .text.tud_descriptor_device_cb
                0x10005e00        0x8 CMakeFiles/peripheral_test.dir/_deps/pico_sdk-src/src/rp2_common/pico_stdio_usb/stdio_usb_descriptors.c.o
                0x10005e00                tud_descriptor_device_cb
 .text.tud_descriptor_configuration_cb
                0x10005e08        0x8 CMakeFiles/peripheral_test.dir/_deps/pico_sdk-src/src/rp2_common/pico_stdio_usb/stdio_usb_descriptors.c.o
                0x10005e08                tud_descriptor_configuration_cb
 .text.tud_descriptor_string_cb
                0x10005e10       0x78 CMakeFiles/peripheral_test.dir/_deps/pico_sdk-src/src/rp2_common/pico_stdio_usb/stdio_usb_descriptors.c.o
                0x10005e10                tud_descriptor_string_cb
 .text.startup._retrieve_unique_id_on_boot
                0x10005e88       0x10 CMakeFiles/peripheral_test.dir/_deps/pico_sdk-src/src/rp2_common/pico_unique_id/unique_id.c.o
 .text.pico_get_unique_board_id_string
                0x10005e98      0x1a8 CMakeFiles/peripheral_test.dir/_deps/pico_sdk-src/src/rp2_common/pico_unique_id/unique_id.c.o
                0x10005e98                pico_get_unique_board_id_string
 .text.flash_get_unique_id
                0x10006040       0x3c CMakeFiles/peripheral_test.dir/_deps/pico_sdk-src/src/rp2_common/hardware_flash/flash.c.o
                0x10006040                flash_get_unique_id
 .text.dcd_init
                0x1000607c       0x90 CMakeFiles/peripheral_test.dir/_deps/pico_sdk-src/lib/tinyusb/src/portable/raspberrypi/rp2040/dcd_rp2040.c.o
                0x1000607c                dcd_init
 .text.dcd_int_enable
                0x1000610c        0xc CMakeFiles/peripheral_test.dir/_deps/pico_sdk-src/lib/tinyusb/src/portable/raspberrypi/rp2040/dcd_rp2040.c.o
                0x1000610c                dcd_int_enable
 .text.dcd_set_address
                0x10006118       0x14 CMakeFiles/peripheral_test.dir/_deps/pico_sdk-src/lib/tinyusb/src/portable/raspberrypi/rp2040/dcd_rp2040.c.o
                0x10006118                dcd_set_address
 .text.dcd_sof_enable
                0x1000612c       0x1c CMakeFiles/peripheral_test.dir/_deps/pico_sdk-src/lib/tinyusb/src/portable/raspberrypi/rp2040/dcd_rp2040.c.o
                0x1000612c                dcd_sof_enable
 .text.dcd_edpt0_status_complete
                0x10006148       0x1c CMakeFiles/peripheral_test.dir/_deps/pico_sdk-src/lib/tinyusb/src/portable/raspberrypi/rp2040/dcd_rp2040.c.o
                0x10006148                dcd_edpt0_status_complete
 .text.dcd_edpt_open
                0x10006164      0x114 CMakeFiles/peripheral_test.dir/_deps/pico_sdk-src/lib/tinyusb/src/portable/raspberrypi/rp2040/dcd_rp2040.c.o
                0x10006164                dcd_edpt_open
 .text.dcd_edpt_close_all
                0x10006278        0x8 CMakeFiles/peripheral_test.dir/_deps/pico_sdk-src/lib/tinyusb/src/portable/raspberrypi/rp2040/dcd_rp2040.c.o
                0x10006278                dcd_edpt_close_all
 .text.dcd_edpt_xfer
                0x10006280       0x24 CMakeFiles/peripheral_test.dir/_deps/pico_sdk-src/lib/tinyusb/src/portable/raspberrypi/rp2040/dcd_rp2040.c.o
                0x10006280                dcd_edpt_xfer
 .text.dcd_edpt_stall
                0x100062a4       0x34 CMakeFiles/peripheral_test.dir/_deps/pico_sdk-src/lib/tinyusb/src/portable/raspberrypi/rp2040/dcd_rp2040.c.o
                0x100062a4                dcd_edpt_stall
 .text.dcd_edpt_clear_stall
                0x100062d8       0x30 CMakeFiles/peripheral_test.dir/_deps/pico_sdk-src/lib/tinyusb/src/portable/raspberrypi/rp2040/dcd_rp2040.c.o
                0x100062d8                dcd_edpt_clear_stall
 .text.rp2040_usb_init
                0x10006308       0x40 CMakeFiles/peripheral_test.dir/_deps/pico_sdk-src/lib/tinyusb/src/portable/raspberrypi/rp2040/rp2040_usb.c.o
                0x10006308                rp2040_usb_init
 .text.hw_endpoint_xfer_start
                0x10006348       0x40 CMakeFiles/peripheral_test.dir/_deps/pico_sdk-src/lib/tinyusb/src/portable/raspberrypi/rp2040/rp2040_usb.c.o
                0x10006348                hw_endpoint_xfer_start
 .text.tud_event_hook_cb
                0x10006388        0x4 CMakeFiles/peripheral_test.dir/_deps/pico_sdk-src/lib/tinyusb/src/device/usbd.c.o
                0x10006388                tud_event_hook_cb
 .text.tud_sof_cb
                0x1000638c        0x4 CMakeFiles/peripheral_test.dir/_deps/pico_sdk-src/lib/tinyusb/src/device/usbd.c.o
                0x1000638c                tud_sof_cb
 .text.tud_descriptor_device_qualifier_cb
                0x10006390        0x4 CMakeFiles/peripheral_test.dir/_deps/pico_sdk-src/lib/tinyusb/src/device/usbd.c.o
                0x10006390                tud_descriptor_device_qualifier_cb
 .text.tud_descriptor_other_speed_configuration_cb
                0x10006394        0x4 CMakeFiles/peripheral_test.dir/_deps/pico_sdk-src/lib/tinyusb/src/device/usbd.c.o
                0x10006394                tud_descriptor_other_speed_configuration_cb
 .text.tud_mount_cb
                0x10006398        0x4 CMakeFiles/peripheral_test.dir/_deps/pico_sdk-src/lib/tinyusb/src/device/usbd.c.o
                0x10006398                tud_mount_cb
 .text.tud_umount_cb
                0x1000639c        0x4 CMakeFiles/peripheral_test.dir/_deps/pico_sdk-src/lib/tinyusb/src/device/usbd.c.o
                0x1000639c                tud_umount_cb
 .text.tud_suspend_cb
                0x100063a0        0x4 CMakeFiles/peripheral_test.dir/_deps/pico_sdk-src/lib/tinyusb/src/device/usbd.c.o
                0x100063a0                tud_suspend_cb
 .text.tud_resume_cb
                0x100063a4        0x4 CMakeFiles/peripheral_test.dir/_deps/pico_sdk-src/lib/tinyusb/src/device/usbd.c.o
                0x100063a4                tud_resume_cb
 .text.tud_mounted
                0x100063a8       0x10 CMakeFiles/peripheral_test.dir/_deps/pico_sdk-src/lib/tinyusb/src/device/usbd.c.o
                0x100063a8                tud_mounted
 .text.tud_suspended
                0x100063b8       0x10 CMakeFiles/peripheral_test.dir/_deps/pico_sdk-src/lib/tinyusb/src/device/usbd.c.o
                0x100063b8                tud_suspended
 .text.tud_rhport_init
                0x100063c8       0xfc CMakeFiles/peripheral_test.dir/_deps/pico_sdk-src/lib/tinyusb/src/device/usbd.c.o
                0x100063c8                tud_rhport_init
 .text.tud_task_ext
                0x100064c4      0x800 CMakeFiles/peripheral_test.dir/_deps/pico_sdk-src/lib/tinyusb/src/device/usbd.c.o
                0x100064c4                tud_task_ext
 .text.usbd_open_edpt_pair
                0x10006cc4       0x9c CMakeFiles/peripheral_test.dir/_deps/pico_sdk-src/lib/tinyusb/src/device/usbd.c.o
                0x10006cc4                usbd_open_edpt_pair
 .text.usbd_edpt_open
                0x10006d60       0x34 CMakeFiles/peripheral_test.dir/_deps/pico_sdk-src/lib/tinyusb/src/device/usbd.c.o
                0x10006d60                usbd_edpt_open
 .text.usbd_edpt_claim
                0x10006d94       0x28 CMakeFiles/peripheral_test.dir/_deps/pico_sdk-src/lib/tinyusb/src/device/usbd.c.o
                0x10006d94                usbd_edpt_claim
 .text.usbd_edpt_release
                0x10006dbc       0x28 CMakeFiles/peripheral_test.dir/_deps/pico_sdk-src/lib/tinyusb/src/device/usbd.c.o
                0x10006dbc                usbd_edpt_release
 .text.usbd_edpt_xfer
                0x10006de4       0x4c CMakeFiles/peripheral_test.dir/_deps/pico_sdk-src/lib/tinyusb/src/device/usbd.c.o
                0x10006de4                usbd_edpt_xfer
 .text.tud_control_status
                0x10006e30       0x2c CMakeFiles/peripheral_test.dir/_deps/pico_sdk-src/lib/tinyusb/src/device/usbd_control.c.o
                0x10006e30                tud_control_status
 .text.tud_control_xfer
                0x10006e5c       0xac CMakeFiles/peripheral_test.dir/_deps/pico_sdk-src/lib/tinyusb/src/device/usbd_control.c.o
                0x10006e5c                tud_control_xfer
 .text.usbd_control_reset
                0x10006f08       0x14 CMakeFiles/peripheral_test.dir/_deps/pico_sdk-src/lib/tinyusb/src/device/usbd_control.c.o
                0x10006f08                usbd_control_reset
 .text.usbd_control_set_complete_callback
                0x10006f1c        0xc CMakeFiles/peripheral_test.dir/_deps/pico_sdk-src/lib/tinyusb/src/device/usbd_control.c.o
                0x10006f1c                usbd_control_set_complete_callback
 .text.usbd_control_set_request
                0x10006f28       0x1c CMakeFiles/peripheral_test.dir/_deps/pico_sdk-src/lib/tinyusb/src/device/usbd_control.c.o
                0x10006f28                usbd_control_set_request
 .text.usbd_control_xfer_cb
                0x10006f44       0xec CMakeFiles/peripheral_test.dir/_deps/pico_sdk-src/lib/tinyusb/src/device/usbd_control.c.o
                0x10006f44                usbd_control_xfer_cb
 .text._prep_out_transaction.isra.0
                0x10007030       0x6c CMakeFiles/peripheral_test.dir/_deps/pico_sdk-src/lib/tinyusb/src/class/cdc/cdc_device.c.o
 .text.tud_cdc_n_connected
                0x1000709c       0x2c CMakeFiles/peripheral_test.dir/_deps/pico_sdk-src/lib/tinyusb/src/class/cdc/cdc_device.c.o
                0x1000709c                tud_cdc_n_connected
 .text.tud_cdc_n_available
                0x100070c8       0x14 CMakeFiles/peripheral_test.dir/_deps/pico_sdk-src/lib/tinyusb/src/class/cdc/cdc_device.c.o
                0x100070c8                tud_cdc_n_available
 .text.tud_cdc_n_read
                0x100070dc       0x94 CMakeFiles/peripheral_test.dir/_deps/pico_sdk-src/lib/tinyusb/src/class/cdc/cdc_device.c.o
                0x100070dc                tud_cdc_n_read
 .text.tud_cdc_n_write_flush
                0x10007170       0x74 CMakeFiles/peripheral_test.dir/_deps/pico_sdk-src/lib/tinyusb/src/class/cdc/cdc_device.c.o
                0x10007170                tud_cdc_n_write_flush
 .text.tud_cdc_n_write
                0x100071e4       0x40 CMakeFiles/peripheral_test.dir/_deps/pico_sdk-src/lib/tinyusb/src/class/cdc/cdc_device.c.o
                0x100071e4                tud_cdc_n_write
 .text.tud_cdc_n_write_available
                0x10007224       0x14 CMakeFiles/peripheral_test.dir/_deps/pico_sdk-src/lib/tinyusb/src/class/cdc/cdc_device.c.o
                0x10007224                tud_cdc_n_write_available
 .text.cdcd_init
                0x10007238       0x70 CMakeFiles/peripheral_test.dir/_deps/pico_sdk-src/lib/tinyusb/src/class/cdc/cdc_device.c.o
                0x10007238                cdcd_init
 .text.cdcd_deinit
                0x100072a8       0x34 CMakeFiles/peripheral_test.dir/_deps/pico_sdk-src/lib/tinyusb/src/class/cdc/cdc_device.c.o
                0x100072a8                cdcd_deinit
 .text.cdcd_reset
                0x100072dc       0x4c CMakeFiles/peripheral_test.dir/_deps/pico_sdk-src/lib/tinyusb/src/class/cdc/cdc_device.c.o
                0x100072dc                cdcd_reset
 .text.cdcd_open
                0x10007328       0xa8 CMakeFiles/peripheral_test.dir/_deps/pico_sdk-src/lib/tinyusb/src/class/cdc/cdc_device.c.o
                0x10007328                cdcd_open
 .text.cdcd_control_xfer_cb
                0x100073d0       0xe8 CMakeFiles/peripheral_test.dir/_deps/pico_sdk-src/lib/tinyusb/src/class/cdc/cdc_device.c.o
                0x100073d0                cdcd_control_xfer_cb
 .text.cdcd_xfer_cb
                0x100074b8      0x100 CMakeFiles/peripheral_test.dir/_deps/pico_sdk-src/lib/tinyusb/src/class/cdc/cdc_device.c.o
                0x100074b8                cdcd_xfer_cb
 .text.vendord_init
                0x100075b8       0x5c CMakeFiles/peripheral_test.dir/_deps/pico_sdk-src/lib/tinyusb/src/class/vendor/vendor_device.c.o
                0x100075b8                vendord_init
 .text.vendord_deinit
                0x10007614       0x1c CMakeFiles/peripheral_test.dir/_deps/pico_sdk-src/lib/tinyusb/src/class/vendor/vendor_device.c.o
                0x10007614                vendord_deinit
 .text.vendord_reset
                0x10007630       0x28 CMakeFiles/peripheral_test.dir/_deps/pico_sdk-src/lib/tinyusb/src/class/vendor/vendor_device.c.o
                0x10007630                vendord_reset
 .text.vendord_open
                0x10007658      0x128 CMakeFiles/peripheral_test.dir/_deps/pico_sdk-src/lib/tinyusb/src/class/vendor/vendor_device.c.o
                0x10007658                vendord_open
 .text.vendord_xfer_cb
                0x10007780       0x9c CMakeFiles/peripheral_test.dir/_deps/pico_sdk-src/lib/tinyusb/src/class/vendor/vendor_device.c.o
                0x10007780                vendord_xfer_cb
 .text.tusb_rhport_init
                0x1000781c       0x48 CMakeFiles/peripheral_test.dir/_deps/pico_sdk-src/lib/tinyusb/src/tusb.c.o
                0x1000781c                tusb_rhport_init
 .text.tu_edpt_claim
                0x10007864       0x50 CMakeFiles/peripheral_test.dir/_deps/pico_sdk-src/lib/tinyusb/src/tusb.c.o
                0x10007864                tu_edpt_claim
 .text.tu_edpt_release
                0x100078b4       0x38 CMakeFiles/peripheral_test.dir/_deps/pico_sdk-src/lib/tinyusb/src/tusb.c.o
                0x100078b4                tu_edpt_release
 .text.tu_edpt_validate
                0x100078ec       0x7c CMakeFiles/peripheral_test.dir/_deps/pico_sdk-src/lib/tinyusb/src/tusb.c.o
                0x100078ec                tu_edpt_validate
 .text.tu_edpt_bind_driver
                0x10007968       0x34 CMakeFiles/peripheral_test.dir/_deps/pico_sdk-src/lib/tinyusb/src/tusb.c.o
                0x10007968                tu_edpt_bind_driver
 .text.tu_edpt_stream_init
                0x1000799c       0x6c CMakeFiles/peripheral_test.dir/_deps/pico_sdk-src/lib/tinyusb/src/tusb.c.o
                0x1000799c                tu_edpt_stream_init
 .text.tu_edpt_stream_deinit
                0x10007a08        0x4 CMakeFiles/peripheral_test.dir/_deps/pico_sdk-src/lib/tinyusb/src/tusb.c.o
                0x10007a08                tu_edpt_stream_deinit
 .text.tu_edpt_stream_write_zlp_if_needed
                0x10007a0c       0x68 CMakeFiles/peripheral_test.dir/_deps/pico_sdk-src/lib/tinyusb/src/tusb.c.o
                0x10007a0c                tu_edpt_stream_write_zlp_if_needed
 .text.tu_edpt_stream_write_xfer
                0x10007a74       0x64 CMakeFiles/peripheral_test.dir/_deps/pico_sdk-src/lib/tinyusb/src/tusb.c.o
                0x10007a74                tu_edpt_stream_write_xfer
 .text.tu_edpt_stream_read_xfer
                0x10007ad8       0xdc CMakeFiles/peripheral_test.dir/_deps/pico_sdk-src/lib/tinyusb/src/tusb.c.o
                0x10007ad8                tu_edpt_stream_read_xfer
 .text.tu_fifo_config
                0x10007bb4       0x6c CMakeFiles/peripheral_test.dir/_deps/pico_sdk-src/lib/tinyusb/src/common/tusb_fifo.c.o
                0x10007bb4                tu_fifo_config
 .text.tu_fifo_count
                0x10007c20       0x2c CMakeFiles/peripheral_test.dir/_deps/pico_sdk-src/lib/tinyusb/src/common/tusb_fifo.c.o
                0x10007c20                tu_fifo_count
 .text.tu_fifo_empty
                0x10007c4c       0x10 CMakeFiles/peripheral_test.dir/_deps/pico_sdk-src/lib/tinyusb/src/common/tusb_fifo.c.o
                0x10007c4c                tu_fifo_empty
 .text.tu_fifo_remaining
                0x10007c5c       0x2c CMakeFiles/peripheral_test.dir/_deps/pico_sdk-src/lib/tinyusb/src/common/tusb_fifo.c.o
                0x10007c5c                tu_fifo_remaining
 .text.tu_fifo_read
                0x10007c88       0x9c CMakeFiles/peripheral_test.dir/_deps/pico_sdk-src/lib/tinyusb/src/common/tusb_fifo.c.o
                0x10007c88                tu_fifo_read
 .text.tu_fifo_read_n
                0x10007d24       0xe8 CMakeFiles/peripheral_test.dir/_deps/pico_sdk-src/lib/tinyusb/src/common/tusb_fifo.c.o
                0x10007d24                tu_fifo_read_n
 .text.tu_fifo_write
                0x10007e0c       0xa8 CMakeFiles/peripheral_test.dir/_deps/pico_sdk-src/lib/tinyusb/src/common/tusb_fifo.c.o
                0x10007e0c                tu_fifo_write
 .text.tu_fifo_write_n
                0x10007eb4      0x178 CMakeFiles/peripheral_test.dir/_deps/pico_sdk-src/lib/tinyusb/src/common/tusb_fifo.c.o
                0x10007eb4                tu_fifo_write_n
 .text.tu_fifo_clear
                0x1000802c       0x40 CMakeFiles/peripheral_test.dir/_deps/pico_sdk-src/lib/tinyusb/src/common/tusb_fifo.c.o
                0x1000802c                tu_fifo_clear
 .text.tu_fifo_set_overwritable
                0x1000806c       0x48 CMakeFiles/peripheral_test.dir/_deps/pico_sdk-src/lib/tinyusb/src/common/tusb_fifo.c.o
                0x1000806c                tu_fifo_set_overwritable
 .text.spi_init
                0x100080b4      0x13c CMakeFiles/peripheral_test.dir/_deps/pico_sdk-src/src/rp2_common/hardware_spi/spi.c.o
                0x100080b4                spi_init
 .text.adc_init
                0x100081f0       0x38 CMakeFiles/peripheral_test.dir/_deps/pico_sdk-src/src/rp2_common/hardware_adc/adc.c.o
                0x100081f0                adc_init
 .text          0x10008228       0x10 /usr/lib/gcc/arm-none-eabi/13.2.1/../../../arm-none-eabi/lib/thumb/v6-m/nofp/libg.a(libc_a-atexit.o)
                0x10008228                atexit
 .text          0x10008238       0x5c /usr/lib/gcc/arm-none-eabi/13.2.1/../../../arm-none-eabi/lib/thumb/v6-m/nofp/libg.a(libc_a-strlen-stub.o)
                0x10008238                strlen
 .text          0x10008294       0x28 /usr/lib/gcc/arm-none-eabi/13.2.1/../../../arm-none-eabi/lib/thumb/v6-m/nofp/libg.a(libc_a-fini.o)
                0x10008294                __libc_fini_array
 .text          0x100082bc       0x78 /usr/lib/gcc/arm-none-eabi/13.2.1/../../../arm-none-eabi/lib/thumb/v6-m/nofp/libg.a(libc_a-__atexit.o)
                0x100082bc                __register_exitproc
 .text.startup  0x10008334       0x18 /usr/lib/gcc/arm-none-eabi/13.2.1/../../../arm-none-eabi/lib/thumb/v6-m/nofp/libg.a(libc_a-__call_atexit.o)
 *(.fini)
 .fini          0x1000834c        0x4 /usr/lib/gcc/arm-none-eabi/13.2.1/thumb/v6-m/nofp/crti.o
                0x1000834c                _fini
 .fini.__stub   0x10008350       0xf0 linker stubs
 *crtbegin.o(.ctors)
 *crtbegin?.o(.ctors)
 *(EXCLUDE_FILE(*crtend.o *crtend?.o) .ctors)
 *(SORT_BY_NAME(.ctors.*))
 *(.ctors)
 *crtbegin.o(.dtors)
 *crtbegin?.o(.dtors)
 *(EXCLUDE_FILE(*crtend.o *crtend?.o) .dtors)
 *(SORT_BY_NAME(.dtors.*))
 *(.dtors)
                0x10008440                        . = ALIGN (0x4)
                0x10008440                        PROVIDE (__preinit_array_start = .)
 *(SORT_BY_NAME(.preinit_array.*))
 .preinit_array.00100
                0x10008440        0x4 CMakeFiles/peripheral_test.dir/_deps/pico_sdk-src/src/rp2_common/pico_runtime_init/runtime_init.c.o
                0x10008440                __pre_init_runtime_init_early_resets
 .preinit_array.00101
                0x10008444        0x4 CMakeFiles/peripheral_test.dir/_deps/pico_sdk-src/src/rp2_common/pico_runtime_init/runtime_init.c.o
                0x10008444                __pre_init_runtime_init_usb_power_down
 .preinit_array.00275
                0x10008448        0x4 CMakeFiles/peripheral_test.dir/_deps/pico_sdk-src/src/rp2_common/pico_bit_ops/bit_ops_aeabi.S.o
 .preinit_array.00300
                0x1000844c        0x4 CMakeFiles/peripheral_test.dir/_deps/pico_sdk-src/src/rp2_common/pico_mem_ops/mem_ops_aeabi.S.o
 .preinit_array.00350
                0x10008450        0x4 CMakeFiles/peripheral_test.dir/_deps/pico_sdk-src/src/rp2_common/pico_double/double_aeabi_rp2040.S.o
 .preinit_array.00350
                0x10008454        0x4 CMakeFiles/peripheral_test.dir/_deps/pico_sdk-src/src/rp2_common/pico_float/float_aeabi_rp2040.S.o
 .preinit_array.00500
                0x10008458        0x4 CMakeFiles/peripheral_test.dir/_deps/pico_sdk-src/src/rp2_common/pico_runtime_init/runtime_init.c.o
                0x10008458                __pre_init_runtime_init_clocks
 .preinit_array.00600
                0x1000845c        0x4 CMakeFiles/peripheral_test.dir/_deps/pico_sdk-src/src/rp2_common/pico_runtime_init/runtime_init.c.o
                0x1000845c                __pre_init_runtime_init_post_clock_resets
 .preinit_array.00700
                0x10008460        0x4 CMakeFiles/peripheral_test.dir/_deps/pico_sdk-src/src/rp2_common/pico_runtime_init/runtime_init.c.o
                0x10008460                __pre_init_runtime_init_rp2040_gpio_ie_disable
 .preinit_array.01000
                0x10008464        0x4 CMakeFiles/peripheral_test.dir/_deps/pico_sdk-src/src/rp2_common/pico_runtime_init/runtime_init.c.o
                0x10008464                __pre_init_runtime_init_spin_locks_reset
 .preinit_array.01100
                0x10008468        0x4 CMakeFiles/peripheral_test.dir/_deps/pico_sdk-src/src/common/pico_sync/mutex.c.o
                0x10008468                __pre_init_runtime_init_mutex
 .preinit_array.10080
                0x1000846c        0x4 CMakeFiles/peripheral_test.dir/_deps/pico_sdk-src/src/rp2_common/pico_runtime_init/runtime_init.c.o
                0x1000846c                __pre_init_runtime_init_install_ram_vector_table
 .preinit_array.11000
                0x10008470        0x4 CMakeFiles/peripheral_test.dir/_deps/pico_sdk-src/src/common/pico_time/time.c.o
                0x10008470                __pre_init_runtime_init_default_alarm_pool
 .preinit_array.YYYYY
                0x10008474        0x4 CMakeFiles/peripheral_test.dir/_deps/pico_sdk-src/src/rp2_common/pico_runtime/runtime.c.o
                0x10008474                __pre_init_first_per_core_initializer
 .preinit_array.ZZZZZ.01200
                0x10008478        0x4 CMakeFiles/peripheral_test.dir/_deps/pico_sdk-src/src/rp2_common/hardware_irq/irq.c.o
                0x10008478                __pre_init_runtime_init_per_core_irq_priorities
 *(.preinit_array)
                0x1000847c                        PROVIDE (__preinit_array_end = .)
                0x1000847c                        . = ALIGN (0x4)
                0x1000847c                        PROVIDE (__init_array_start = .)
 *(SORT_BY_NAME(.init_array.*))
 .init_array.00000
                0x1000847c        0x4 /usr/lib/gcc/arm-none-eabi/13.2.1/../../../arm-none-eabi/lib/thumb/v6-m/nofp/libg.a(libc_a-__call_atexit.o)
 .init_array.01000
                0x10008480        0x4 CMakeFiles/peripheral_test.dir/_deps/pico_sdk-src/src/rp2_common/pico_unique_id/unique_id.c.o
 *(.init_array)
 .init_array    0x10008484        0x4 /usr/lib/gcc/arm-none-eabi/13.2.1/thumb/v6-m/nofp/crtbegin.o
                0x10008488                        PROVIDE (__init_array_end = .)
                0x10008488                        . = ALIGN (0x4)
                0x10008488                        PROVIDE (__fini_array_start = .)
 *(SORT_BY_NAME(.fini_array.*))
 *(.fini_array)
                0x10008488                        PROVIDE (__fini_array_end = .)
 *(.eh_frame*)
 .eh_frame      0x10008488        0x0 /usr/lib/gcc/arm-none-eabi/13.2.1/thumb/v6-m/nofp/crtbegin.o
                0x10008488                        . = ALIGN (0x4)

.glue_7         0x10008488        0x0
 .glue_7        0x10008488        0x0 linker stubs

.glue_7t        0x10008488        0x0
 .glue_7t       0x10008488        0x0 linker stubs

.vfp11_veneer   0x10008488        0x0
 .vfp11_veneer  0x10008488        0x0 linker stubs

.v4_bx          0x10008488        0x0
 .v4_bx         0x10008488        0x0 linker stubs

.iplt           0x10008488        0x0
 .iplt          0x10008488        0x0 /usr/lib/gcc/arm-none-eabi/13.2.1/thumb/v6-m/nofp/crtbegin.o

.rodata         0x10008488      0xff8
 *(EXCLUDE_FILE(*libm.a: *libc.a:*lib_a-mem*.o *libgcc.a:) .rodata*)
 .rodata.print_menu.str1.4
                0x10008488      0xb10 CMakeFiles/peripheral_test.dir/src/main.c.o
                                0x101 (size before relaxing)
 .rodata.main.str1.4
                0x10008f98      0x177 CMakeFiles/peripheral_test.dir/src/main.c.o
 .rodata.main   0x10008f98       0x24 CMakeFiles/peripheral_test.dir/src/main.c.o
 .rodata.led_test.str1.4
                0x10008fbc       0x7f CMakeFiles/peripheral_test.dir/src/led.c.o
 .rodata.spi_bus_init.str1.4
                0x10008fbc       0x17 CMakeFiles/peripheral_test.dir/src/spi.c.o
 .rodata.imu_init.str1.4
                0x10008fbc       0x32 CMakeFiles/peripheral_test.dir/src/imu.c.o
 .rodata.imu_test.str1.4
                0x10008fbc       0xcf CMakeFiles/peripheral_test.dir/src/imu.c.o
 .rodata.baro_init.str1.4
                0x10008fbc       0x30 CMakeFiles/peripheral_test.dir/src/baro.c.o
 .rodata.baro_test.str1.4
                0x10008fbc       0xc5 CMakeFiles/peripheral_test.dir/src/baro.c.o
 .rodata.pwm_outputs_init.str1.4
                0x10008fbc       0x29 CMakeFiles/peripheral_test.dir/src/pwm.c.o
 .rodata.pwm_test.str1.4
                0x10008fbc       0xff CMakeFiles/peripheral_test.dir/src/pwm.c.o
 .rodata.adc_inputs_init.str1.4
                0x10008fbc       0x18 CMakeFiles/peripheral_test.dir/src/adc.c.o
 .rodata.adc_test.str1.4
                0x10008fbc       0x8b CMakeFiles/peripheral_test.dir/src/adc.c.o
 .rodata.uart_ports_init.str1.4
                0x10008fbc       0x2e CMakeFiles/peripheral_test.dir/src/uart.c.o
 .rodata.uart_test.str1.4
                0x10008fbc      0x128 CMakeFiles/peripheral_test.dir/src/uart.c.o
 .rodata.sd_card_test.str1.4
                0x10008fbc      0x177 CMakeFiles/peripheral_test.dir/src/sd_card.c.o
 .rodata.panic.str1.4
                0x10008fbc       0x12 CMakeFiles/peripheral_test.dir/_deps/pico_sdk-src/src/rp2_common/pico_platform_panic/panic.c.o
 .rodata.spin_lock_claim_unused.str1.4
                0x10008fbc       0x1b CMakeFiles/peripheral_test.dir/_deps/pico_sdk-src/src/rp2_common/hardware_sync/sync.c.o
 .rodata.user_irq_claim_unused.str1.4
                0x10008fbc       0x1b CMakeFiles/peripheral_test.dir/_deps/pico_sdk-src/src/rp2_common/hardware_irq/irq.c.o
 .rodata.timer_hardware_alarm_claim.str1.4
                0x10008fbc       0x22 CMakeFiles/peripheral_test.dir/_deps/pico_sdk-src/src/rp2_common/hardware_timer/timer.c.o
 .rodata.hard_assertion_failure.str1.4
                0x10008fbc        0xc CMakeFiles/peripheral_test.dir/_deps/pico_sdk-src/src/rp2_common/pico_runtime/runtime.c.o
 .rodata.str1.4
                0x10008fbc       0x44 CMakeFiles/peripheral_test.dir/_deps/pico_sdk-src/src/rp2_common/pico_standard_binary_info/standard_binary_info.c.o
 .rodata.__bi_84
                0x10008fbc        0xc CMakeFiles/peripheral_test.dir/_deps/pico_sdk-src/src/rp2_common/pico_standard_binary_info/standard_binary_info.c.o
 .rodata.__bi_78
                0x10008fc8        0xc CMakeFiles/peripheral_test.dir/_deps/pico_sdk-src/src/rp2_common/pico_standard_binary_info/standard_binary_info.c.o
 .rodata.__bi_54
                0x10008fd4        0xc CMakeFiles/peripheral_test.dir/_deps/pico_sdk-src/src/rp2_common/pico_standard_binary_info/standard_binary_info.c.o
 .rodata.__bi_48
                0x10008fe0        0xc CMakeFiles/peripheral_test.dir/_deps/pico_sdk-src/src/rp2_common/pico_standard_binary_info/standard_binary_info.c.o
 .rodata.__bi_42
                0x10008fec        0xc CMakeFiles/peripheral_test.dir/_deps/pico_sdk-src/src/rp2_common/pico_standard_binary_info/standard_binary_info.c.o
 .rodata.__bi_34
                0x10008ff8        0xc CMakeFiles/peripheral_test.dir/_deps/pico_sdk-src/src/rp2_common/pico_standard_binary_info/standard_binary_info.c.o
 .rodata.__bi_26
                0x10009004        0xc CMakeFiles/peripheral_test.dir/_deps/pico_sdk-src/src/rp2_common/pico_standard_binary_info/standard_binary_info.c.o
 .rodata._ftoa.str1.4
                0x10009010       0x15 CMakeFiles/peripheral_test.dir/_deps/pico_sdk-src/src/rp2_common/pico_printf/printf.c.o
 .rodata._vsnprintf
                0x10009010      0x19c CMakeFiles/peripheral_test.dir/_deps/pico_sdk-src/src/rp2_common/pico_printf/printf.c.o
 *fill*         0x100091ac        0x4 
 .rodata.pow10.0
                0x100091b0       0x50 CMakeFiles/peripheral_test.dir/_deps/pico_sdk-src/src/rp2_common/pico_printf/printf.c.o
 .rodata.crlf_str.0
                0x10009200        0x2 CMakeFiles/peripheral_test.dir/_deps/pico_sdk-src/src/rp2_common/pico_stdio/stdio.c.o
 .rodata.str1.4
                0x10009202       0x2c CMakeFiles/peripheral_test.dir/_deps/pico_sdk-src/src/rp2_common/pico_stdio_uart/stdio_uart.c.o
 *fill*         0x10009202        0x2 
 .rodata.__bi_45.4
                0x10009204        0xc CMakeFiles/peripheral_test.dir/_deps/pico_sdk-src/src/rp2_common/pico_stdio_uart/stdio_uart.c.o
 .rodata.__bi_49.5
                0x10009210        0x8 CMakeFiles/peripheral_test.dir/_deps/pico_sdk-src/src/rp2_common/pico_stdio_uart/stdio_uart.c.o
 .rodata.__bi_50.6
                0x10009218        0x8 CMakeFiles/peripheral_test.dir/_deps/pico_sdk-src/src/rp2_common/pico_stdio_uart/stdio_uart.c.o
 .rodata._resetd_driver
                0x10009220       0x20 CMakeFiles/peripheral_test.dir/_deps/pico_sdk-src/src/rp2_common/pico_stdio_usb/reset_interface.c.o
 .rodata.desc_ms_os_20
                0x10009240       0xa6 CMakeFiles/peripheral_test.dir/_deps/pico_sdk-src/src/rp2_common/pico_stdio_usb/reset_interface.c.o
 *fill*         0x100092e6        0x2 
 .rodata.desc_bos
                0x100092e8       0x21 CMakeFiles/peripheral_test.dir/_deps/pico_sdk-src/src/rp2_common/pico_stdio_usb/reset_interface.c.o
                0x100092e8                desc_bos
 .rodata.str1.4
                0x10009309       0x13 CMakeFiles/peripheral_test.dir/_deps/pico_sdk-src/src/rp2_common/pico_stdio_usb/stdio_usb.c.o
 *fill*         0x10009309        0x3 
 .rodata.__bi_202.0
                0x1000930c        0xc CMakeFiles/peripheral_test.dir/_deps/pico_sdk-src/src/rp2_common/pico_stdio_usb/stdio_usb.c.o
 .rodata.str1.4
                0x10009318       0x2a CMakeFiles/peripheral_test.dir/_deps/pico_sdk-src/src/rp2_common/pico_stdio_usb/stdio_usb_descriptors.c.o
 .rodata.usbd_desc_str
                0x10009318       0x18 CMakeFiles/peripheral_test.dir/_deps/pico_sdk-src/src/rp2_common/pico_stdio_usb/stdio_usb_descriptors.c.o
 .rodata.usbd_desc_cfg
                0x10009330       0x54 CMakeFiles/peripheral_test.dir/_deps/pico_sdk-src/src/rp2_common/pico_stdio_usb/stdio_usb_descriptors.c.o
 .rodata.usbd_desc_device
                0x10009384       0x12 CMakeFiles/peripheral_test.dir/_deps/pico_sdk-src/src/rp2_common/pico_stdio_usb/stdio_usb_descriptors.c.o
 .rodata.str1.4
                0x10009396       0x14 CMakeFiles/peripheral_test.dir/_deps/pico_sdk-src/lib/tinyusb/src/portable/raspberrypi/rp2040/dcd_rp2040.c.o
 .rodata.str1.4
                0x10009396       0x48 CMakeFiles/peripheral_test.dir/_deps/pico_sdk-src/lib/tinyusb/src/portable/raspberrypi/rp2040/rp2040_usb.c.o
 *fill*         0x10009396        0x2 
 .rodata.tud_task_ext
                0x10009398       0x8c CMakeFiles/peripheral_test.dir/_deps/pico_sdk-src/lib/tinyusb/src/device/usbd.c.o
 .rodata        0x10009424       0x1c CMakeFiles/peripheral_test.dir/_deps/pico_sdk-src/lib/tinyusb/src/device/usbd.c.o
 .rodata._usbd_driver
                0x10009440       0x40 CMakeFiles/peripheral_test.dir/_deps/pico_sdk-src/lib/tinyusb/src/device/usbd.c.o
                0x10009480                        . = ALIGN (0x4)
 *(SORT_BY_ALIGNMENT(SORT_BY_NAME(.flashdata*)))
                0x10009480                        . = ALIGN (0x4)

.ARM.extab
 *(.ARM.extab* .gnu.linkonce.armextab.*)
                0x10009480                        __exidx_start = .

.ARM.exidx
 *(.ARM.exidx* .gnu.linkonce.armexidx.*)
                0x10009480                        __exidx_end = .
                0x10009480                        . = ALIGN (0x4)
                0x10009480                        __binary_info_start = .

.binary_info    0x10009480       0x2c
 *(.binary_info.keep.*)
 .binary_info.keep.__bi_ptr84
                0x10009480        0x4 CMakeFiles/peripheral_test.dir/_deps/pico_sdk-src/src/rp2_common/pico_standard_binary_info/standard_binary_info.c.o
 .binary_info.keep.__bi_ptr78
                0x10009484        0x4 CMakeFiles/peripheral_test.dir/_deps/pico_sdk-src/src/rp2_common/pico_standard_binary_info/standard_binary_info.c.o
 .binary_info.keep.__bi_ptr54
                0x10009488        0x4 CMakeFiles/peripheral_test.dir/_deps/pico_sdk-src/src/rp2_common/pico_standard_binary_info/standard_binary_info.c.o
 .binary_info.keep.__bi_ptr48
                0x1000948c        0x4 CMakeFiles/peripheral_test.dir/_deps/pico_sdk-src/src/rp2_common/pico_standard_binary_info/standard_binary_info.c.o
 .binary_info.keep.__bi_ptr42
                0x10009490        0x4 CMakeFiles/peripheral_test.dir/_deps/pico_sdk-src/src/rp2_common/pico_standard_binary_info/standard_binary_info.c.o
 .binary_info.keep.__bi_ptr34
                0x10009494        0x4 CMakeFiles/peripheral_test.dir/_deps/pico_sdk-src/src/rp2_common/pico_standard_binary_info/standard_binary_info.c.o
 .binary_info.keep.__bi_ptr26
                0x10009498        0x4 CMakeFiles/peripheral_test.dir/_deps/pico_sdk-src/src/rp2_common/pico_standard_binary_info/standard_binary_info.c.o
 *(.binary_info.*)
 .binary_info.__bi_ptr50
                0x1000949c        0x4 CMakeFiles/peripheral_test.dir/_deps/pico_sdk-src/src/rp2_common/pico_stdio_uart/stdio_uart.c.o
 .binary_info.__bi_ptr49
                0x100094a0        0x4 CMakeFiles/peripheral_test.dir/_deps/pico_sdk-src/src/rp2_common/pico_stdio_uart/stdio_uart.c.o
 .binary_info.__bi_ptr45
                0x100094a4        0x4 CMakeFiles/peripheral_test.dir/_deps/pico_sdk-src/src/rp2_common/pico_stdio_uart/stdio_uart.c.o
 .binary_info.__bi_ptr202
                0x100094a8        0x4 CMakeFiles/peripheral_test.dir/_deps/pico_sdk-src/src/rp2_common/pico_stdio_usb/stdio_usb.c.o
                0x100094ac                        __binary_info_end = .
                0x100094ac                        . = ALIGN (0x4)

.ram_vector_table
                0x20000000       0xc0
 *(.ram_vector_table)
 .ram_vector_table
                0x20000000       0xc0 CMakeFiles/peripheral_test.dir/_deps/pico_sdk-src/src/rp2_common/pico_runtime_init/runtime_init.c.o
                0x20000000                ram_vector_table

.uninitialized_data
                0x200000c0        0x0
                0x200000c0                        . = ALIGN (0x4)
 *(.uninitialized_data*)

.data           0x200000c0     0x10f8 load address 0x100094ac
                0x200000c0                        __data_start__ = .
 *(vtable)
 *(.time_critical*)
 .time_critical.mutex_try_enter
                0x200000c0       0x40 CMakeFiles/peripheral_test.dir/_deps/pico_sdk-src/src/common/pico_sync/mutex.c.o
                0x200000c0                mutex_try_enter
 .time_critical.mutex_try_enter_block_until
                0x20000100       0x9c CMakeFiles/peripheral_test.dir/_deps/pico_sdk-src/src/common/pico_sync/mutex.c.o
                0x20000100                mutex_try_enter_block_until
 .time_critical.mutex_enter_timeout_ms
                0x2000019c       0x90 CMakeFiles/peripheral_test.dir/_deps/pico_sdk-src/src/common/pico_sync/mutex.c.o
                0x2000019c                mutex_enter_timeout_ms
 .time_critical.mutex_exit
                0x2000022c       0x28 CMakeFiles/peripheral_test.dir/_deps/pico_sdk-src/src/common/pico_sync/mutex.c.o
                0x2000022c                mutex_exit
 .time_critical.flash_init_boot2_copyout
                0x20000254       0x30 CMakeFiles/peripheral_test.dir/_deps/pico_sdk-src/src/rp2_common/hardware_flash/flash.c.o
 .time_critical.flash_enable_xip_via_boot2
                0x20000284        0xc CMakeFiles/peripheral_test.dir/_deps/pico_sdk-src/src/rp2_common/hardware_flash/flash.c.o
 .time_critical.flash_save_hardware_state
                0x20000290       0x20 CMakeFiles/peripheral_test.dir/_deps/pico_sdk-src/src/rp2_common/hardware_flash/flash.c.o
 .time_critical.flash_restore_hardware_state
                0x200002b0       0x20 CMakeFiles/peripheral_test.dir/_deps/pico_sdk-src/src/rp2_common/hardware_flash/flash.c.o
 .time_critical.flash_cs_force
                0x200002d0       0x38 CMakeFiles/peripheral_test.dir/_deps/pico_sdk-src/src/rp2_common/hardware_flash/flash.c.o
 .time_critical.flash_do_cmd
                0x20000308       0xd0 CMakeFiles/peripheral_test.dir/_deps/pico_sdk-src/src/rp2_common/hardware_flash/flash.c.o
                0x20000308                flash_do_cmd
 .time_critical.reset_non_control_endpoints
                0x200003d8       0x68 CMakeFiles/peripheral_test.dir/_deps/pico_sdk-src/lib/tinyusb/src/portable/raspberrypi/rp2040/dcd_rp2040.c.o
 .time_critical.hw_handle_buff_status
                0x20000440       0xa0 CMakeFiles/peripheral_test.dir/_deps/pico_sdk-src/lib/tinyusb/src/portable/raspberrypi/rp2040/dcd_rp2040.c.o
 .time_critical.dcd_rp2040_irq
                0x200004e0      0x544 CMakeFiles/peripheral_test.dir/_deps/pico_sdk-src/lib/tinyusb/src/portable/raspberrypi/rp2040/dcd_rp2040.c.o
 .time_critical.prepare_ep_buffer
                0x20000a24       0xe0 CMakeFiles/peripheral_test.dir/_deps/pico_sdk-src/lib/tinyusb/src/portable/raspberrypi/rp2040/rp2040_usb.c.o
 .time_critical.sync_ep_buffer
                0x20000b04       0xa8 CMakeFiles/peripheral_test.dir/_deps/pico_sdk-src/lib/tinyusb/src/portable/raspberrypi/rp2040/rp2040_usb.c.o
 .time_critical._hw_endpoint_xfer_sync
                0x20000bac       0x28 CMakeFiles/peripheral_test.dir/_deps/pico_sdk-src/lib/tinyusb/src/portable/raspberrypi/rp2040/rp2040_usb.c.o
 .time_critical.e15_is_bulkin_ep
                0x20000bd4       0x28 CMakeFiles/peripheral_test.dir/_deps/pico_sdk-src/lib/tinyusb/src/portable/raspberrypi/rp2040/rp2040_usb.c.o
 .time_critical.e15_is_critical_frame_period
                0x20000bfc       0x34 CMakeFiles/peripheral_test.dir/_deps/pico_sdk-src/lib/tinyusb/src/portable/raspberrypi/rp2040/rp2040_usb.c.o
 .time_critical.hw_endpoint_reset_transfer
                0x20000c30        0xc CMakeFiles/peripheral_test.dir/_deps/pico_sdk-src/lib/tinyusb/src/portable/raspberrypi/rp2040/rp2040_usb.c.o
                0x20000c30                hw_endpoint_reset_transfer
 .time_critical._hw_endpoint_buffer_control_update32
                0x20000c3c       0x50 CMakeFiles/peripheral_test.dir/_deps/pico_sdk-src/lib/tinyusb/src/portable/raspberrypi/rp2040/rp2040_usb.c.o
                0x20000c3c                _hw_endpoint_buffer_control_update32
 .time_critical.hw_endpoint_start_next_buffer
                0x20000c8c       0x6c CMakeFiles/peripheral_test.dir/_deps/pico_sdk-src/lib/tinyusb/src/portable/raspberrypi/rp2040/rp2040_usb.c.o
                0x20000c8c                hw_endpoint_start_next_buffer
 .time_critical.hw_endpoint_xfer_continue
                0x20000cf8       0x40 CMakeFiles/peripheral_test.dir/_deps/pico_sdk-src/lib/tinyusb/src/portable/raspberrypi/rp2040/rp2040_usb.c.o
                0x20000cf8                hw_endpoint_xfer_continue
 .time_critical.tinyusb
                0x20000d38      0x1e4 CMakeFiles/peripheral_test.dir/_deps/pico_sdk-src/lib/tinyusb/src/device/usbd.c.o
                0x20000d38                dcd_event_handler
 .time_critical.spi_write_read_blocking
                0x20000f1c       0x74 CMakeFiles/peripheral_test.dir/_deps/pico_sdk-src/src/rp2_common/hardware_spi/spi.c.o
                0x20000f1c                spi_write_read_blocking
 .time_critical.spi_write_blocking
                0x20000f90       0x4c CMakeFiles/peripheral_test.dir/_deps/pico_sdk-src/src/rp2_common/hardware_spi/spi.c.o
                0x20000f90                spi_write_blocking
 .time_critical.spi_read_blocking
                0x20000fdc       0x70 CMakeFiles/peripheral_test.dir/_deps/pico_sdk-src/src/rp2_common/hardware_spi/spi.c.o
                0x20000fdc                spi_read_blocking
 *(.text*)
 .text          0x2000104c        0x4 /usr/lib/gcc/arm-none-eabi/13.2.1/thumb/v6-m/nofp/libgcc.a(_dvmd_tls.o)
                0x2000104c                __aeabi_ldiv0
                0x2000104c                __aeabi_idiv0
 .text.__stub   0x20001050       0x80 linker stubs
                0x200010d0                        . = ALIGN (0x4)
 *(.rodata*)
                0x200010d0                        . = ALIGN (0x4)
 *(.data*)
 .data.striped_spin_lock_num
                0x200010d0        0x1 CMakeFiles/peripheral_test.dir/_deps/pico_sdk-src/src/rp2_common/hardware_sync/sync.c.o
 *fill*         0x200010d1        0x3 
 .data          0x200010d4       0x48 CMakeFiles/peripheral_test.dir/_deps/pico_sdk-src/src/rp2_common/hardware_irq/irq_handler_chain.S.o
                0x200010d4                irq_handler_chain_slots
                0x20001104                irq_handler_chain_first_slot
                0x2000110e                irq_handler_chain_remove_tail
 .data.default_alarm_pool
                0x2000111c       0x18 CMakeFiles/peripheral_test.dir/_deps/pico_sdk-src/src/common/pico_time/time.c.o
 *fill*         0x20001134        0xc 
 .data.aeabi_bits_funcs
                0x20001140       0x10 CMakeFiles/peripheral_test.dir/_deps/pico_sdk-src/src/rp2_common/pico_bit_ops/bit_ops_aeabi.S.o
                0x20001140                aeabi_bits_funcs
                0x20001150                aeabi_bits_funcs_end
 .data.aeabi_mem_funcs
                0x20001150       0x10 CMakeFiles/peripheral_test.dir/_deps/pico_sdk-src/src/rp2_common/pico_mem_ops/mem_ops_aeabi.S.o
                0x20001150                aeabi_mem_funcs
                0x20001160                aeabi_mem_funcs_end
 .data.stdio_uart
                0x20001160       0x18 CMakeFiles/peripheral_test.dir/_deps/pico_sdk-src/src/rp2_common/pico_stdio_uart/stdio_uart.c.o
                0x20001160                stdio_uart
 .data.stdio_usb
                0x20001178       0x18 CMakeFiles/peripheral_test.dir/_deps/pico_sdk-src/src/rp2_common/pico_stdio_usb/stdio_usb.c.o
                0x20001178                stdio_usb
 .data._usbd_qdef
                0x20001190       0x1c CMakeFiles/peripheral_test.dir/_deps/pico_sdk-src/lib/tinyusb/src/device/usbd.c.o
                0x20001190                _usbd_qdef
 .data._usbd_rhport
                0x200011ac        0x1 CMakeFiles/peripheral_test.dir/_deps/pico_sdk-src/lib/tinyusb/src/device/usbd.c.o
                0x200011b0                        . = ALIGN (0x4)
 *fill*         0x200011ad        0x3 
 *(.after_data.*)
                0x200011b0                        . = ALIGN (0x4)
                0x200011b0                        PROVIDE (__mutex_array_start = .)
 *(SORT_BY_NAME(.mutex_array.*))
 *(.mutex_array)
 .mutex_array   0x200011b0        0x8 CMakeFiles/peripheral_test.dir/_deps/pico_sdk-src/src/rp2_common/pico_stdio/stdio.c.o
                0x200011b8                        PROVIDE (__mutex_array_end = .)
                0x200011b8                        . = ALIGN (0x4)
 *(.jcr)
                0x200011b8                        . = ALIGN (0x4)

.tm_clone_table
                0x200011b8        0x0 load address 0x1000a5a4
 .tm_clone_table
                0x200011b8        0x0 /usr/lib/gcc/arm-none-eabi/13.2.1/thumb/v6-m/nofp/crtbegin.o
 .tm_clone_table
                0x200011b8        0x0 /usr/lib/gcc/arm-none-eabi/13.2.1/thumb/v6-m/nofp/crtend.o

.igot.plt       0x200011b8        0x0 load address 0x1000a5a4
 .igot.plt      0x200011b8        0x0 /usr/lib/gcc/arm-none-eabi/13.2.1/thumb/v6-m/nofp/crtbegin.o

.tdata          0x200011b8        0x0 load address 0x1000a5a4
                0x200011b8                        . = ALIGN (0x4)
 *(.tdata .tdata.* .gnu.linkonce.td.*)
                0x200011b8                        __tdata_end = .
                0x200011b8                        PROVIDE (__data_end__ = .)
                0x100094ac                        __etext = LOADADDR (.data)

.tbss           0x200011b8        0x0 load address 0x1000a5a4
                0x200011b8                        . = ALIGN (0x4)
                0x200011b8                        __bss_start__ = .
                0x200011b8                        __tls_base = .
 *(.tbss .tbss.* .gnu.linkonce.tb.*)
 *(.tcommon)
                0x200011b8                        __tls_end = .

.bss            0x200011b8     0x10ac load address 0x1000a5a4
                0x200011b8                        . = ALIGN (0x4)
                0x200011b8                        __tbss_end = .
 *(SORT_BY_ALIGNMENT(SORT_BY_NAME(.bss*)))
 .bss.default_alarm_pool_entries
                0x200011b8      0x180 CMakeFiles/peripheral_test.dir/_deps/pico_sdk-src/src/common/pico_time/time.c.o
 .bss.last_avail_time.1
                0x20001338        0x8 CMakeFiles/peripheral_test.dir/_deps/pico_sdk-src/src/rp2_common/pico_stdio_usb/stdio_usb.c.o
 .bss.sd_table  0x20001340      0x100 CMakeFiles/peripheral_test.dir/_deps/pico_sdk-src/src/rp2_common/pico_double/double_init_rom_rp2040.c.o
                0x20001340                sd_table
 .bss.sf_table  0x20001440      0x100 CMakeFiles/peripheral_test.dir/_deps/pico_sdk-src/src/rp2_common/pico_float/float_init_rom_rp2040.c.o
                0x20001440                sf_table
 .bss           0x20001540       0x1c /usr/lib/gcc/arm-none-eabi/13.2.1/thumb/v6-m/nofp/crtbegin.o
 .bss           0x2000155c      0x190 /usr/lib/gcc/arm-none-eabi/13.2.1/../../../arm-none-eabi/lib/thumb/v6-m/nofp/libg.a(libc_a-__atexit.o)
                0x2000155c                __atexit0
 .bss           0x200016ec        0x4 /usr/lib/gcc/arm-none-eabi/13.2.1/../../../arm-none-eabi/lib/thumb/v6-m/nofp/libg.a(libc_a-__call_atexit.o)
                0x200016ec                __atexit
 .bss._app_driver
                0x200016f0        0x4 CMakeFiles/peripheral_test.dir/_deps/pico_sdk-src/lib/tinyusb/src/device/usbd.c.o
 .bss._cdcd_epbuf
                0x200016f4       0x80 CMakeFiles/peripheral_test.dir/_deps/pico_sdk-src/lib/tinyusb/src/class/cdc/cdc_device.c.o
 .bss._cdcd_fifo_cfg
                0x20001774        0x1 CMakeFiles/peripheral_test.dir/_deps/pico_sdk-src/lib/tinyusb/src/class/cdc/cdc_device.c.o
 *fill*         0x20001775        0x3 
 .bss._cdcd_itf
                0x20001778       0xc8 CMakeFiles/peripheral_test.dir/_deps/pico_sdk-src/lib/tinyusb/src/class/cdc/cdc_device.c.o
 .bss._ctrl_epbuf
                0x20001840       0x40 CMakeFiles/peripheral_test.dir/_deps/pico_sdk-src/lib/tinyusb/src/device/usbd_control.c.o
 .bss._ctrl_xfer
                0x20001880       0x14 CMakeFiles/peripheral_test.dir/_deps/pico_sdk-src/lib/tinyusb/src/device/usbd_control.c.o
 .bss._tusb_rhport_role
                0x20001894        0x2 CMakeFiles/peripheral_test.dir/_deps/pico_sdk-src/lib/tinyusb/src/tusb.c.o
                0x20001894                _tusb_rhport_role
 *fill*         0x20001896        0x2 
 .bss._ubsd_mutexdef
                0x20001898        0x8 CMakeFiles/peripheral_test.dir/_deps/pico_sdk-src/lib/tinyusb/src/device/usbd.c.o
 .bss._usbd_dev
                0x200018a0       0x54 CMakeFiles/peripheral_test.dir/_deps/pico_sdk-src/lib/tinyusb/src/device/usbd.c.o
 .bss._usbd_mutex
                0x200018f4        0x4 CMakeFiles/peripheral_test.dir/_deps/pico_sdk-src/lib/tinyusb/src/device/usbd.c.o
 .bss._usbd_q   0x200018f8        0x4 CMakeFiles/peripheral_test.dir/_deps/pico_sdk-src/lib/tinyusb/src/device/usbd.c.o
 .bss._usbd_qdef_buf
                0x200018fc       0xc0 CMakeFiles/peripheral_test.dir/_deps/pico_sdk-src/lib/tinyusb/src/device/usbd.c.o
                0x200018fc                _usbd_qdef_buf
 .bss._vendord_epbuf
                0x200019bc       0x80 CMakeFiles/peripheral_test.dir/_deps/pico_sdk-src/lib/tinyusb/src/class/vendor/vendor_device.c.o
 .bss._vendord_itf
                0x20001a3c      0x24c CMakeFiles/peripheral_test.dir/_deps/pico_sdk-src/lib/tinyusb/src/class/vendor/vendor_device.c.o
 .bss.boot2_copyout
                0x20001c88      0x100 CMakeFiles/peripheral_test.dir/_deps/pico_sdk-src/src/rp2_common/hardware_flash/flash.c.o
 .bss.c0        0x20001d88        0x4 CMakeFiles/peripheral_test.dir/src/baro.c.o
 .bss.c1        0x20001d8c        0x4 CMakeFiles/peripheral_test.dir/src/baro.c.o
 .bss.chars_available_callback
                0x20001d90        0x4 CMakeFiles/peripheral_test.dir/_deps/pico_sdk-src/src/rp2_common/pico_stdio_uart/stdio_uart.c.o
 .bss.chars_available_callback
                0x20001d94        0x4 CMakeFiles/peripheral_test.dir/_deps/pico_sdk-src/src/rp2_common/pico_stdio_usb/stdio_usb.c.o
 .bss.chars_available_param
                0x20001d98        0x4 CMakeFiles/peripheral_test.dir/_deps/pico_sdk-src/src/rp2_common/pico_stdio_uart/stdio_uart.c.o
 .bss.chars_available_param
                0x20001d9c        0x4 CMakeFiles/peripheral_test.dir/_deps/pico_sdk-src/src/rp2_common/pico_stdio_usb/stdio_usb.c.o
 .bss.claimed   0x20001da0        0x4 CMakeFiles/peripheral_test.dir/_deps/pico_sdk-src/src/rp2_common/hardware_sync/sync.c.o
 .bss.claimed   0x20001da4        0x1 CMakeFiles/peripheral_test.dir/_deps/pico_sdk-src/src/rp2_common/hardware_timer/timer.c.o
 *fill*         0x20001da5        0x3 
 .bss.configured_freq
                0x20001da8       0x28 CMakeFiles/peripheral_test.dir/_deps/pico_sdk-src/src/rp2_common/hardware_clocks/clocks.c.o
 .bss.desc_str.0
                0x20001dd0       0x28 CMakeFiles/peripheral_test.dir/_deps/pico_sdk-src/src/rp2_common/pico_stdio_usb/stdio_usb_descriptors.c.o
 .bss.drivers   0x20001df8        0x4 CMakeFiles/peripheral_test.dir/_deps/pico_sdk-src/src/rp2_common/pico_stdio/stdio.c.o
 .bss.e15_last_sof
                0x20001dfc        0x4 CMakeFiles/peripheral_test.dir/_deps/pico_sdk-src/lib/tinyusb/src/portable/raspberrypi/rp2040/rp2040_usb.c.o
                0x20001dfc                e15_last_sof
 .bss.filter    0x20001e00        0x4 CMakeFiles/peripheral_test.dir/_deps/pico_sdk-src/src/rp2_common/pico_stdio/stdio.c.o
 .bss.hw_endpoints
                0x20001e04      0x400 CMakeFiles/peripheral_test.dir/_deps/pico_sdk-src/lib/tinyusb/src/portable/raspberrypi/rp2040/dcd_rp2040.c.o
 .bss.lazy_vsnprintf
                0x20002204        0x4 CMakeFiles/peripheral_test.dir/_deps/pico_sdk-src/src/rp2_common/pico_printf/printf.c.o
 .bss.load_value
                0x20002208        0x4 CMakeFiles/peripheral_test.dir/_deps/pico_sdk-src/src/rp2_common/hardware_watchdog/watchdog.c.o
 .bss.next_buffer_ptr
                0x2000220c        0x4 CMakeFiles/peripheral_test.dir/_deps/pico_sdk-src/lib/tinyusb/src/portable/raspberrypi/rp2040/dcd_rp2040.c.o
 .bss.one_shot_timer_crit_sec
                0x20002210        0x8 CMakeFiles/peripheral_test.dir/_deps/pico_sdk-src/src/rp2_common/pico_stdio_usb/stdio_usb.c.o
 .bss.pools     0x20002218       0x10 CMakeFiles/peripheral_test.dir/_deps/pico_sdk-src/src/common/pico_time/time.c.o
 .bss.retrieved_id
                0x20002228        0x8 CMakeFiles/peripheral_test.dir/_deps/pico_sdk-src/src/rp2_common/pico_unique_id/unique_id.c.o
 .bss.sf_clz_func
                0x20002230        0x4 CMakeFiles/peripheral_test.dir/_deps/pico_sdk-src/src/rp2_common/pico_double/double_init_rom_rp2040.c.o
                0x20002230                sf_clz_func
 .bss.sleep_notifier
                0x20002234        0x4 CMakeFiles/peripheral_test.dir/_deps/pico_sdk-src/src/common/pico_time/time.c.o
 .bss.stdio_usb_mutex
                0x20002238        0x8 CMakeFiles/peripheral_test.dir/_deps/pico_sdk-src/src/rp2_common/pico_stdio_usb/stdio_usb.c.o
 .bss.uart_char_to_line_feed
                0x20002240        0x4 CMakeFiles/peripheral_test.dir/_deps/pico_sdk-src/src/rp2_common/hardware_uart/uart.c.o
                0x20002240                uart_char_to_line_feed
 .bss.uart_instance
                0x20002244        0x4 CMakeFiles/peripheral_test.dir/_deps/pico_sdk-src/src/rp2_common/pico_stdio_uart/stdio_uart.c.o
 .bss.usbd_serial_str
                0x20002248       0x11 CMakeFiles/peripheral_test.dir/_deps/pico_sdk-src/src/rp2_common/pico_stdio_usb/stdio_usb_descriptors.c.o
 .bss._app_driver_count
                0x20002259        0x1 CMakeFiles/peripheral_test.dir/_deps/pico_sdk-src/lib/tinyusb/src/device/usbd.c.o
 .bss._sof_enable
                0x2000225a        0x1 CMakeFiles/peripheral_test.dir/_deps/pico_sdk-src/lib/tinyusb/src/portable/raspberrypi/rp2040/dcd_rp2040.c.o
 .bss._usbd_queued_setup
                0x2000225b        0x1 CMakeFiles/peripheral_test.dir/_deps/pico_sdk-src/lib/tinyusb/src/device/usbd.c.o
 .bss.boot2_copyout_valid
                0x2000225c        0x1 CMakeFiles/peripheral_test.dir/_deps/pico_sdk-src/src/rp2_common/hardware_flash/flash.c.o
 .bss.irq_handler_chain_free_slot_head
                0x2000225d        0x1 CMakeFiles/peripheral_test.dir/_deps/pico_sdk-src/src/rp2_common/hardware_irq/irq.c.o
 .bss.itf_num   0x2000225e        0x1 CMakeFiles/peripheral_test.dir/_deps/pico_sdk-src/src/rp2_common/pico_stdio_usb/reset_interface.c.o
 .bss.low_priority_irq_num
                0x2000225f        0x1 CMakeFiles/peripheral_test.dir/_deps/pico_sdk-src/src/rp2_common/pico_stdio_usb/stdio_usb.c.o
 .bss.one_shot_timer_pending
                0x20002260        0x1 CMakeFiles/peripheral_test.dir/_deps/pico_sdk-src/src/rp2_common/pico_stdio_usb/stdio_usb.c.o
 .bss.user_irq_claimed
                0x20002261        0x1 CMakeFiles/peripheral_test.dir/_deps/pico_sdk-src/src/rp2_common/hardware_irq/irq.c.o
 *(COMMON)
                0x20002264                        . = ALIGN (0x4)
 *fill*         0x20002262        0x2 
                0x20002264                        __bss_end__ = .

.heap           0x20002264      0x800 load address 0x1000a5a4
                0x20002264                        __end__ = .
                0x20002264                        end = __end__
 *(.heap*)
 .heap          0x20002264      0x800 CMakeFiles/peripheral_test.dir/_deps/pico_sdk-src/src/rp2_common/pico_crt0/crt0.S.o