Archive member included to satisfy reference by file (symbol)

/usr/lib/gcc/arm-none-eabi/13.2.1/../../../arm-none-eabi/lib/thumb/v8-m.main+fp/softfp/libm.a(libm_a-wf_sqrt.o)
                              CMakeFiles/debugprobe.dir/_deps/pico_sdk-src/src/rp2_common/pico_float/float_math.c.o (sqrtf)
/usr/lib/gcc/arm-none-eabi/13.2.1/../../../arm-none-eabi/lib/thumb/v8-m.main+fp/softfp/libm.a(libm_a-ef_sqrt.o)
                              /usr/lib/gcc/arm-none-eabi/13.2.1/../../../arm-none-eabi/lib/thumb/v8-m.main+fp/softfp/libm.a(libm_a-wf_sqrt.o) (__ieee754_sqrtf)
/usr/lib/gcc/arm-none-eabi/13.2.1/thumb/v8-m.main+fp/softfp/libgcc.a(_arm_addsubdf3.o)
                              CMakeFiles/debugprobe.dir/_deps/pico_sdk-src/src/rp2_common/pico_float/float_math.c.o (__aeabi_f2d)
/usr/lib/gcc/arm-none-eabi/13.2.1/thumb/v8-m.main+fp/softfp/libgcc.a(_aeabi_ldivmod.o)
                              CMakeFiles/debugprobe.dir/_deps/pico_sdk-src/src/common/pico_time/time.c.o (__aeabi_ldivmod)
/usr/lib/gcc/arm-none-eabi/13.2.1/thumb/v8-m.main+fp/softfp/libgcc.a(_aeabi_uldivmod.o)
                              CMakeFiles/debugprobe.dir/_deps/pico_sdk-src/src/rp2_common/hardware_clocks/clocks.c.o (__aeabi_uldivmod)
/usr/lib/gcc/arm-none-eabi/13.2.1/thumb/v8-m.main+fp/softfp/libgcc.a(_popcountsi2.o)
                              CMakeFiles/debugprobe.dir/src/sw_dp_pio.c.o (__popcountsi2)
/usr/lib/gcc/arm-none-eabi/13.2.1/thumb/v8-m.main+fp/softfp/libgcc.a(_paritysi2.o)
                              CMakeFiles/debugprobe.dir/src/sw_dp_pio.c.o (__paritysi2)
/usr/lib/gcc/arm-none-eabi/13.2.1/thumb/v8-m.main+fp/softfp/libgcc.a(_udivmoddi4.o)
                              /usr/lib/gcc/arm-none-eabi/13.2.1/thumb/v8-m.main+fp/softfp/libgcc.a(_aeabi_ldivmod.o) (__udivmoddi4)
/usr/lib/gcc/arm-none-eabi/13.2.1/thumb/v8-m.main+fp/softfp/libgcc.a(_dvmd_tls.o)
                              /usr/lib/gcc/arm-none-eabi/13.2.1/thumb/v8-m.main+fp/softfp/libgcc.a(_aeabi_ldivmod.o) (__aeabi_ldiv0)
/usr/lib/gcc/arm-none-eabi/13.2.1/../../../arm-none-eabi/lib/thumb/v8-m.main+fp/softfp/libg.a(libc_a-memset.o)
                              /usr/lib/gcc/arm-none-eabi/13.2.1/../../../arm-none-eabi/lib/thumb/v8-m.main+fp/softfp/crt0.o (memset)
/usr/lib/gcc/arm-none-eabi/13.2.1/../../../arm-none-eabi/lib/thumb/v8-m.main+fp/softfp/libg.a(libc_a-calloc.o)
                              CMakeFiles/debugprobe.dir/_deps/pico_sdk-src/src/rp2_common/pico_malloc/malloc.c.o (calloc)
/usr/lib/gcc/arm-none-eabi/13.2.1/../../../arm-none-eabi/lib/thumb/v8-m.main+fp/softfp/libg.a(libc_a-errno.o)
                              /usr/lib/gcc/arm-none-eabi/13.2.1/../../../arm-none-eabi/lib/thumb/v8-m.main+fp/softfp/libm.a(libm_a-wf_sqrt.o) (__errno)
/usr/lib/gcc/arm-none-eabi/13.2.1/../../../arm-none-eabi/lib/thumb/v8-m.main+fp/softfp/libg.a(libc_a-impure.o)
                              /usr/lib/gcc/arm-none-eabi/13.2.1/../../../arm-none-eabi/lib/thumb/v8-m.main+fp/softfp/libg.a(libc_a-calloc.o) (_impure_ptr)
/usr/lib/gcc/arm-none-eabi/13.2.1/../../../arm-none-eabi/lib/thumb/v8-m.main+fp/softfp/libg.a(libc_a-callocr.o)
                              /usr/lib/gcc/arm-none-eabi/13.2.1/../../../arm-none-eabi/lib/thumb/v8-m.main+fp/softfp/libg.a(libc_a-calloc.o) (_calloc_r)
/usr/lib/gcc/arm-none-eabi/13.2.1/../../../arm-none-eabi/lib/thumb/v8-m.main+fp/softfp/libg.a(libc_a-realloc.o)
                              CMakeFiles/debugprobe.dir/_deps/pico_sdk-src/src/rp2_common/pico_malloc/malloc.c.o (realloc)
/usr/lib/gcc/arm-none-eabi/13.2.1/../../../arm-none-eabi/lib/thumb/v8-m.main+fp/softfp/libg.a(libc_a-mallocr.o)
                              /usr/lib/gcc/arm-none-eabi/13.2.1/../../../arm-none-eabi/lib/thumb/v8-m.main+fp/softfp/libg.a(libc_a-callocr.o) (_malloc_r)
/usr/lib/gcc/arm-none-eabi/13.2.1/../../../arm-none-eabi/lib/thumb/v8-m.main+fp/softfp/libg.a(libc_a-freer.o)
                              /usr/lib/gcc/arm-none-eabi/13.2.1/../../../arm-none-eabi/lib/thumb/v8-m.main+fp/softfp/libg.a(libc_a-mallocr.o) (_free_r)
/usr/lib/gcc/arm-none-eabi/13.2.1/../../../arm-none-eabi/lib/thumb/v8-m.main+fp/softfp/libg.a(libc_a-memcmp.o)
                              CMakeFiles/debugprobe.dir/_deps/pico_sdk-src/src/rp2_common/pico_atomic/atomic.c.o (memcmp)
/usr/lib/gcc/arm-none-eabi/13.2.1/../../../arm-none-eabi/lib/thumb/v8-m.main+fp/softfp/libg.a(libc_a-malloc.o)
                              CMakeFiles/debugprobe.dir/_deps/pico_sdk-src/src/rp2_common/pico_malloc/malloc.c.o (malloc)
/usr/lib/gcc/arm-none-eabi/13.2.1/../../../arm-none-eabi/lib/thumb/v8-m.main+fp/softfp/libg.a(libc_a-memcpy.o)
                              CMakeFiles/debugprobe.dir/src/tusb_edpt_handler.c.o (memcpy)
/usr/lib/gcc/arm-none-eabi/13.2.1/../../../arm-none-eabi/lib/thumb/v8-m.main+fp/softfp/libg.a(libc_a-sysconf.o)
                              /usr/lib/gcc/arm-none-eabi/13.2.1/../../../arm-none-eabi/lib/thumb/v8-m.main+fp/softfp/libg.a(libc_a-mallocr.o) (sysconf)
[...]
Memory Configuration

Name             Origin             Length             Attributes
FLASH            0x10000000         0x00400000         xr
RAM              0x20000000         0x00080000         xrw
SCRATCH_X        0x20080000         0x00001000         xrw
SCRATCH_Y        0x20081000         0x00001000         xrw
*default*        0x00000000         0xffffffff

Linker script and memory map

LOAD /usr/lib/gcc/arm-none-eabi/13.2.1/thumb/v8-m.main+fp/softfp/crti.o
LOAD /usr/lib/gcc/arm-none-eabi/13.2.1/thumb/v8-m.main+fp/softfp/crtbegin.o
LOAD /usr/lib/gcc/arm-none-eabi/13.2.1/../../../arm-none-eabi/lib/thumb/v8-m.main+fp/softfp/crt0.o

.flash_begin    0x10000000        0x0
                0x10000000                        __flash_binary_start = .

.flashtext      0x10000000      0x1f0
                0x10000000                        __logical_binary_start = .
 *(.vectors)
 .vectors       0x10000000      0x124 CMakeFiles/debugprobe.dir/_deps/pico_sdk-src/src/rp2_common/pico_crt0/crt0.S.o
                0x10000000                __vectors
                0x10000000                __VECTOR_TABLE
                0x10000110                isr_securefault
                0x10000110                isr_irq30
                0x10000110                __unhandled_user_irq
                0x10000110                isr_irq49
                0x10000110                isr_irq13
                0x10000110                isr_irq43
                0x10000110                isr_irq45
                0x10000110                isr_irq27
                0x10000110                isr_irq32
                0x10000110                isr_irq31
                0x10000110                isr_irq5
                0x10000110                isr_irq11
                0x10000110                isr_irq23
                0x10000110                isr_usagefault
                0x10000110                isr_irq48
                0x10000110                isr_irq35
                0x10000110                isr_irq18
                0x10000110                isr_irq50
                0x10000110                isr_irq40
                0x10000110                isr_irq28
                0x10000110                isr_irq19
                0x10000110                isr_irq36
                0x10000110                isr_irq41
                0x10000110                isr_irq0
                0x10000110                isr_irq6
                0x10000110                isr_memmanage
                0x10000110                isr_irq37
                0x10000110                isr_irq42
                0x10000110                isr_irq22
                0x10000110                isr_irq17
                0x10000110                isr_irq38
                0x10000110                isr_irq14
                0x10000110                __vectors_end
                0x10000110                __default_isrs_start
                0x10000110                isr_irq2
                0x10000110                isr_irq10
                0x10000110                isr_irq8
                0x10000110                isr_debugmonitor
                0x10000110                isr_irq24
                0x10000110                isr_irq46
                0x10000110                isr_irq1
                0x10000110                isr_irq47
                0x10000110                isr_irq51
                0x10000110                isr_irq7
                0x10000110                isr_irq21
                0x10000110                isr_irq39
                0x10000110                isr_irq20
                0x10000110                isr_irq15
                0x10000110                isr_irq25
                0x10000110                isr_irq34
                0x10000110                isr_irq4
                0x10000110                isr_busfault
                0x10000110                isr_irq16
                0x10000110                isr_irq44
                0x10000110                isr_irq29
                0x10000110                isr_irq26
                0x10000110                isr_irq33
                0x10000110                isr_irq3
                0x10000110                isr_irq12
                0x10000110                isr_irq9
                0x10000116                unhandled_user_irq_num_in_r0
                0x10000118                isr_invalid
                0x1000011a                isr_nmi
                0x1000011c                isr_hardfault
                0x1000011e                isr_svcall
                0x10000120                isr_pendsv
                0x10000122                isr_systick
                0x10000124                __default_isrs_end
 *(.binary_info_header)
 .binary_info_header
                0x10000124       0x14 CMakeFiles/debugprobe.dir/_deps/pico_sdk-src/src/rp2_common/pico_crt0/crt0.S.o
                0x10000138                        __binary_info_header_end = .
 *(.embedded_block)
 .embedded_block
                0x10000138       0x14 CMakeFiles/debugprobe.dir/_deps/pico_sdk-src/src/rp2_common/pico_crt0/crt0.S.o
                0x1000014c                        __embedded_block_end = .
 *(.reset)
 .reset         0x1000014c       0xa4 CMakeFiles/debugprobe.dir/_deps/pico_sdk-src/src/rp2_common/pico_crt0/crt0.S.o
                0x1000014c                _entry_point
                0x100001f0                        . = ALIGN (0x4)

.boot2          0x100001f0        0x0
                0x100001f0                        __boot2_start__ = .
 *(.boot2)
                0x100001f0                        __boot2_end__ = .
                0x00000001                        ASSERT (((__boot2_end__ - __boot2_start__) <= 0x100), ERROR: Pico second stage bootloader must be no more than 256 bytes in size)

.rodata         0x100001f0        0x0
 *(SORT_BY_ALIGNMENT(SORT_BY_NAME(.flashdata*)))
                0x100001f0                        . = ALIGN (0x4)

.ARM.extab
 *(.ARM.extab* .gnu.linkonce.armextab.*)
                0x100001f0                        __exidx_start = .

.ARM.exidx      0x100001f0        0x8
 *(.ARM.exidx* .gnu.linkonce.armexidx.*)
 .ARM.exidx     0x100001f0        0x8 /usr/lib/gcc/arm-none-eabi/13.2.1/../../../arm-none-eabi/lib/thumb/v8-m.main+fp/softfp/libg.a(libc_a-memcpy.o)
                0x100001f8                        __exidx_end = .
                0x100001f8                        . = ALIGN (0x4)
                0x100001f8                        __binary_info_start = .

.binary_info    0x100001f8       0x48
 *(.binary_info.keep.*)
 .binary_info.keep.__bi_ptr35
                0x100001f8        0x4 CMakeFiles/debugprobe.dir/src/probe_config.c.o
 .binary_info.keep.__bi_ptr34
                0x100001fc        0x4 CMakeFiles/debugprobe.dir/src/probe_config.c.o
 .binary_info.keep.__bi_ptr33
                0x10000200        0x4 CMakeFiles/debugprobe.dir/src/probe_config.c.o
 .binary_info.keep.__bi_ptr32
                0x10000204        0x4 CMakeFiles/debugprobe.dir/src/probe_config.c.o
 .binary_info.keep.__bi_ptr20
                0x10000208        0x4 CMakeFiles/debugprobe.dir/src/probe_config.c.o
 .binary_info.keep.__bi_ptr16
                0x1000020c        0x4 CMakeFiles/debugprobe.dir/src/probe_config.c.o
 .binary_info.keep.__bi_ptr84
                0x10000210        0x4 CMakeFiles/debugprobe.dir/_deps/pico_sdk-src/src/rp2_common/pico_standard_binary_info/standard_binary_info.c.o
 .binary_info.keep.__bi_ptr78
                0x10000214        0x4 CMakeFiles/debugprobe.dir/_deps/pico_sdk-src/src/rp2_common/pico_standard_binary_info/standard_binary_info.c.o
 .binary_info.keep.__bi_ptr54
                0x10000218        0x4 CMakeFiles/debugprobe.dir/_deps/pico_sdk-src/src/rp2_common/pico_standard_binary_info/standard_binary_info.c.o
 .binary_info.keep.__bi_ptr48
                0x1000021c        0x4 CMakeFiles/debugprobe.dir/_deps/pico_sdk-src/src/rp2_common/pico_standard_binary_info/standard_binary_info.c.o
 .binary_info.keep.__bi_ptr42
                0x10000220        0x4 CMakeFiles/debugprobe.dir/_deps/pico_sdk-src/src/rp2_common/pico_standard_binary_info/standard_binary_info.c.o
 .binary_info.keep.__bi_ptr34
                0x10000224        0x4 CMakeFiles/debugprobe.dir/_deps/pico_sdk-src/src/rp2_common/pico_standard_binary_info/standard_binary_info.c.o
 .binary_info.keep.__bi_ptr26
                0x10000228        0x4 CMakeFiles/debugprobe.dir/_deps/pico_sdk-src/src/rp2_common/pico_standard_binary_info/standard_binary_info.c.o
 .binary_info.keep.__bi_ptr163
                0x1000022c        0x4 CMakeFiles/debugprobe.dir/_deps/pico_sdk-src/lib/tinyusb/hw/bsp/rp2040/family.c.o
 .binary_info.keep.__bi_ptr153
                0x10000230        0x4 CMakeFiles/debugprobe.dir/_deps/pico_sdk-src/lib/tinyusb/hw/bsp/rp2040/family.c.o
 *(.binary_info.*)
 .binary_info.__bi_ptr50
                0x10000234        0x4 CMakeFiles/debugprobe.dir/_deps/pico_sdk-src/src/rp2_common/pico_stdio_uart/stdio_uart.c.o
 .binary_info.__bi_ptr49
                0x10000238        0x4 CMakeFiles/debugprobe.dir/_deps/pico_sdk-src/src/rp2_common/pico_stdio_uart/stdio_uart.c.o
 .binary_info.__bi_ptr45
                0x1000023c        0x4 CMakeFiles/debugprobe.dir/_deps/pico_sdk-src/src/rp2_common/pico_stdio_uart/stdio_uart.c.o
                0x10000240                        __binary_info_end = .
                0x10000240                        . = ALIGN (0x4)

.ram_vector_table
                0x20000000      0x110
 *(.ram_vector_table)
 .ram_vector_table
                0x20000000      0x110 CMakeFiles/debugprobe.dir/_deps/pico_sdk-src/src/rp2_common/pico_runtime_init/runtime_init.c.o
                0x20000000                ram_vector_table

.uninitialized_data
                0x20000110        0x0
                0x20000110                        . = ALIGN (0x4)
 *(.uninitialized_data*)

.text           0x20000110     0x83b0 load address 0x10000240
                0x20000110                        __ram_text_start__ = .
 *(.init)
 .init          0x20000110        0x4 /usr/lib/gcc/arm-none-eabi/13.2.1/thumb/v8-m.main+fp/softfp/crti.o
                0x20000110                _init
 *(.text*)
 .text          0x20000114       0x8c /usr/lib/gcc/arm-none-eabi/13.2.1/thumb/v8-m.main+fp/softfp/crtbegin.o
 .text.bi_decl_config
                0x200001a0        0x4 CMakeFiles/debugprobe.dir/src/probe_config.c.o
                0x200001a0                bi_decl_config
 .text.usb_thread
                0x200001a4       0x80 CMakeFiles/debugprobe.dir/src/main.c.o
                0x200001a4                usb_thread
 .text.startup.main
                0x20000224       0x50 CMakeFiles/debugprobe.dir/src/main.c.o
                0x20000224                main
 .text.tud_hid_get_report_cb
                0x20000274        0x4 CMakeFiles/debugprobe.dir/src/main.c.o
                0x20000274                tud_hid_get_report_cb
 .text.tud_hid_set_report_cb
                0x20000278       0x2c CMakeFiles/debugprobe.dir/src/main.c.o
                0x20000278                tud_hid_set_report_cb
 .text.tud_vendor_control_xfer_cb
                0x200002a4       0x34 CMakeFiles/debugprobe.dir/src/main.c.o
                0x200002a4                tud_vendor_control_xfer_cb
 .text.tud_suspend_cb
                0x200002d8       0x2c CMakeFiles/debugprobe.dir/src/main.c.o
                0x200002d8                tud_suspend_cb
 .text.tud_resume_cb
                0x20000304       0x2c CMakeFiles/debugprobe.dir/src/main.c.o
                0x20000304                tud_resume_cb
 .text.tud_mount_cb
                0x20000330       0x5c CMakeFiles/debugprobe.dir/src/main.c.o
                0x20000330                tud_mount_cb
 .text.vApplicationTickHook
                0x2000038c        0x4 CMakeFiles/debugprobe.dir/src/main.c.o
                0x2000038c                vApplicationTickHook
 .text.vApplicationStackOverflowHook
                0x20000390       0x10 CMakeFiles/debugprobe.dir/src/main.c.o
                0x20000390                vApplicationStackOverflowHook
 .text.vApplicationMallocFailedHook
                0x200003a0        0xc CMakeFiles/debugprobe.dir/src/main.c.o
                0x200003a0                vApplicationMallocFailedHook
 .text.tud_descriptor_device_cb
                0x200003ac        0x8 CMakeFiles/debugprobe.dir/src/usb_descriptors.c.o
                0x200003ac                tud_descriptor_device_cb
 .text.tud_hid_descriptor_report_cb
                0x200003b4        0x8 CMakeFiles/debugprobe.dir/src/usb_descriptors.c.o
                0x200003b4                tud_hid_descriptor_report_cb
 .text.tud_descriptor_configuration_cb
                0x200003bc       0x10 CMakeFiles/debugprobe.dir/src/usb_descriptors.c.o
                0x200003bc                tud_descriptor_configuration_cb
 .text.tud_descriptor_string_cb
                0x200003cc       0x78 CMakeFiles/debugprobe.dir/src/usb_descriptors.c.o
                0x200003cc                tud_descriptor_string_cb
 .text.tud_descriptor_bos_cb
                0x20000444        0x8 CMakeFiles/debugprobe.dir/src/usb_descriptors.c.o
                0x20000444                tud_descriptor_bos_cb
 .text.probe_set_swclk_freq
                0x2000044c       0x54 CMakeFiles/debugprobe.dir/src/probe.c.o
                0x2000044c                probe_set_swclk_freq
 .text.probe_write_bits
                0x200004a0       0x34 CMakeFiles/debugprobe.dir/src/probe.c.o
                0x200004a0                probe_write_bits
 .text.probe_hiz_clocks
                0x200004d4       0x2c CMakeFiles/debugprobe.dir/src/probe.c.o
                0x200004d4                probe_hiz_clocks
 .text.probe_read_bits
                0x20000500       0x3c CMakeFiles/debugprobe.dir/src/probe.c.o
                0x20000500                probe_read_bits
 .text.probe_read_mode
                0x2000053c       0x30 CMakeFiles/debugprobe.dir/src/probe.c.o
                0x2000053c                probe_read_mode
 .text.probe_write_mode
                0x2000056c       0x30 CMakeFiles/debugprobe.dir/src/probe.c.o
                0x2000056c                probe_write_mode
 .text.probe_init
                0x2000059c       0xe0 CMakeFiles/debugprobe.dir/src/probe.c.o
                0x2000059c                probe_init
 .text.probe_deinit
                0x2000067c       0x6c CMakeFiles/debugprobe.dir/src/probe.c.o
                0x2000067c                probe_deinit
 .text.cdc_uart_init
                0x200006e8       0x38 CMakeFiles/debugprobe.dir/src/cdc_uart.c.o
                0x200006e8                cdc_uart_init
 .text.cdc_task
                0x20000720      0x138 CMakeFiles/debugprobe.dir/src/cdc_uart.c.o
                0x20000720                cdc_task
 .text.cdc_thread
                0x20000858       0x30 CMakeFiles/debugprobe.dir/src/cdc_uart.c.o
                0x20000858                cdc_thread
 .text.tud_cdc_line_coding_cb
                0x20000888       0xb4 CMakeFiles/debugprobe.dir/src/cdc_uart.c.o
                0x20000888                tud_cdc_line_coding_cb
 .text.tud_cdc_line_state_cb
                0x2000093c       0x14 CMakeFiles/debugprobe.dir/src/cdc_uart.c.o
                0x2000093c                tud_cdc_line_state_cb
 .text.tud_cdc_send_break_cb
                0x20000950       0x58 CMakeFiles/debugprobe.dir/src/cdc_uart.c.o
                0x20000950                tud_cdc_send_break_cb
 .text.usb_serial_init
                0x200009a8      0x170 CMakeFiles/debugprobe.dir/src/get_serial.c.o
                0x200009a8                usb_serial_init
 .text.SWJ_Sequence
                0x20000b18       0x54 CMakeFiles/debugprobe.dir/src/sw_dp_pio.c.o
                0x20000b18                SWJ_Sequence
 .text.SWD_Sequence
                0x20000b6c       0x80 CMakeFiles/debugprobe.dir/src/sw_dp_pio.c.o
                0x20000b6c                SWD_Sequence
 .text.SWD_Transfer
                0x20000bec      0x14c CMakeFiles/debugprobe.dir/src/sw_dp_pio.c.o
                0x20000bec                SWD_Transfer
 .text.dap_edpt_init
                0x20000d38        0x4 CMakeFiles/debugprobe.dir/src/tusb_edpt_handler.c.o
                0x20000d38                dap_edpt_init
 .text.dap_edpt_reset
                0x20000d3c        0x4 CMakeFiles/debugprobe.dir/src/tusb_edpt_handler.c.o
                0x20000d3c                dap_edpt_reset
 .text.dap_edpt_control_xfer_cb
                0x20000d40        0x4 CMakeFiles/debugprobe.dir/src/tusb_edpt_handler.c.o
                0x20000d40                dap_edpt_control_xfer_cb
 .text.dap_edpt_deinit
                0x20000d44       0x44 CMakeFiles/debugprobe.dir/src/tusb_edpt_handler.c.o
                0x20000d44                dap_edpt_deinit
 .text.dap_edpt_open
                0x20000d88       0xa0 CMakeFiles/debugprobe.dir/src/tusb_edpt_handler.c.o
                0x20000d88                dap_edpt_open
 .text.dap_edpt_xfer_cb
                0x20000e28       0xb8 CMakeFiles/debugprobe.dir/src/tusb_edpt_handler.c.o
                0x20000e28                dap_edpt_xfer_cb
 .text.dap_thread
                0x20000ee0      0x190 CMakeFiles/debugprobe.dir/src/tusb_edpt_handler.c.o
                0x20000ee0                dap_thread
 .text.usbd_app_driver_get_cb
                0x20001070       0x10 CMakeFiles/debugprobe.dir/src/tusb_edpt_handler.c.o
                0x20001070                usbd_app_driver_get_cb
 .text.DAP_ProcessCommand
                0x20001080      0xa18 CMakeFiles/debugprobe.dir/CMSIS_DAP/CMSIS/DAP/Firmware/Source/DAP.c.o
                0x20001080                DAP_ProcessCommand
 .text.DAP_ExecuteCommand
                0x20001a98       0x3c CMakeFiles/debugprobe.dir/CMSIS_DAP/CMSIS/DAP/Firmware/Source/DAP.c.o
                0x20001a98                DAP_ExecuteCommand
 .text.DAP_Setup
                0x20001ad4       0x30 CMakeFiles/debugprobe.dir/CMSIS_DAP/CMSIS/DAP/Firmware/Source/DAP.c.o
                0x20001ad4                DAP_Setup
 .text.DAP_ProcessVendorCommand
                0x20001b04        0xc CMakeFiles/debugprobe.dir/CMSIS_DAP/CMSIS/DAP/Firmware/Source/DAP_vendor.c.o
                0x20001b04                DAP_ProcessVendorCommand
 .text.multicore_doorbell_claim_unused
                0x20001b10       0xf8 CMakeFiles/debugprobe.dir/_deps/pico_sdk-src/src/rp2_common/pico_multicore/multicore.c.o
                0x20001b10                multicore_doorbell_claim_unused
 .text.lock_init
                0x20001c08        0xc CMakeFiles/debugprobe.dir/_deps/pico_sdk-src/src/common/pico_sync/lock_core.c.o
                0x20001c08                lock_init
 .text.runtime_init_mutex
                0x20001c14       0x54 CMakeFiles/debugprobe.dir/_deps/pico_sdk-src/src/common/pico_sync/mutex.c.o
                0x20001c14                runtime_init_mutex
 .text.mutex_init
                0x20001c68       0x1c CMakeFiles/debugprobe.dir/_deps/pico_sdk-src/src/common/pico_sync/mutex.c.o
                0x20001c68                mutex_init
 .text.critical_section_init
                0x20001c84       0x1c CMakeFiles/debugprobe.dir/_deps/pico_sdk-src/src/common/pico_sync/critical_section.c.o
                0x20001c84                critical_section_init
 .text.alarm_pool_irq_handler
                0x20001ca0      0x2f0 CMakeFiles/debugprobe.dir/_deps/pico_sdk-src/src/common/pico_time/time.c.o
 .text.sleep_until_callback
                0x20001f90       0x34 CMakeFiles/debugprobe.dir/_deps/pico_sdk-src/src/common/pico_time/time.c.o
 .text.runtime_init_default_alarm_pool
                0x20001fc4      0x100 CMakeFiles/debugprobe.dir/_deps/pico_sdk-src/src/common/pico_time/time.c.o
                0x20001fc4                runtime_init_default_alarm_pool
 .text.alarm_pool_add_alarm_at_force_in_context
                0x200020c4       0xc8 CMakeFiles/debugprobe.dir/_deps/pico_sdk-src/src/common/pico_time/time.c.o
                0x200020c4                alarm_pool_add_alarm_at_force_in_context
 .text.alarm_pool_cancel_alarm
                0x2000218c       0x80 CMakeFiles/debugprobe.dir/_deps/pico_sdk-src/src/common/pico_time/time.c.o
                0x2000218c                alarm_pool_cancel_alarm
 .text.best_effort_wfe_or_timeout
                0x2000220c       0xbc CMakeFiles/debugprobe.dir/_deps/pico_sdk-src/src/common/pico_time/time.c.o
                0x2000220c                best_effort_wfe_or_timeout
 .text.timer_hardware_alarm_claim
                0x200022c8       0x24 CMakeFiles/debugprobe.dir/_deps/pico_sdk-src/src/rp2_common/hardware_timer/timer.c.o
                0x200022c8                timer_hardware_alarm_claim
 .text.timer_time_us_64
                0x200022ec       0x10 CMakeFiles/debugprobe.dir/_deps/pico_sdk-src/src/rp2_common/hardware_timer/timer.c.o
                0x200022ec                timer_time_us_64
 .text.time_us_64
                0x200022fc       0x14 CMakeFiles/debugprobe.dir/_deps/pico_sdk-src/src/rp2_common/hardware_timer/timer.c.o
                0x200022fc                time_us_64
 .text.busy_wait_us
                0x20002310       0x64 CMakeFiles/debugprobe.dir/_deps/pico_sdk-src/src/rp2_common/hardware_timer/timer.c.o
                0x20002310                busy_wait_us
 .text.panic    0x20002374       0x30 CMakeFiles/debugprobe.dir/_deps/pico_sdk-src/src/rp2_common/pico_platform_panic/panic.c.o
                0x20002374                panic
 .text.hw_claim_lock
                0x200023a4       0x24 CMakeFiles/debugprobe.dir/_deps/pico_sdk-src/src/common/hardware_claim/claim.c.o
                0x200023a4                hw_claim_lock
 .text.hw_claim_unlock
                0x200023c8       0x14 CMakeFiles/debugprobe.dir/_deps/pico_sdk-src/src/common/hardware_claim/claim.c.o
                0x200023c8                hw_claim_unlock
 .text.hw_claim_or_assert
                0x200023dc       0x58 CMakeFiles/debugprobe.dir/_deps/pico_sdk-src/src/common/hardware_claim/claim.c.o
                0x200023dc                hw_claim_or_assert
 .text.hw_claim_unused_from_range
                0x20002434       0x9c CMakeFiles/debugprobe.dir/_deps/pico_sdk-src/src/common/hardware_claim/claim.c.o
                0x20002434                hw_claim_unused_from_range
 .text.next_striped_spin_lock_num
                0x200024d0       0x18 CMakeFiles/debugprobe.dir/_deps/pico_sdk-src/src/rp2_common/hardware_sync/sync.c.o
                0x200024d0                next_striped_spin_lock_num
 .text.spin_lock_claim_unused
                0x200024e8       0x20 CMakeFiles/debugprobe.dir/_deps/pico_sdk-src/src/rp2_common/hardware_sync/sync.c.o
                0x200024e8                spin_lock_claim_unused
 .text.spinlock_set_extexclall
                0x20002508       0x10 CMakeFiles/debugprobe.dir/_deps/pico_sdk-src/src/rp2_common/hardware_sync_spin_lock/sync_spin_lock.c.o
 .text.spin_locks_reset
                0x20002518       0x18 CMakeFiles/debugprobe.dir/_deps/pico_sdk-src/src/rp2_common/hardware_sync_spin_lock/sync_spin_lock.c.o
                0x20002518                spin_locks_reset
 .text.runtime_init_per_core_irq_priorities
                0x20002530       0x40 CMakeFiles/debugprobe.dir/_deps/pico_sdk-src/src/rp2_common/hardware_irq/irq.c.o
                0x20002530                runtime_init_per_core_irq_priorities
 .text.irq_set_enabled
                0x20002570       0x2c CMakeFiles/debugprobe.dir/_deps/pico_sdk-src/src/rp2_common/hardware_irq/irq.c.o
                0x20002570                irq_set_enabled
 .text.irq_set_exclusive_handler
                0x2000259c       0x60 CMakeFiles/debugprobe.dir/_deps/pico_sdk-src/src/rp2_common/hardware_irq/irq.c.o
                0x2000259c                irq_set_exclusive_handler
 .text.irq_add_shared_handler
                0x200025fc      0x1e8 CMakeFiles/debugprobe.dir/_deps/pico_sdk-src/src/rp2_common/hardware_irq/irq.c.o
                0x200025fc                irq_add_shared_handler
 .text.irq_remove_handler
                0x200027e4      0x1fc CMakeFiles/debugprobe.dir/_deps/pico_sdk-src/src/rp2_common/hardware_irq/irq.c.o
                0x200027e4                irq_remove_handler
 .text.irq_set_priority
                0x200029e0       0x28 CMakeFiles/debugprobe.dir/_deps/pico_sdk-src/src/rp2_common/hardware_irq/irq.c.o
                0x200029e0                irq_set_priority
 .text.irq_add_tail_to_free_list
                0x20002a08       0xbc CMakeFiles/debugprobe.dir/_deps/pico_sdk-src/src/rp2_common/hardware_irq/irq.c.o
                0x20002a08                irq_add_tail_to_free_list
 .text.gpio_set_function
                0x20002ac4       0x3c CMakeFiles/debugprobe.dir/_deps/pico_sdk-src/src/rp2_common/hardware_gpio/gpio.c.o
                0x20002ac4                gpio_set_function
 .text.gpio_set_pulls
                0x20002b00       0x28 CMakeFiles/debugprobe.dir/_deps/pico_sdk-src/src/rp2_common/hardware_gpio/gpio.c.o
                0x20002b00                gpio_set_pulls
 .text.gpio_init
                0x20002b28       0x48 CMakeFiles/debugprobe.dir/_deps/pico_sdk-src/src/rp2_common/hardware_gpio/gpio.c.o
                0x20002b28                gpio_init
 .text.gpio_deinit
                0x20002b70       0x40 CMakeFiles/debugprobe.dir/_deps/pico_sdk-src/src/rp2_common/hardware_gpio/gpio.c.o
                0x20002b70                gpio_deinit
 .text.uart_init
                0x20002bb0      0x104 CMakeFiles/debugprobe.dir/_deps/pico_sdk-src/src/rp2_common/hardware_uart/uart.c.o
                0x20002bb0                uart_init
 .text.uart_deinit
                0x20002cb4       0x1c CMakeFiles/debugprobe.dir/_deps/pico_sdk-src/src/rp2_common/hardware_uart/uart.c.o
                0x20002cb4                uart_deinit
 .text.uart_set_format
                0x20002cd0       0x70 CMakeFiles/debugprobe.dir/_deps/pico_sdk-src/src/rp2_common/hardware_uart/uart.c.o
                0x20002cd0                uart_set_format
 .text.uart_set_break
                0x20002d40       0x54 CMakeFiles/debugprobe.dir/_deps/pico_sdk-src/src/rp2_common/hardware_uart/uart.c.o
                0x20002d40                uart_set_break
 .text.clock_configure_undivided
                0x20002d94       0xd0 CMakeFiles/debugprobe.dir/_deps/pico_sdk-src/src/rp2_common/hardware_clocks/clocks.c.o
                0x20002d94                clock_configure_undivided
 .text.clock_get_hz
                0x20002e64        0xc CMakeFiles/debugprobe.dir/_deps/pico_sdk-src/src/rp2_common/hardware_clocks/clocks.c.o
                0x20002e64                clock_get_hz
 .text.pll_init
                0x20002e70       0x8c CMakeFiles/debugprobe.dir/_deps/pico_sdk-src/src/rp2_common/hardware_pll/pll.c.o
                0x20002e70                pll_init
 .text.tick_start
                0x20002efc       0x18 CMakeFiles/debugprobe.dir/_deps/pico_sdk-src/src/rp2_common/hardware_ticks/ticks.c.o
                0x20002efc                tick_start
 .text.rom_func_lookup
                0x20002f14       0x18 CMakeFiles/debugprobe.dir/_deps/pico_sdk-src/src/rp2_common/pico_bootrom/bootrom.c.o
                0x20002f14                rom_func_lookup
 .text.runtime_init_bootrom_locking_enable
                0x20002f2c       0x14 CMakeFiles/debugprobe.dir/_deps/pico_sdk-src/src/rp2_common/pico_bootrom/bootrom_lock.c.o
                0x20002f2c                runtime_init_bootrom_locking_enable
 .text.runtime_init_boot_locks_reset
                0x20002f40       0x1c CMakeFiles/debugprobe.dir/_deps/pico_sdk-src/src/rp2_common/hardware_boot_lock/boot_lock.c.o
                0x20002f40                runtime_init_boot_locks_reset
 .text.xosc_init
                0x20002f5c       0x30 CMakeFiles/debugprobe.dir/_deps/pico_sdk-src/src/rp2_common/hardware_xosc/xosc.c.o
                0x20002f5c                xosc_init
 .text.first_per_core_initializer
                0x20002f8c        0x4 CMakeFiles/debugprobe.dir/_deps/pico_sdk-src/src/rp2_common/pico_runtime/runtime.c.o
 .text.hard_assertion_failure
                0x20002f90        0xc CMakeFiles/debugprobe.dir/_deps/pico_sdk-src/src/rp2_common/pico_runtime/runtime.c.o
                0x20002f90                hard_assertion_failure
 .text.runtime_run_initializers
                0x20002f9c       0x20 CMakeFiles/debugprobe.dir/_deps/pico_sdk-src/src/rp2_common/pico_runtime/runtime.c.o
                0x20002f9c                runtime_run_initializers
 .text.runtime_init_early_resets
                0x20002fbc       0x34 CMakeFiles/debugprobe.dir/_deps/pico_sdk-src/src/rp2_common/pico_runtime_init/runtime_init.c.o
                0x20002fbc                runtime_init_early_resets
 .text.runtime_init_usb_power_down
                0x20002ff0       0x1c CMakeFiles/debugprobe.dir/_deps/pico_sdk-src/src/rp2_common/pico_runtime_init/runtime_init.c.o
                0x20002ff0                runtime_init_usb_power_down
 .text.runtime_init_per_core_enable_coprocessors
                0x2000300c       0x1c CMakeFiles/debugprobe.dir/_deps/pico_sdk-src/src/rp2_common/pico_runtime_init/runtime_init.c.o
                0x2000300c                runtime_init_per_core_enable_coprocessors
 .text.runtime_init_post_clock_resets
                0x20003028       0x20 CMakeFiles/debugprobe.dir/_deps/pico_sdk-src/src/rp2_common/pico_runtime_init/runtime_init.c.o
                0x20003028                runtime_init_post_clock_resets
 .text.runtime_init_bootrom_reset
                0x20003048       0x14 CMakeFiles/debugprobe.dir/_deps/pico_sdk-src/src/rp2_common/pico_runtime_init/runtime_init.c.o
                0x20003048                runtime_init_bootrom_reset
 .text.runtime_init_per_core_bootrom_reset
                0x2000305c       0x14 CMakeFiles/debugprobe.dir/_deps/pico_sdk-src/src/rp2_common/pico_runtime_init/runtime_init.c.o
                0x2000305c                runtime_init_per_core_bootrom_reset
 .text.runtime_init_spin_locks_reset
                0x20003070        0x4 CMakeFiles/debugprobe.dir/_deps/pico_sdk-src/src/rp2_common/pico_runtime_init/runtime_init.c.o
                0x20003070                runtime_init_spin_locks_reset
 .text.runtime_init_install_ram_vector_table
                0x20003074       0x68 CMakeFiles/debugprobe.dir/_deps/pico_sdk-src/src/rp2_common/pico_runtime_init/runtime_init.c.o
                0x20003074                runtime_init_install_ram_vector_table
 .text.runtime_init_clocks
                0x200030dc       0xdc CMakeFiles/debugprobe.dir/_deps/pico_sdk-src/src/rp2_common/pico_runtime_init/runtime_init_clocks.c.o
                0x200030dc                runtime_init_clocks
 .text._out_char
                0x200031b8        0x8 CMakeFiles/debugprobe.dir/_deps/pico_sdk-src/src/rp2_common/pico_printf/printf.c.o
 .text.weak_raw_vprintf
                0x200031c0       0x30 CMakeFiles/debugprobe.dir/_deps/pico_sdk-src/src/rp2_common/pico_printf/printf.c.o
                0x200031c0                weak_raw_vprintf
 .text._exit    0x200031f0        0x4 CMakeFiles/debugprobe.dir/_deps/pico_sdk-src/src/rp2_common/pico_clib_interface/newlib_interface.c.o
                0x200031f0                _exit
 .text.exit     0x200031f4        0x8 CMakeFiles/debugprobe.dir/_deps/pico_sdk-src/src/rp2_common/pico_clib_interface/newlib_interface.c.o
                0x200031f4                exit
 .text.runtime_init
                0x200031fc       0x24 CMakeFiles/debugprobe.dir/_deps/pico_sdk-src/src/rp2_common/pico_clib_interface/newlib_interface.c.o
                0x200031fc                runtime_init
 .text.stdio_out_chars_no_crlf
                0x20003220        0x8 CMakeFiles/debugprobe.dir/_deps/pico_sdk-src/src/rp2_common/pico_stdio/stdio.c.o
 .text.stdio_out_chars_crlf
                0x20003228       0xac CMakeFiles/debugprobe.dir/_deps/pico_sdk-src/src/rp2_common/pico_stdio/stdio.c.o
 .text.stdio_put_string
                0x200032d4       0xf0 CMakeFiles/debugprobe.dir/_deps/pico_sdk-src/src/rp2_common/pico_stdio/stdio.c.o
                0x200032d4                stdio_put_string
 .text.stdio_set_driver_enabled
                0x200033c4       0x30 CMakeFiles/debugprobe.dir/_deps/pico_sdk-src/src/rp2_common/pico_stdio/stdio.c.o
                0x200033c4                stdio_set_driver_enabled
 .text.__wrap_putchar
                0x200033f4       0x84 CMakeFiles/debugprobe.dir/_deps/pico_sdk-src/src/rp2_common/pico_stdio/stdio.c.o
                0x200033f4                stdio_putchar
                0x200033f4                __wrap_putchar
 .text.__wrap_puts
                0x20003478       0x3c CMakeFiles/debugprobe.dir/_deps/pico_sdk-src/src/rp2_common/pico_stdio/stdio.c.o
                0x20003478                __wrap_puts
                0x20003478                stdio_puts
 .text.stdio_uart_out_chars
                0x200034b4       0x50 CMakeFiles/debugprobe.dir/_deps/pico_sdk-src/src/rp2_common/pico_stdio_uart/stdio_uart.c.o
 .text.stdio_uart_in_chars
                0x20003504       0x94 CMakeFiles/debugprobe.dir/_deps/pico_sdk-src/src/rp2_common/pico_stdio_uart/stdio_uart.c.o
                0x20003504                stdio_uart_in_chars
 .text.on_uart_rx
                0x20003598       0x24 CMakeFiles/debugprobe.dir/_deps/pico_sdk-src/src/rp2_common/pico_stdio_uart/stdio_uart.c.o
 .text.stdio_uart_out_flush
                0x200035bc       0x10 CMakeFiles/debugprobe.dir/_deps/pico_sdk-src/src/rp2_common/pico_stdio_uart/stdio_uart.c.o
 .text.stdio_uart_set_chars_available_callback
                0x200035cc       0x88 CMakeFiles/debugprobe.dir/_deps/pico_sdk-src/src/rp2_common/pico_stdio_uart/stdio_uart.c.o
 .text.stdio_uart_init
                0x20003654       0x54 CMakeFiles/debugprobe.dir/_deps/pico_sdk-src/src/rp2_common/pico_stdio_uart/stdio_uart.c.o
                0x20003654                stdio_uart_init
 .text.stdio_uart_init_full
                0x200036a8       0x4c CMakeFiles/debugprobe.dir/_deps/pico_sdk-src/src/rp2_common/pico_stdio_uart/stdio_uart.c.o
                0x200036a8                stdio_uart_init_full
 .text.startup._retrieve_unique_id_on_boot
                0x200036f4       0x30 CMakeFiles/debugprobe.dir/_deps/pico_sdk-src/src/rp2_common/pico_unique_id/unique_id.c.o
 .text.pico_get_unique_board_id
                0x20003724       0x10 CMakeFiles/debugprobe.dir/_deps/pico_sdk-src/src/rp2_common/pico_unique_id/unique_id.c.o
                0x20003724                pico_get_unique_board_id
 .text.dcd_init
                0x20003734       0x90 CMakeFiles/debugprobe.dir/_deps/pico_sdk-src/lib/tinyusb/src/portable/raspberrypi/rp2040/dcd_rp2040.c.o
                0x20003734                dcd_init
 .text.dcd_int_enable
                0x200037c4        0x8 CMakeFiles/debugprobe.dir/_deps/pico_sdk-src/lib/tinyusb/src/portable/raspberrypi/rp2040/dcd_rp2040.c.o
                0x200037c4                dcd_int_enable
 .text.dcd_set_address
                0x200037cc       0x10 CMakeFiles/debugprobe.dir/_deps/pico_sdk-src/lib/tinyusb/src/portable/raspberrypi/rp2040/dcd_rp2040.c.o
                0x200037cc                dcd_set_address
 .text.dcd_sof_enable
                0x200037dc       0x1c CMakeFiles/debugprobe.dir/_deps/pico_sdk-src/lib/tinyusb/src/portable/raspberrypi/rp2040/dcd_rp2040.c.o
                0x200037dc                dcd_sof_enable
 .text.dcd_edpt0_status_complete
                0x200037f8       0x1c CMakeFiles/debugprobe.dir/_deps/pico_sdk-src/lib/tinyusb/src/portable/raspberrypi/rp2040/dcd_rp2040.c.o
                0x200037f8                dcd_edpt0_status_complete
 .text.dcd_edpt_open
                0x20003814      0x108 CMakeFiles/debugprobe.dir/_deps/pico_sdk-src/lib/tinyusb/src/portable/raspberrypi/rp2040/dcd_rp2040.c.o
                0x20003814                dcd_edpt_open
 .text.dcd_edpt_close_all
                0x2000391c        0x4 CMakeFiles/debugprobe.dir/_deps/pico_sdk-src/lib/tinyusb/src/portable/raspberrypi/rp2040/dcd_rp2040.c.o
                0x2000391c                dcd_edpt_close_all
 .text.dcd_edpt_xfer
                0x20003920       0x28 CMakeFiles/debugprobe.dir/_deps/pico_sdk-src/lib/tinyusb/src/portable/raspberrypi/rp2040/dcd_rp2040.c.o
                0x20003920                dcd_edpt_xfer
 .text.dcd_edpt_stall
                0x20003948       0x2c CMakeFiles/debugprobe.dir/_deps/pico_sdk-src/lib/tinyusb/src/portable/raspberrypi/rp2040/dcd_rp2040.c.o
                0x20003948                dcd_edpt_stall
 .text.dcd_edpt_clear_stall
                0x20003974       0x2c CMakeFiles/debugprobe.dir/_deps/pico_sdk-src/lib/tinyusb/src/portable/raspberrypi/rp2040/dcd_rp2040.c.o
                0x20003974                dcd_edpt_clear_stall
 .text.rp2040_usb_init
                0x200039a0       0x40 CMakeFiles/debugprobe.dir/_deps/pico_sdk-src/lib/tinyusb/src/portable/raspberrypi/rp2040/rp2040_usb.c.o
                0x200039a0                rp2040_usb_init
 .text.hw_endpoint_xfer_start
                0x200039e0       0x40 CMakeFiles/debugprobe.dir/_deps/pico_sdk-src/lib/tinyusb/src/portable/raspberrypi/rp2040/rp2040_usb.c.o
                0x200039e0                hw_endpoint_xfer_start
 .text.configuration_reset
                0x20003a20       0x8c CMakeFiles/debugprobe.dir/_deps/pico_sdk-src/lib/tinyusb/src/device/usbd.c.o
 .text.tud_event_hook_cb
                0x20003aac        0x4 CMakeFiles/debugprobe.dir/_deps/pico_sdk-src/lib/tinyusb/src/device/usbd.c.o
                0x20003aac                tud_event_hook_cb
 .text.tud_sof_cb
                0x20003ab0        0x4 CMakeFiles/debugprobe.dir/_deps/pico_sdk-src/lib/tinyusb/src/device/usbd.c.o
                0x20003ab0                tud_sof_cb
 .text.tud_descriptor_device_qualifier_cb
                0x20003ab4        0x4 CMakeFiles/debugprobe.dir/_deps/pico_sdk-src/lib/tinyusb/src/device/usbd.c.o
                0x20003ab4                tud_descriptor_device_qualifier_cb
 .text.tud_descriptor_other_speed_configuration_cb
                0x20003ab8        0x4 CMakeFiles/debugprobe.dir/_deps/pico_sdk-src/lib/tinyusb/src/device/usbd.c.o
                0x20003ab8                tud_descriptor_other_speed_configuration_cb
 .text.tud_umount_cb
                0x20003abc        0x4 CMakeFiles/debugprobe.dir/_deps/pico_sdk-src/lib/tinyusb/src/device/usbd.c.o
                0x20003abc                tud_umount_cb
 .text.tud_connected
                0x20003ac0       0x10 CMakeFiles/debugprobe.dir/_deps/pico_sdk-src/lib/tinyusb/src/device/usbd.c.o
                0x20003ac0                tud_connected
 .text.tud_mounted
                0x20003ad0       0x10 CMakeFiles/debugprobe.dir/_deps/pico_sdk-src/lib/tinyusb/src/device/usbd.c.o
                0x20003ad0                tud_mounted
 .text.tud_suspended
                0x20003ae0       0x10 CMakeFiles/debugprobe.dir/_deps/pico_sdk-src/lib/tinyusb/src/device/usbd.c.o
                0x20003ae0                tud_suspended
 .text.tud_rhport_init
                0x20003af0       0xf8 CMakeFiles/debugprobe.dir/_deps/pico_sdk-src/lib/tinyusb/src/device/usbd.c.o
                0x20003af0                tud_rhport_init
 .text.tud_task_event_ready
                0x20003be8       0x28 CMakeFiles/debugprobe.dir/_deps/pico_sdk-src/lib/tinyusb/src/device/usbd.c.o
                0x20003be8                tud_task_event_ready
 .text.tud_task_ext
                0x20003c10      0x784 CMakeFiles/debugprobe.dir/_deps/pico_sdk-src/lib/tinyusb/src/device/usbd.c.o
                0x20003c10                tud_task_ext
 .text.usbd_open_edpt_pair
                0x20004394       0x9c CMakeFiles/debugprobe.dir/_deps/pico_sdk-src/lib/tinyusb/src/device/usbd.c.o
                0x20004394                usbd_open_edpt_pair
 .text.usbd_edpt_open
                0x20004430       0x44 CMakeFiles/debugprobe.dir/_deps/pico_sdk-src/lib/tinyusb/src/device/usbd.c.o
                0x20004430                usbd_edpt_open
 .text.usbd_edpt_claim
                0x20004474       0x24 CMakeFiles/debugprobe.dir/_deps/pico_sdk-src/lib/tinyusb/src/device/usbd.c.o
                0x20004474                usbd_edpt_claim
 .text.usbd_edpt_release
                0x20004498       0x24 CMakeFiles/debugprobe.dir/_deps/pico_sdk-src/lib/tinyusb/src/device/usbd.c.o
                0x20004498                usbd_edpt_release
 .text.usbd_edpt_xfer
                0x200044bc       0x70 CMakeFiles/debugprobe.dir/_deps/pico_sdk-src/lib/tinyusb/src/device/usbd.c.o
                0x200044bc                usbd_edpt_xfer
 .text.tud_control_status
                0x2000452c       0x34 CMakeFiles/debugprobe.dir/_deps/pico_sdk-src/lib/tinyusb/src/device/usbd_control.c.o
                0x2000452c                tud_control_status
 .text.tud_control_xfer
                0x20004560       0xac CMakeFiles/debugprobe.dir/_deps/pico_sdk-src/lib/tinyusb/src/device/usbd_control.c.o
                0x20004560                tud_control_xfer
 .text.usbd_control_reset
                0x2000460c       0x14 CMakeFiles/debugprobe.dir/_deps/pico_sdk-src/lib/tinyusb/src/device/usbd_control.c.o
                0x2000460c                usbd_control_reset
 .text.usbd_control_set_complete_callback
                0x20004620        0xc CMakeFiles/debugprobe.dir/_deps/pico_sdk-src/lib/tinyusb/src/device/usbd_control.c.o
                0x20004620                usbd_control_set_complete_callback
 .text.usbd_control_set_request
                0x2000462c       0x1c CMakeFiles/debugprobe.dir/_deps/pico_sdk-src/lib/tinyusb/src/device/usbd_control.c.o
                0x2000462c                usbd_control_set_request
 .text.usbd_control_xfer_cb
                0x20004648       0xfc CMakeFiles/debugprobe.dir/_deps/pico_sdk-src/lib/tinyusb/src/device/usbd_control.c.o
                0x20004648                usbd_control_xfer_cb
 .text._prep_out_transaction.isra.0
                0x20004744       0x78 CMakeFiles/debugprobe.dir/_deps/pico_sdk-src/lib/tinyusb/src/class/cdc/cdc_device.c.o
 .text.tud_cdc_n_connected
                0x200047bc       0x2c CMakeFiles/debugprobe.dir/_deps/pico_sdk-src/lib/tinyusb/src/class/cdc/cdc_device.c.o
                0x200047bc                tud_cdc_n_connected
 .text.tud_cdc_n_available
                0x200047e8       0x18 CMakeFiles/debugprobe.dir/_deps/pico_sdk-src/lib/tinyusb/src/class/cdc/cdc_device.c.o
                0x200047e8                tud_cdc_n_available
 .text.tud_cdc_n_read
                0x20004800       0x90 CMakeFiles/debugprobe.dir/_deps/pico_sdk-src/lib/tinyusb/src/class/cdc/cdc_device.c.o
                0x20004800                tud_cdc_n_read
 .text.tud_cdc_n_read_flush
                0x20004890       0x80 CMakeFiles/debugprobe.dir/_deps/pico_sdk-src/lib/tinyusb/src/class/cdc/cdc_device.c.o
                0x20004890                tud_cdc_n_read_flush
 .text.tud_cdc_n_write_flush
                0x20004910       0x94 CMakeFiles/debugprobe.dir/_deps/pico_sdk-src/lib/tinyusb/src/class/cdc/cdc_device.c.o
                0x20004910                tud_cdc_n_write_flush
 .text.tud_cdc_n_write
                0x200049a4       0x40 CMakeFiles/debugprobe.dir/_deps/pico_sdk-src/lib/tinyusb/src/class/cdc/cdc_device.c.o
                0x200049a4                tud_cdc_n_write
 .text.tud_cdc_n_write_available
                0x200049e4       0x18 CMakeFiles/debugprobe.dir/_deps/pico_sdk-src/lib/tinyusb/src/class/cdc/cdc_device.c.o
                0x200049e4                tud_cdc_n_write_available
 .text.tud_cdc_n_write_clear
                0x200049fc       0x14 CMakeFiles/debugprobe.dir/_deps/pico_sdk-src/lib/tinyusb/src/class/cdc/cdc_device.c.o
                0x200049fc                tud_cdc_n_write_clear
 .text.cdcd_init
                0x20004a10       0x78 CMakeFiles/debugprobe.dir/_deps/pico_sdk-src/lib/tinyusb/src/class/cdc/cdc_device.c.o
                0x20004a10                cdcd_init
 .text.cdcd_deinit
                0x20004a88       0x2c CMakeFiles/debugprobe.dir/_deps/pico_sdk-src/lib/tinyusb/src/class/cdc/cdc_device.c.o
                0x20004a88                cdcd_deinit
 .text.cdcd_reset
                0x20004ab4       0x4c CMakeFiles/debugprobe.dir/_deps/pico_sdk-src/lib/tinyusb/src/class/cdc/cdc_device.c.o
                0x20004ab4                cdcd_reset
 .text.cdcd_open
                0x20004b00       0xbc CMakeFiles/debugprobe.dir/_deps/pico_sdk-src/lib/tinyusb/src/class/cdc/cdc_device.c.o
                0x20004b00                cdcd_open
 .text.cdcd_control_xfer_cb
                0x20004bbc       0xc0 CMakeFiles/debugprobe.dir/_deps/pico_sdk-src/lib/tinyusb/src/class/cdc/cdc_device.c.o
                0x20004bbc                cdcd_control_xfer_cb
 .text.cdcd_xfer_cb
                0x20004c7c       0xfc CMakeFiles/debugprobe.dir/_deps/pico_sdk-src/lib/tinyusb/src/class/cdc/cdc_device.c.o
                0x20004c7c                cdcd_xfer_cb
 .text.tud_hid_set_protocol_cb
                0x20004d78        0x4 CMakeFiles/debugprobe.dir/_deps/pico_sdk-src/lib/tinyusb/src/class/hid/hid_device.c.o
                0x20004d78                tud_hid_set_protocol_cb
 .text.tud_hid_set_idle_cb
                0x20004d7c        0x4 CMakeFiles/debugprobe.dir/_deps/pico_sdk-src/lib/tinyusb/src/class/hid/hid_device.c.o
                0x20004d7c                tud_hid_set_idle_cb
 .text.tud_hid_report_complete_cb
                0x20004d80        0x4 CMakeFiles/debugprobe.dir/_deps/pico_sdk-src/lib/tinyusb/src/class/hid/hid_device.c.o
                0x20004d80                tud_hid_report_complete_cb
 .text.tud_hid_report_failed_cb
                0x20004d84        0x4 CMakeFiles/debugprobe.dir/_deps/pico_sdk-src/lib/tinyusb/src/class/hid/hid_device.c.o
                0x20004d84                tud_hid_report_failed_cb
 .text.tud_hid_n_report
                0x20004d88       0x68 CMakeFiles/debugprobe.dir/_deps/pico_sdk-src/lib/tinyusb/src/class/hid/hid_device.c.o
                0x20004d88                tud_hid_n_report
 .text.hidd_init
                0x20004df0       0x10 CMakeFiles/debugprobe.dir/_deps/pico_sdk-src/lib/tinyusb/src/class/hid/hid_device.c.o
                0x20004df0                hidd_init
 .text.hidd_deinit
                0x20004e00        0x4 CMakeFiles/debugprobe.dir/_deps/pico_sdk-src/lib/tinyusb/src/class/hid/hid_device.c.o
                0x20004e00                hidd_deinit
 .text.hidd_reset
                0x20004e04       0x10 CMakeFiles/debugprobe.dir/_deps/pico_sdk-src/lib/tinyusb/src/class/hid/hid_device.c.o
                0x20004e04                hidd_reset
 .text.hidd_open
                0x20004e14       0xb4 CMakeFiles/debugprobe.dir/_deps/pico_sdk-src/lib/tinyusb/src/class/hid/hid_device.c.o
                0x20004e14                hidd_open
 .text.hidd_control_xfer_cb
                0x20004ec8      0x1bc CMakeFiles/debugprobe.dir/_deps/pico_sdk-src/lib/tinyusb/src/class/hid/hid_device.c.o
                0x20004ec8                hidd_control_xfer_cb
 .text.hidd_xfer_cb
                0x20005084       0x94 CMakeFiles/debugprobe.dir/_deps/pico_sdk-src/lib/tinyusb/src/class/hid/hid_device.c.o
                0x20005084                hidd_xfer_cb
 .text.vendord_init
                0x20005118       0x60 CMakeFiles/debugprobe.dir/_deps/pico_sdk-src/lib/tinyusb/src/class/vendor/vendor_device.c.o
                0x20005118                vendord_init
 .text.vendord_deinit
                0x20005178       0x1c CMakeFiles/debugprobe.dir/_deps/pico_sdk-src/lib/tinyusb/src/class/vendor/vendor_device.c.o
                0x20005178                vendord_deinit
 .text.vendord_reset
                0x20005194       0x2c CMakeFiles/debugprobe.dir/_deps/pico_sdk-src/lib/tinyusb/src/class/vendor/vendor_device.c.o
                0x20005194                vendord_reset
 .text.vendord_open
                0x200051c0      0x128 CMakeFiles/debugprobe.dir/_deps/pico_sdk-src/lib/tinyusb/src/class/vendor/vendor_device.c.o
                0x200051c0                vendord_open
 .text.vendord_xfer_cb
                0x200052e8       0x8c CMakeFiles/debugprobe.dir/_deps/pico_sdk-src/lib/tinyusb/src/class/vendor/vendor_device.c.o
                0x200052e8                vendord_xfer_cb
 .text.tusb_rhport_init
                0x20005374       0x60 CMakeFiles/debugprobe.dir/_deps/pico_sdk-src/lib/tinyusb/src/tusb.c.o
                0x20005374                tusb_rhport_init
 .text.tu_edpt_claim
                0x200053d4       0x54 CMakeFiles/debugprobe.dir/_deps/pico_sdk-src/lib/tinyusb/src/tusb.c.o
                0x200053d4                tu_edpt_claim
 .text.tu_edpt_release
                0x20005428       0x38 CMakeFiles/debugprobe.dir/_deps/pico_sdk-src/lib/tinyusb/src/tusb.c.o
                0x20005428                tu_edpt_release
 .text.tu_edpt_validate
                0x20005460       0x64 CMakeFiles/debugprobe.dir/_deps/pico_sdk-src/lib/tinyusb/src/tusb.c.o
                0x20005460                tu_edpt_validate
 .text.tu_edpt_bind_driver
                0x200054c4       0x58 CMakeFiles/debugprobe.dir/_deps/pico_sdk-src/lib/tinyusb/src/tusb.c.o
                0x200054c4                tu_edpt_bind_driver
 .text.tu_edpt_stream_init
                0x2000551c       0x58 CMakeFiles/debugprobe.dir/_deps/pico_sdk-src/lib/tinyusb/src/tusb.c.o
                0x2000551c                tu_edpt_stream_init
 .text.tu_edpt_stream_deinit
                0x20005574        0x4 CMakeFiles/debugprobe.dir/_deps/pico_sdk-src/lib/tinyusb/src/tusb.c.o
                0x20005574                tu_edpt_stream_deinit
 .text.tu_edpt_stream_write_zlp_if_needed
                0x20005578       0x68 CMakeFiles/debugprobe.dir/_deps/pico_sdk-src/lib/tinyusb/src/tusb.c.o
                0x20005578                tu_edpt_stream_write_zlp_if_needed
 .text.tu_edpt_stream_write_xfer
                0x200055e0       0x70 CMakeFiles/debugprobe.dir/_deps/pico_sdk-src/lib/tinyusb/src/tusb.c.o
                0x200055e0                tu_edpt_stream_write_xfer
 .text.tu_edpt_stream_read_xfer
                0x20005650       0xd0 CMakeFiles/debugprobe.dir/_deps/pico_sdk-src/lib/tinyusb/src/tusb.c.o
                0x20005650                tu_edpt_stream_read_xfer
 .text.tu_fifo_config
                0x20005720       0x60 CMakeFiles/debugprobe.dir/_deps/pico_sdk-src/lib/tinyusb/src/common/tusb_fifo.c.o
                0x20005720                tu_fifo_config
 .text.tu_fifo_count
                0x20005780       0x20 CMakeFiles/debugprobe.dir/_deps/pico_sdk-src/lib/tinyusb/src/common/tusb_fifo.c.o
                0x20005780                tu_fifo_count
 .text.tu_fifo_empty
                0x200057a0       0x14 CMakeFiles/debugprobe.dir/_deps/pico_sdk-src/lib/tinyusb/src/common/tusb_fifo.c.o
                0x200057a0                tu_fifo_empty
 .text.tu_fifo_remaining
                0x200057b4       0x24 CMakeFiles/debugprobe.dir/_deps/pico_sdk-src/lib/tinyusb/src/common/tusb_fifo.c.o
                0x200057b4                tu_fifo_remaining
 .text.tu_fifo_read
                0x200057d8       0x94 CMakeFiles/debugprobe.dir/_deps/pico_sdk-src/lib/tinyusb/src/common/tusb_fifo.c.o
                0x200057d8                tu_fifo_read
 .text.tu_fifo_read_n
                0x2000586c       0xd8 CMakeFiles/debugprobe.dir/_deps/pico_sdk-src/lib/tinyusb/src/common/tusb_fifo.c.o
                0x2000586c                tu_fifo_read_n
 .text.tu_fifo_write
                0x20005944       0xa0 CMakeFiles/debugprobe.dir/_deps/pico_sdk-src/lib/tinyusb/src/common/tusb_fifo.c.o
                0x20005944                tu_fifo_write
 .text.tu_fifo_write_n
                0x200059e4      0x158 CMakeFiles/debugprobe.dir/_deps/pico_sdk-src/lib/tinyusb/src/common/tusb_fifo.c.o
                0x200059e4                tu_fifo_write_n
 .text.tu_fifo_clear
                0x20005b3c       0x38 CMakeFiles/debugprobe.dir/_deps/pico_sdk-src/lib/tinyusb/src/common/tusb_fifo.c.o
                0x20005b3c                tu_fifo_clear
 .text.tu_fifo_set_overwritable
                0x20005b74       0x3c CMakeFiles/debugprobe.dir/_deps/pico_sdk-src/lib/tinyusb/src/common/tusb_fifo.c.o
                0x20005b74                tu_fifo_set_overwritable
 .text.rp2040_usb_device_enumeration_fix
                0x20005bb0        0x4 CMakeFiles/debugprobe.dir/_deps/pico_sdk-src/src/rp2_common/pico_fix/rp2040_usb_device_enumeration/rp2040_usb_device_enumeration.c.o
                0x20005bb0                rp2040_usb_device_enumeration_fix
 .text.board_init
                0x20005bb4       0x2c CMakeFiles/debugprobe.dir/_deps/pico_sdk-src/lib/tinyusb/hw/bsp/rp2040/family.c.o
                0x20005bb4                board_init
 .text.pio_add_program
                0x20005be0       0xf8 CMakeFiles/debugprobe.dir/_deps/pico_sdk-src/src/rp2_common/hardware_pio/pio.c.o
                0x20005be0                pio_add_program
 .text.pio_remove_program
                0x20005cd8       0x38 CMakeFiles/debugprobe.dir/_deps/pico_sdk-src/src/rp2_common/hardware_pio/pio.c.o
                0x20005cd8                pio_remove_program
 .text.pio_sm_set_consecutive_pindirs
                0x20005d10       0x8c CMakeFiles/debugprobe.dir/_deps/pico_sdk-src/src/rp2_common/hardware_pio/pio.c.o
                0x20005d10                pio_sm_set_consecutive_pindirs
 .text.pio_sm_init
                0x20005d9c       0xa8 CMakeFiles/debugprobe.dir/_deps/pico_sdk-src/src/rp2_common/hardware_pio/pio.c.o
                0x20005d9c                pio_sm_init
 .text.prvTaskExitError
                0x20005e44       0x18 CMakeFiles/debugprobe.dir/freertos/portable/ThirdParty/Community-Supported-Ports/GCC/RP2350_ARM_NTZ/non_secure/port.c.o
 .text.SysTick_Handler
                0x20005e5c       0x24 CMakeFiles/debugprobe.dir/freertos/portable/ThirdParty/Community-Supported-Ports/GCC/RP2350_ARM_NTZ/non_secure/port.c.o
                0x20005e5c                SysTick_Handler
 .text.prvDoorbellInterruptHandler
                0x20005e80       0x90 CMakeFiles/debugprobe.dir/freertos/portable/ThirdParty/Community-Supported-Ports/GCC/RP2350_ARM_NTZ/non_secure/port.c.o
 .text.vPortSetupTimerInterrupt
                0x20005f10       0x2c CMakeFiles/debugprobe.dir/freertos/portable/ThirdParty/Community-Supported-Ports/GCC/RP2350_ARM_NTZ/non_secure/port.c.o
                0x20005f10                vPortSetupTimerInterrupt
 .text.vPortYield
                0x20005f3c       0x18 CMakeFiles/debugprobe.dir/freertos/portable/ThirdParty/Community-Supported-Ports/GCC/RP2350_ARM_NTZ/non_secure/port.c.o
                0x20005f3c                vPortYield
 .text.vPortEnterCritical
                0x20005f54       0x1c CMakeFiles/debugprobe.dir/freertos/portable/ThirdParty/Community-Supported-Ports/GCC/RP2350_ARM_NTZ/non_secure/port.c.o
                0x20005f54                vPortEnterCritical
 .text.vPortExitCritical
                0x20005f70       0x18 CMakeFiles/debugprobe.dir/freertos/portable/ThirdParty/Community-Supported-Ports/GCC/RP2350_ARM_NTZ/non_secure/port.c.o
                0x20005f70                vPortExitCritical
 .text.vPortSVCHandler_C
                0x20005f88       0x2c CMakeFiles/debugprobe.dir/freertos/portable/ThirdParty/Community-Supported-Ports/GCC/RP2350_ARM_NTZ/non_secure/port.c.o
                0x20005f88                vPortSVCHandler_C
 .text.pxPortInitialiseStack
                0x20005fb4       0x78 CMakeFiles/debugprobe.dir/freertos/portable/ThirdParty/Community-Supported-Ports/GCC/RP2350_ARM_NTZ/non_secure/port.c.o
                0x20005fb4                pxPortInitialiseStack
 .text.xPortStartScheduler
                0x2000602c      0x11c CMakeFiles/debugprobe.dir/freertos/portable/ThirdParty/Community-Supported-Ports/GCC/RP2350_ARM_NTZ/non_secure/port.c.o
                0x2000602c                xPortStartScheduler
 .text.vPortValidateInterruptPriority
                0x20006148       0x14 CMakeFiles/debugprobe.dir/freertos/portable/ThirdParty/Community-Supported-Ports/GCC/RP2350_ARM_NTZ/non_secure/port.c.o
                0x20006148                vPortValidateInterruptPriority
 .text.ulPortLockGetCurrentOwnerId
                0x2000615c       0x28 CMakeFiles/debugprobe.dir/freertos/portable/ThirdParty/Community-Supported-Ports/GCC/RP2350_ARM_NTZ/non_secure/port.c.o
                0x2000615c                ulPortLockGetCurrentOwnerId
 .text.vPortLockInternalSpinUnlockWithNotify
                0x20006184       0xf8 CMakeFiles/debugprobe.dir/freertos/portable/ThirdParty/Community-Supported-Ports/GCC/RP2350_ARM_NTZ/non_secure/port.c.o
                0x20006184                vPortLockInternalSpinUnlockWithNotify
 .text.xPortLockInternalSpinUnlockWithBestEffortWaitOrTimeout
                0x2000627c      0x154 CMakeFiles/debugprobe.dir/freertos/portable/ThirdParty/Community-Supported-Ports/GCC/RP2350_ARM_NTZ/non_secure/port.c.o
                0x2000627c                xPortLockInternalSpinUnlockWithBestEffortWaitOrTimeout
 .text.startup.prvRuntimeInitializer
                0x200063d0       0x24 CMakeFiles/debugprobe.dir/freertos/portable/ThirdParty/Community-Supported-Ports/GCC/RP2350_ARM_NTZ/non_secure/port.c.o
 .text.vRestoreContextOfFirstTask
                0x200063f4       0x2c CMakeFiles/debugprobe.dir/freertos/portable/ThirdParty/Community-Supported-Ports/GCC/RP2350_ARM_NTZ/non_secure/portasm.c.o
                0x200063f4                vRestoreContextOfFirstTask
 .text.vStartFirstTask
                0x20006420       0x10 CMakeFiles/debugprobe.dir/freertos/portable/ThirdParty/Community-Supported-Ports/GCC/RP2350_ARM_NTZ/non_secure/portasm.c.o
                0x20006420                vStartFirstTask
 .text.ulSetInterruptMask
                0x20006430       0x18 CMakeFiles/debugprobe.dir/freertos/portable/ThirdParty/Community-Supported-Ports/GCC/RP2350_ARM_NTZ/non_secure/portasm.c.o
                0x20006430                ulSetInterruptMask
 .text.vClearInterruptMask
                0x20006448       0x10 CMakeFiles/debugprobe.dir/freertos/portable/ThirdParty/Community-Supported-Ports/GCC/RP2350_ARM_NTZ/non_secure/portasm.c.o
                0x20006448                vClearInterruptMask
 .text.PendSV_Handler
                0x20006458       0x80 CMakeFiles/debugprobe.dir/freertos/portable/ThirdParty/Community-Supported-Ports/GCC/RP2350_ARM_NTZ/non_secure/portasm.c.o
                0x20006458                PendSV_Handler
 .text.SVC_Handler
                0x200064d8       0x18 CMakeFiles/debugprobe.dir/freertos/portable/ThirdParty/Community-Supported-Ports/GCC/RP2350_ARM_NTZ/non_secure/portasm.c.o
                0x200064d8                SVC_Handler
 .text.vEventGroupSetBitsCallback
                0x200064f0       0x64 CMakeFiles/debugprobe.dir/freertos/event_groups.c.o
                0x200064f0                vEventGroupSetBitsCallback
 .text.xEventGroupCreate
                0x20006554       0x1c CMakeFiles/debugprobe.dir/freertos/event_groups.c.o
                0x20006554                xEventGroupCreate
 .text.xEventGroupWaitBits
                0x20006570       0xb4 CMakeFiles/debugprobe.dir/freertos/event_groups.c.o
                0x20006570                xEventGroupWaitBits
 .text.xEventGroupSetBits
                0x20006624       0x68 CMakeFiles/debugprobe.dir/freertos/event_groups.c.o
                0x20006624                xEventGroupSetBits
 .text.xEventGroupSetBitsFromISR
                0x2000668c       0x1c CMakeFiles/debugprobe.dir/freertos/event_groups.c.o
                0x2000668c                xEventGroupSetBitsFromISR
 .text.vListInitialise
                0x200066a8       0x18 CMakeFiles/debugprobe.dir/freertos/list.c.o
                0x200066a8                vListInitialise
 .text.vListInitialiseItem
                0x200066c0        0x8 CMakeFiles/debugprobe.dir/freertos/list.c.o
                0x200066c0                vListInitialiseItem
 .text.vListInsertEnd
                0x200066c8       0x1c CMakeFiles/debugprobe.dir/freertos/list.c.o
                0x200066c8                vListInsertEnd
 .text.vListInsert
                0x200066e4       0x30 CMakeFiles/debugprobe.dir/freertos/list.c.o
                0x200066e4                vListInsert
 .text.uxListRemove
                0x20006714       0x28 CMakeFiles/debugprobe.dir/freertos/list.c.o
                0x20006714                uxListRemove
 .text.prvCopyDataToQueue
                0x2000673c       0x78 CMakeFiles/debugprobe.dir/freertos/queue.c.o
 .text.prvUnlockQueue
                0x200067b4      0x174 CMakeFiles/debugprobe.dir/freertos/queue.c.o
 .text.prvNotifyQueueSetContainer
                0x20006928       0x84 CMakeFiles/debugprobe.dir/freertos/queue.c.o
 .text.xQueueGenericCreate
                0x200069ac       0x80 CMakeFiles/debugprobe.dir/freertos/queue.c.o
                0x200069ac                xQueueGenericCreate
 .text.xQueueGenericSendFromISR
                0x20006a2c       0x98 CMakeFiles/debugprobe.dir/freertos/queue.c.o
                0x20006a2c                xQueueGenericSendFromISR
 .text.xQueueReceive
                0x20006ac4       0xfc CMakeFiles/debugprobe.dir/freertos/queue.c.o
                0x20006ac4                xQueueReceive
 .text.vQueueAddToRegistry
                0x20006bc0      0x130 CMakeFiles/debugprobe.dir/freertos/queue.c.o
                0x20006bc0                vQueueAddToRegistry
 .text.vQueueWaitForMessageRestricted
                0x20006cf0       0x50 CMakeFiles/debugprobe.dir/freertos/queue.c.o
                0x20006cf0                vQueueWaitForMessageRestricted
 .text.prvAddNewTaskToReadyList
                0x20006d40      0x128 CMakeFiles/debugprobe.dir/freertos/tasks.c.o
 .text.prvAddCurrentTaskToDelayedList
                0x20006e68       0xd0 CMakeFiles/debugprobe.dir/freertos/tasks.c.o
 .text.prvCreateTask
                0x20006f38      0x110 CMakeFiles/debugprobe.dir/freertos/tasks.c.o
 .text.prvIdleTask
                0x20007048       0x5c CMakeFiles/debugprobe.dir/freertos/tasks.c.o
 .text.xTaskCreate
                0x200070a4       0x24 CMakeFiles/debugprobe.dir/freertos/tasks.c.o
                0x200070a4                xTaskCreate
 .text.vTaskSuspend
                0x200070c8      0x14c CMakeFiles/debugprobe.dir/freertos/tasks.c.o
                0x200070c8                vTaskSuspend
 .text.vTaskResume
                0x20007214       0x98 CMakeFiles/debugprobe.dir/freertos/tasks.c.o
                0x20007214                vTaskResume
 .text.vTaskStartScheduler
                0x200072ac       0x70 CMakeFiles/debugprobe.dir/freertos/tasks.c.o
                0x200072ac                vTaskStartScheduler
 .text.vTaskSuspendAll
                0x2000731c       0x10 CMakeFiles/debugprobe.dir/freertos/tasks.c.o
                0x2000731c                vTaskSuspendAll
 .text.xTaskGetTickCount
                0x2000732c        0xc CMakeFiles/debugprobe.dir/freertos/tasks.c.o
                0x2000732c                xTaskGetTickCount
 .text.uxTaskGetNumberOfTasks
                0x20007338        0xc CMakeFiles/debugprobe.dir/freertos/tasks.c.o
                0x20007338                uxTaskGetNumberOfTasks
 .text.xTaskIncrementTick
                0x20007344      0x1b4 CMakeFiles/debugprobe.dir/freertos/tasks.c.o
                0x20007344                xTaskIncrementTick
 .text.xTaskResumeAll
                0x200074f8      0x164 CMakeFiles/debugprobe.dir/freertos/tasks.c.o
                0x200074f8                xTaskResumeAll
 .text.xTaskDelayUntil
                0x2000765c       0x58 CMakeFiles/debugprobe.dir/freertos/tasks.c.o
                0x2000765c                xTaskDelayUntil
 .text.vTaskSwitchContext
                0x200076b4       0x8c CMakeFiles/debugprobe.dir/freertos/tasks.c.o
                0x200076b4                vTaskSwitchContext
 .text.vTaskPlaceOnEventList
                0x20007740       0xb8 CMakeFiles/debugprobe.dir/freertos/tasks.c.o
                0x20007740                vTaskPlaceOnEventList
 .text.vTaskPlaceOnUnorderedEventList
                0x200077f8      0x100 CMakeFiles/debugprobe.dir/freertos/tasks.c.o
                0x200077f8                vTaskPlaceOnUnorderedEventList
 .text.vTaskPlaceOnEventListRestricted
                0x200078f8      0x134 CMakeFiles/debugprobe.dir/freertos/tasks.c.o
                0x200078f8                vTaskPlaceOnEventListRestricted
 .text.xTaskRemoveFromEventList
                0x20007a2c       0xe0 CMakeFiles/debugprobe.dir/freertos/tasks.c.o
                0x20007a2c                xTaskRemoveFromEventList
 .text.vTaskRemoveFromUnorderedEventList
                0x20007b0c       0xb0 CMakeFiles/debugprobe.dir/freertos/tasks.c.o
                0x20007b0c                vTaskRemoveFromUnorderedEventList
 .text.vTaskInternalSetTimeOutState
                0x20007bbc       0x18 CMakeFiles/debugprobe.dir/freertos/tasks.c.o
                0x20007bbc                vTaskInternalSetTimeOutState
 .text.xTaskCheckForTimeOut
                0x20007bd4       0x78 CMakeFiles/debugprobe.dir/freertos/tasks.c.o
                0x20007bd4                xTaskCheckForTimeOut
 .text.vTaskMissedYield
                0x20007c4c        0xc CMakeFiles/debugprobe.dir/freertos/tasks.c.o
                0x20007c4c                vTaskMissedYield
 .text.xTaskGetCurrentTaskHandle
                0x20007c58        0xc CMakeFiles/debugprobe.dir/freertos/tasks.c.o
                0x20007c58                xTaskGetCurrentTaskHandle
 .text.xTaskPriorityDisinherit
                0x20007c64       0x94 CMakeFiles/debugprobe.dir/freertos/tasks.c.o
                0x20007c64                xTaskPriorityDisinherit
 .text.uxTaskResetEventItemValue
                0x20007cf8       0x18 CMakeFiles/debugprobe.dir/freertos/tasks.c.o
                0x20007cf8                uxTaskResetEventItemValue
 .text.prvTimerTask
                0x20007d10      0x350 CMakeFiles/debugprobe.dir/freertos/timers.c.o
 .text.xTimerCreateTimerTask
                0x20008060       0x84 CMakeFiles/debugprobe.dir/freertos/timers.c.o
                0x20008060                xTimerCreateTimerTask
 .text.xTimerPendFunctionCallFromISR
                0x200080e4       0x30 CMakeFiles/debugprobe.dir/freertos/timers.c.o
                0x200080e4                xTimerPendFunctionCallFromISR
 .text.exception_set_exclusive_handler
                0x20008114       0x4c CMakeFiles/debugprobe.dir/_deps/pico_sdk-src/src/rp2_common/hardware_exception/exception.c.o
                0x20008114                exception_set_exclusive_handler
 .text.pvPortMalloc
                0x20008160       0x78 CMakeFiles/debugprobe.dir/freertos/portable/MemMang/heap_1.c.o
                0x20008160                pvPortMalloc
 .text.vPortFree
                0x200081d8        0x4 CMakeFiles/debugprobe.dir/freertos/portable/MemMang/heap_1.c.o
                0x200081d8                vPortFree
 .text          0x200081dc       0x28 /usr/lib/gcc/arm-none-eabi/13.2.1/thumb/v8-m.main+fp/softfp/libgcc.a(_popcountsi2.o)
                0x200081dc                __popcountsi2
 .text          0x20008204       0x20 /usr/lib/gcc/arm-none-eabi/13.2.1/thumb/v8-m.main+fp/softfp/libgcc.a(_paritysi2.o)
                0x20008204                __paritysi2
 .text          0x20008224       0xa4 /usr/lib/gcc/arm-none-eabi/13.2.1/../../../arm-none-eabi/lib/thumb/v8-m.main+fp/softfp/libg.a(libc_a-memset.o)
                0x20008224                memset
 .text          0x200082c8       0xec /usr/lib/gcc/arm-none-eabi/13.2.1/../../../arm-none-eabi/lib/thumb/v8-m.main+fp/softfp/libg.a(libc_a-memcpy.o)
                0x200082c8                memcpy
 .text          0x200083b4        0xc /usr/lib/gcc/arm-none-eabi/13.2.1/../../../arm-none-eabi/lib/thumb/v8-m.main+fp/softfp/libg.a(libc_a-atexit.o)
                0x200083b4                atexit
 .text          0x200083c0       0x5c /usr/lib/gcc/arm-none-eabi/13.2.1/../../../arm-none-eabi/lib/thumb/v8-m.main+fp/softfp/libg.a(libc_a-strlen-stub.o)
                0x200083c0                strlen
 .text          0x2000841c       0x28 /usr/lib/gcc/arm-none-eabi/13.2.1/../../../arm-none-eabi/lib/thumb/v8-m.main+fp/softfp/libg.a(libc_a-fini.o)
                0x2000841c                __libc_fini_array
 .text          0x20008444       0x64 /usr/lib/gcc/arm-none-eabi/13.2.1/../../../arm-none-eabi/lib/thumb/v8-m.main+fp/softfp/libg.a(libc_a-__atexit.o)
                0x20008444                __register_exitproc
 .text.startup  0x200084a8       0x14 /usr/lib/gcc/arm-none-eabi/13.2.1/../../../arm-none-eabi/lib/thumb/v8-m.main+fp/softfp/libg.a(libc_a-__call_atexit.o)
 *(.fini)
 .fini          0x200084bc        0x4 /usr/lib/gcc/arm-none-eabi/13.2.1/thumb/v8-m.main+fp/softfp/crti.o
                0x200084bc                _fini
 *crtbegin.o(.ctors)
 *crtbegin?.o(.ctors)
 *(EXCLUDE_FILE(*crtend.o *crtend?.o) .ctors)
 *(SORT_BY_NAME(.ctors.*))
 *(.ctors)
 *crtbegin.o(.dtors)
 *crtbegin?.o(.dtors)
 *(EXCLUDE_FILE(*crtend.o *crtend?.o) .dtors)
 *(SORT_BY_NAME(.dtors.*))
 *(.dtors)
 *(.eh_frame*)
 .eh_frame      0x200084c0        0x0 /usr/lib/gcc/arm-none-eabi/13.2.1/thumb/v8-m.main+fp/softfp/crtbegin.o
                0x200084c0                        . = ALIGN (0x4)
                0x200084c0                        __ram_text_end__ = .
                0x10000240                        __ram_text_source__ = LOADADDR (.text)

.glue_7         0x200084c0        0x0 load address 0x100085f0
 .glue_7        0x200084c0        0x0 linker stubs

.glue_7t        0x200084c0        0x0 load address 0x100085f0
 .glue_7t       0x200084c0        0x0 linker stubs

.vfp11_veneer   0x200084c0        0x0 load address 0x100085f0
 .vfp11_veneer  0x200084c0        0x0 linker stubs

.v4_bx          0x200084c0        0x0 load address 0x100085f0
 .v4_bx         0x200084c0        0x0 linker stubs

.iplt           0x200084c0        0x0 load address 0x100085f0
 .iplt          0x200084c0        0x0 /usr/lib/gcc/arm-none-eabi/13.2.1/thumb/v8-m.main+fp/softfp/crtbegin.o
                0x200084c0                        . = ALIGN (0x4)

.data           0x200084c0     0x1324 load address 0x100085f0
                0x200084c0                        __data_start__ = .
 *(vtable)
 *(.time_critical*)
 .time_critical.mutex_try_enter_block_until
                0x200084c0       0xac CMakeFiles/debugprobe.dir/_deps/pico_sdk-src/src/common/pico_sync/mutex.c.o
                0x200084c0                mutex_try_enter_block_until
 .time_critical.mutex_enter_timeout_ms
                0x2000856c       0x78 CMakeFiles/debugprobe.dir/_deps/pico_sdk-src/src/common/pico_sync/mutex.c.o
                0x2000856c                mutex_enter_timeout_ms
 .time_critical.mutex_exit
                0x200085e4       0x34 CMakeFiles/debugprobe.dir/_deps/pico_sdk-src/src/common/pico_sync/mutex.c.o
                0x200085e4                mutex_exit
 .time_critical.reset_non_control_endpoints
                0x20008618       0x64 CMakeFiles/debugprobe.dir/_deps/pico_sdk-src/lib/tinyusb/src/portable/raspberrypi/rp2040/dcd_rp2040.c.o
 .time_critical.hw_handle_buff_status
                0x2000867c       0x94 CMakeFiles/debugprobe.dir/_deps/pico_sdk-src/lib/tinyusb/src/portable/raspberrypi/rp2040/dcd_rp2040.c.o
 .time_critical.dcd_rp2040_irq
                0x20008710      0x51c CMakeFiles/debugprobe.dir/_deps/pico_sdk-src/lib/tinyusb/src/portable/raspberrypi/rp2040/dcd_rp2040.c.o
 .time_critical.prepare_ep_buffer
                0x20008c2c       0xd0 CMakeFiles/debugprobe.dir/_deps/pico_sdk-src/lib/tinyusb/src/portable/raspberrypi/rp2040/rp2040_usb.c.o
 .time_critical.sync_ep_buffer
                0x20008cfc       0xb8 CMakeFiles/debugprobe.dir/_deps/pico_sdk-src/lib/tinyusb/src/portable/raspberrypi/rp2040/rp2040_usb.c.o
 .time_critical._hw_endpoint_xfer_sync
                0x20008db4       0x2c CMakeFiles/debugprobe.dir/_deps/pico_sdk-src/lib/tinyusb/src/portable/raspberrypi/rp2040/rp2040_usb.c.o
 .time_critical.e15_is_bulkin_ep
                0x20008de0       0x28 CMakeFiles/debugprobe.dir/_deps/pico_sdk-src/lib/tinyusb/src/portable/raspberrypi/rp2040/rp2040_usb.c.o
 .time_critical.e15_is_critical_frame_period
                0x20008e08       0x28 CMakeFiles/debugprobe.dir/_deps/pico_sdk-src/lib/tinyusb/src/portable/raspberrypi/rp2040/rp2040_usb.c.o
 .time_critical.hw_endpoint_reset_transfer
                0x20008e30        0xc CMakeFiles/debugprobe.dir/_deps/pico_sdk-src/lib/tinyusb/src/portable/raspberrypi/rp2040/rp2040_usb.c.o
                0x20008e30                hw_endpoint_reset_transfer
 .time_critical._hw_endpoint_buffer_control_update32
                0x20008e3c       0x44 CMakeFiles/debugprobe.dir/_deps/pico_sdk-src/lib/tinyusb/src/portable/raspberrypi/rp2040/rp2040_usb.c.o
                0x20008e3c                _hw_endpoint_buffer_control_update32
 .time_critical.hw_endpoint_start_next_buffer
                0x20008e80       0x64 CMakeFiles/debugprobe.dir/_deps/pico_sdk-src/lib/tinyusb/src/portable/raspberrypi/rp2040/rp2040_usb.c.o
                0x20008e80                hw_endpoint_start_next_buffer
 .time_critical.hw_endpoint_xfer_continue
                0x20008ee4       0x3c CMakeFiles/debugprobe.dir/_deps/pico_sdk-src/lib/tinyusb/src/portable/raspberrypi/rp2040/rp2040_usb.c.o
                0x20008ee4                hw_endpoint_xfer_continue
 .time_critical.tinyusb
                0x20008f20      0x224 CMakeFiles/debugprobe.dir/_deps/pico_sdk-src/lib/tinyusb/src/device/usbd.c.o
                0x20008f20                dcd_event_handler
                0x20009144                        . = ALIGN (0x4)
 *(.rodata*)
 .rodata.str1.4
                0x20009144      0x294 CMakeFiles/debugprobe.dir/src/probe_config.c.o
                                 0x6e (size before relaxing)
 .rodata.__bi_16.0
                0x200093d8        0xc CMakeFiles/debugprobe.dir/src/probe_config.c.o
 .rodata.__bi_20.1
                0x200093e4        0xc CMakeFiles/debugprobe.dir/src/probe_config.c.o
 .rodata.__bi_32.2
                0x200093f0        0xc CMakeFiles/debugprobe.dir/src/probe_config.c.o
 .rodata.__bi_33.3
                0x200093fc        0xc CMakeFiles/debugprobe.dir/src/probe_config.c.o
 .rodata.__bi_34.4
                0x20009408        0xc CMakeFiles/debugprobe.dir/src/probe_config.c.o
 .rodata.__bi_35.5
                0x20009414        0xc CMakeFiles/debugprobe.dir/src/probe_config.c.o
 .rodata.main.str1.4
                0x20009420        0x4 CMakeFiles/debugprobe.dir/src/main.c.o
 .rodata.tud_mount_cb.str1.4
                0x20009420        0xc CMakeFiles/debugprobe.dir/src/main.c.o
 .rodata.vApplicationStackOverflowHook.str1.4
                0x20009420       0x2e CMakeFiles/debugprobe.dir/src/main.c.o
 .rodata.vApplicationMallocFailedHook.str1.4
                0x20009420        0xf CMakeFiles/debugprobe.dir/src/main.c.o
 .rodata.desc_ms_os_20
                0x20009420       0xb2 CMakeFiles/debugprobe.dir/src/usb_descriptors.c.o
                0x20009420                desc_ms_os_20
 *fill*         0x200094d2        0x2 
 .rodata.desc_bos
                0x200094d4       0x21 CMakeFiles/debugprobe.dir/src/usb_descriptors.c.o
                0x200094d4                desc_bos
 .rodata.str1.4
                0x200094f5       0x77 CMakeFiles/debugprobe.dir/src/usb_descriptors.c.o
 *fill*         0x200094f5        0x3 
 .rodata.__compound_literal.0
                0x200094f8        0x2 CMakeFiles/debugprobe.dir/src/usb_descriptors.c.o
 *fill*         0x200094fa        0x2 
 .rodata.desc_hid_report
                0x200094fc       0x22 CMakeFiles/debugprobe.dir/src/usb_descriptors.c.o
 *fill*         0x2000951e        0x2 
 .rodata.desc_device
                0x20009520       0x12 CMakeFiles/debugprobe.dir/src/usb_descriptors.c.o
                0x20009520                desc_device
 *fill*         0x20009532        0x2 
 .rodata.probe_program
                0x20009534        0x8 CMakeFiles/debugprobe.dir/src/probe.c.o
 .rodata.probe_program_instructions
                0x2000953c       0x16 CMakeFiles/debugprobe.dir/src/probe.c.o
 *fill*         0x20009552        0x2 
 .rodata._dap_edpt_driver
                0x20009554       0x20 CMakeFiles/debugprobe.dir/src/tusb_edpt_handler.c.o
                0x20009554                _dap_edpt_driver
 .rodata.DAP_ProcessCommand.str1.4
                0x20009574        0x6 CMakeFiles/debugprobe.dir/CMSIS_DAP/CMSIS/DAP/Firmware/Source/DAP.c.o
 .rodata.multicore_doorbell_claim_unused.str1.4
                0x20009574       0x12 CMakeFiles/debugprobe.dir/_deps/pico_sdk-src/src/rp2_common/pico_multicore/multicore.c.o
 .rodata.timer_hardware_alarm_claim.str1.4
                0x20009574       0x22 CMakeFiles/debugprobe.dir/_deps/pico_sdk-src/src/rp2_common/hardware_timer/timer.c.o
 .rodata.panic.str1.4
                0x20009574       0x12 CMakeFiles/debugprobe.dir/_deps/pico_sdk-src/src/rp2_common/pico_platform_panic/panic.c.o
 .rodata.spin_lock_claim_unused.str1.4
                0x20009574       0x1b CMakeFiles/debugprobe.dir/_deps/pico_sdk-src/src/rp2_common/hardware_sync/sync.c.o
 .rodata.hard_assertion_failure.str1.4
                0x20009574        0xc CMakeFiles/debugprobe.dir/_deps/pico_sdk-src/src/rp2_common/pico_runtime/runtime.c.o
 .rodata.str1.4
                0x20009574       0x40 CMakeFiles/debugprobe.dir/_deps/pico_sdk-src/src/rp2_common/pico_standard_binary_info/standard_binary_info.c.o
 .rodata.__bi_84
                0x20009574        0xc CMakeFiles/debugprobe.dir/_deps/pico_sdk-src/src/rp2_common/pico_standard_binary_info/standard_binary_info.c.o
 .rodata.__bi_78
                0x20009580        0xc CMakeFiles/debugprobe.dir/_deps/pico_sdk-src/src/rp2_common/pico_standard_binary_info/standard_binary_info.c.o
 .rodata.__bi_54
                0x2000958c        0xc CMakeFiles/debugprobe.dir/_deps/pico_sdk-src/src/rp2_common/pico_standard_binary_info/standard_binary_info.c.o
 .rodata.__bi_48
                0x20009598        0xc CMakeFiles/debugprobe.dir/_deps/pico_sdk-src/src/rp2_common/pico_standard_binary_info/standard_binary_info.c.o
 .rodata.__bi_42
                0x200095a4        0xc CMakeFiles/debugprobe.dir/_deps/pico_sdk-src/src/rp2_common/pico_standard_binary_info/standard_binary_info.c.o
 .rodata.__bi_34
                0x200095b0        0xc CMakeFiles/debugprobe.dir/_deps/pico_sdk-src/src/rp2_common/pico_standard_binary_info/standard_binary_info.c.o
 .rodata.__bi_26
                0x200095bc        0xc CMakeFiles/debugprobe.dir/_deps/pico_sdk-src/src/rp2_common/pico_standard_binary_info/standard_binary_info.c.o
 .rodata.crlf_str.0
                0x200095c8        0x2 CMakeFiles/debugprobe.dir/_deps/pico_sdk-src/src/rp2_common/pico_stdio/stdio.c.o
 .rodata.str1.4
                0x200095ca       0x2c CMakeFiles/debugprobe.dir/_deps/pico_sdk-src/src/rp2_common/pico_stdio_uart/stdio_uart.c.o
 *fill*         0x200095ca        0x2 
 .rodata.__bi_45.4
                0x200095cc        0xc CMakeFiles/debugprobe.dir/_deps/pico_sdk-src/src/rp2_common/pico_stdio_uart/stdio_uart.c.o
 .rodata.__bi_49.5
                0x200095d8        0x8 CMakeFiles/debugprobe.dir/_deps/pico_sdk-src/src/rp2_common/pico_stdio_uart/stdio_uart.c.o
 .rodata.__bi_50.6
                0x200095e0        0x8 CMakeFiles/debugprobe.dir/_deps/pico_sdk-src/src/rp2_common/pico_stdio_uart/stdio_uart.c.o
 .rodata.str1.4
                0x200095e8       0x14 CMakeFiles/debugprobe.dir/_deps/pico_sdk-src/lib/tinyusb/src/portable/raspberrypi/rp2040/dcd_rp2040.c.o
 .rodata.str1.4
                0x200095e8       0x48 CMakeFiles/debugprobe.dir/_deps/pico_sdk-src/lib/tinyusb/src/portable/raspberrypi/rp2040/rp2040_usb.c.o
 .rodata._usbd_driver
                0x200095e8       0x60 CMakeFiles/debugprobe.dir/_deps/pico_sdk-src/lib/tinyusb/src/device/usbd.c.o
 .rodata.str1.4
                0x20009648        0x4 CMakeFiles/debugprobe.dir/_deps/pico_sdk-src/lib/tinyusb/hw/bsp/rp2040/family.c.o
 .rodata.__bi_153.0
                0x20009648        0xc CMakeFiles/debugprobe.dir/_deps/pico_sdk-src/lib/tinyusb/hw/bsp/rp2040/family.c.o
 .rodata.__bi_163.1
                0x20009654        0x8 CMakeFiles/debugprobe.dir/_deps/pico_sdk-src/lib/tinyusb/hw/bsp/rp2040/family.c.o
 .rodata.uxTopUsedPriority
                0x2000965c        0x4 CMakeFiles/debugprobe.dir/freertos/tasks.c.o
 .rodata.xTimerCreateTimerTask.str1.4
                0x20009660       0x10 CMakeFiles/debugprobe.dir/freertos/timers.c.o
 *(.srodata*)
                0x20009670                        . = ALIGN (0x4)
 *(.data*)
 .data.string_desc_arr
                0x20009660       0x1c CMakeFiles/debugprobe.dir/src/usb_descriptors.c.o
                0x20009660                string_desc_arr
 .data.desc_configuration
                0x2000967c       0x62 CMakeFiles/debugprobe.dir/src/usb_descriptors.c.o
                0x2000967c                desc_configuration
 *fill*         0x200096de        0x2 
 .data.interval
                0x200096e0        0x4 CMakeFiles/debugprobe.dir/src/cdc_uart.c.o
                0x200096e0                interval
 .data.default_alarm_pool
                0x200096e4       0x18 CMakeFiles/debugprobe.dir/_deps/pico_sdk-src/src/common/pico_time/time.c.o
 .data.striped_spin_lock_num
                0x200096fc        0x1 CMakeFiles/debugprobe.dir/_deps/pico_sdk-src/src/rp2_common/hardware_sync/sync.c.o
 *fill*         0x200096fd        0x3 
 .data          0x20009700       0x48 CMakeFiles/debugprobe.dir/_deps/pico_sdk-src/src/rp2_common/hardware_irq/irq_handler_chain.S.o
                0x20009700                irq_handler_chain_slots
                0x20009730                irq_handler_chain_first_slot
                0x2000973a                irq_handler_chain_remove_tail
 .data.stdio_uart
                0x20009748       0x18 CMakeFiles/debugprobe.dir/_deps/pico_sdk-src/src/rp2_common/pico_stdio_uart/stdio_uart.c.o
                0x20009748                stdio_uart
 .data._usbd_qdef
                0x20009760       0x1c CMakeFiles/debugprobe.dir/_deps/pico_sdk-src/lib/tinyusb/src/device/usbd.c.o
                0x20009760                _usbd_qdef
 .data._usbd_rhport
                0x2000977c        0x1 CMakeFiles/debugprobe.dir/_deps/pico_sdk-src/lib/tinyusb/src/device/usbd.c.o
 .data.cDoorbellNum
                0x2000977d        0x1 CMakeFiles/debugprobe.dir/freertos/portable/ThirdParty/Community-Supported-Ports/GCC/RP2350_ARM_NTZ/non_secure/port.c.o
 .data.ucPrimaryCoreNum
                0x2000977e        0x1 CMakeFiles/debugprobe.dir/freertos/portable/ThirdParty/Community-Supported-Ports/GCC/RP2350_ARM_NTZ/non_secure/port.c.o
 *fill*         0x2000977f        0x1 
 .data.ulCriticalNesting
                0x20009780        0x4 CMakeFiles/debugprobe.dir/freertos/portable/ThirdParty/Community-Supported-Ports/GCC/RP2350_ARM_NTZ/non_secure/port.c.o
 *(.sdata*)
                0x20009784                        . = ALIGN (0x4)
 *(.after_data.*)
                0x20009784                        . = ALIGN (0x4)
                0x20009784                        PROVIDE (__mutex_array_start = .)
 *(SORT_BY_NAME(.mutex_array.*))
 *(.mutex_array)
 .mutex_array   0x20009784        0x8 CMakeFiles/debugprobe.dir/_deps/pico_sdk-src/src/rp2_common/pico_malloc/malloc.c.o
 .mutex_array   0x2000978c        0x8 CMakeFiles/debugprobe.dir/_deps/pico_sdk-src/src/rp2_common/pico_stdio/stdio.c.o
                0x20009794                        PROVIDE (__mutex_array_end = .)
                0x20009794                        . = ALIGN (0x4)
                0x20009794                        PROVIDE (__preinit_array_start = .)
 *(SORT_BY_NAME(.preinit_array.*))
 .preinit_array.00050
                0x20009794        0x4 CMakeFiles/debugprobe.dir/_deps/pico_sdk-src/src/rp2_common/pico_runtime_init/runtime_init.c.o
                0x20009794                __pre_init_runtime_init_bootrom_reset
 .preinit_array.00100
                0x20009798        0x4 CMakeFiles/debugprobe.dir/_deps/pico_sdk-src/src/rp2_common/pico_runtime_init/runtime_init.c.o
                0x20009798                __pre_init_runtime_init_early_resets
 .preinit_array.00101
                0x2000979c        0x4 CMakeFiles/debugprobe.dir/_deps/pico_sdk-src/src/rp2_common/pico_runtime_init/runtime_init.c.o
                0x2000979c                __pre_init_runtime_init_usb_power_down
 .preinit_array.00500
                0x200097a0        0x4 CMakeFiles/debugprobe.dir/_deps/pico_sdk-src/src/rp2_common/pico_runtime_init/runtime_init.c.o
                0x200097a0                __pre_init_runtime_init_clocks
 .preinit_array.00600
                0x200097a4        0x4 CMakeFiles/debugprobe.dir/_deps/pico_sdk-src/src/rp2_common/pico_runtime_init/runtime_init.c.o
                0x200097a4                __pre_init_runtime_init_post_clock_resets
 .preinit_array.01000
                0x200097a8        0x4 CMakeFiles/debugprobe.dir/_deps/pico_sdk-src/src/rp2_common/hardware_boot_lock/boot_lock.c.o
                0x200097a8                __pre_init_runtime_init_boot_locks_reset
 .preinit_array.01000
                0x200097ac        0x4 CMakeFiles/debugprobe.dir/_deps/pico_sdk-src/src/rp2_common/pico_runtime_init/runtime_init.c.o
                0x200097ac                __pre_init_runtime_init_spin_locks_reset
 .preinit_array.01010
                0x200097b0        0x4 CMakeFiles/debugprobe.dir/_deps/pico_sdk-src/src/rp2_common/pico_bootrom/bootrom_lock.c.o
                0x200097b0                __pre_init_runtime_init_bootrom_locking_enable
 .preinit_array.01100
                0x200097b4        0x4 CMakeFiles/debugprobe.dir/_deps/pico_sdk-src/src/common/pico_sync/mutex.c.o
                0x200097b4                __pre_init_runtime_init_mutex
 .preinit_array.10080
                0x200097b8        0x4 CMakeFiles/debugprobe.dir/_deps/pico_sdk-src/src/rp2_common/pico_runtime_init/runtime_init.c.o
                0x200097b8                __pre_init_runtime_init_install_ram_vector_table
 .preinit_array.11000
                0x200097bc        0x4 CMakeFiles/debugprobe.dir/_deps/pico_sdk-src/src/common/pico_time/time.c.o
                0x200097bc                __pre_init_runtime_init_default_alarm_pool
 .preinit_array.YYYYY
                0x200097c0        0x4 CMakeFiles/debugprobe.dir/_deps/pico_sdk-src/src/rp2_common/pico_runtime/runtime.c.o
                0x200097c0                __pre_init_first_per_core_initializer
 .preinit_array.ZZZZZ.00051
                0x200097c4        0x4 CMakeFiles/debugprobe.dir/_deps/pico_sdk-src/src/rp2_common/pico_runtime_init/runtime_init.c.o
                0x200097c4                __pre_init_runtime_init_per_core_bootrom_reset
 .preinit_array.ZZZZZ.00200
                0x200097c8        0x4 CMakeFiles/debugprobe.dir/_deps/pico_sdk-src/src/rp2_common/pico_runtime_init/runtime_init.c.o
                0x200097c8                __pre_init_runtime_init_per_core_enable_coprocessors
 .preinit_array.ZZZZZ.01000
                0x200097cc        0x4 CMakeFiles/debugprobe.dir/_deps/pico_sdk-src/src/rp2_common/hardware_sync_spin_lock/sync_spin_lock.c.o
                0x200097cc                __pre_init_spinlock_set_extexclall
 .preinit_array.ZZZZZ.01200
                0x200097d0        0x4 CMakeFiles/debugprobe.dir/_deps/pico_sdk-src/src/rp2_common/hardware_irq/irq.c.o
                0x200097d0                __pre_init_runtime_init_per_core_irq_priorities
 *(.preinit_array)
                0x200097d4                        PROVIDE (__preinit_array_end = .)
                0x200097d4                        . = ALIGN (0x4)
                0x200097d4                        PROVIDE (__init_array_start = .)
 *(SORT_BY_NAME(.init_array.*))
 .init_array.00000
                0x200097d4        0x4 /usr/lib/gcc/arm-none-eabi/13.2.1/../../../arm-none-eabi/lib/thumb/v8-m.main+fp/softfp/libg.a(libc_a-__call_atexit.o)
 .init_array.01000
                0x200097d8        0x4 CMakeFiles/debugprobe.dir/_deps/pico_sdk-src/src/rp2_common/pico_unique_id/unique_id.c.o
 *(.init_array)
 .init_array    0x200097dc        0x4 /usr/lib/gcc/arm-none-eabi/13.2.1/thumb/v8-m.main+fp/softfp/crtbegin.o
 .init_array    0x200097e0        0x4 CMakeFiles/debugprobe.dir/freertos/portable/ThirdParty/Community-Supported-Ports/GCC/RP2350_ARM_NTZ/non_secure/port.c.o
                0x200097e4                        PROVIDE (__init_array_end = .)
                0x200097e4                        . = ALIGN (0x4)
                0x200097e4                        PROVIDE (__fini_array_start = .)
 *(SORT_BY_NAME(.fini_array.*))
 *(.fini_array)
                0x200097e4                        PROVIDE (__fini_array_end = .)
 *(.jcr)
                0x200097e4                        . = ALIGN (0x4)

.tm_clone_table
                0x200097e4        0x0 load address 0x10009914
 .tm_clone_table
                0x200097e4        0x0 /usr/lib/gcc/arm-none-eabi/13.2.1/thumb/v8-m.main+fp/softfp/crtbegin.o
 .tm_clone_table
                0x200097e4        0x0 /usr/lib/gcc/arm-none-eabi/13.2.1/thumb/v8-m.main+fp/softfp/crtend.o

.igot.plt       0x200097e4        0x0 load address 0x10009914
 .igot.plt      0x200097e4        0x0 /usr/lib/gcc/arm-none-eabi/13.2.1/thumb/v8-m.main+fp/softfp/crtbegin.o

.tdata          0x200097e4        0x0 load address 0x10009914
                0x200097e4                        . = ALIGN (0x4)
 *(.tdata .tdata.* .gnu.linkonce.td.*)
                0x200097e4                        __tdata_end = .
                0x200097e4                        PROVIDE (__data_end__ = .)
                0x100085f0                        __etext = LOADADDR (.data)

.tbss           0x200097e4        0x0 load address 0x10009914
                0x200097e4                        . = ALIGN (0x4)
                0x200097e4                        __bss_start__ = .
                0x200097e4                        __tls_base = .
 *(.tbss .tbss.* .gnu.linkonce.tb.*)
 *(.tcommon)
                0x200097e4                        __tls_end = .

.bss            0x200097e8    0x16284 load address 0x10009914
                0x200097e8                        . = ALIGN (0x4)
                0x200097e8                        __tbss_end = .
 *(SORT_BY_ALIGNMENT(SORT_BY_NAME(.bss*)))
 .bss._cdcd_itf
                0x200097e8     0x1088 CMakeFiles/debugprobe.dir/_deps/pico_sdk-src/lib/tinyusb/src/class/cdc/cdc_device.c.o
 .bss.default_alarm_pool_entries
                0x2000a870      0x180 CMakeFiles/debugprobe.dir/_deps/pico_sdk-src/src/common/pico_time/time.c.o
 .bss.xQueueRegistry
                0x2000a9f0       0x40 CMakeFiles/debugprobe.dir/freertos/queue.c.o
                0x2000a9f0                xQueueRegistry
 .bss           0x2000aa30       0x1c /usr/lib/gcc/arm-none-eabi/13.2.1/thumb/v8-m.main+fp/softfp/crtbegin.o
 .bss           0x2000aa4c      0x190 /usr/lib/gcc/arm-none-eabi/13.2.1/../../../arm-none-eabi/lib/thumb/v8-m.main+fp/softfp/libg.a(libc_a-__atexit.o)
                0x2000aa4c                __atexit0
 .bss           0x2000abdc        0x4 /usr/lib/gcc/arm-none-eabi/13.2.1/../../../arm-none-eabi/lib/thumb/v8-m.main+fp/softfp/libg.a(libc_a-__call_atexit.o)
                0x2000abdc                __atexit
 .bss.DAPRequestBuffer
                0x2000abe0       0x40 CMakeFiles/debugprobe.dir/src/tusb_edpt_handler.c.o
 .bss.DAPResponseBuffer
                0x2000ac20       0x40 CMakeFiles/debugprobe.dir/src/tusb_edpt_handler.c.o
 .bss.DAP_Data  0x2000ac60       0x1c CMakeFiles/debugprobe.dir/CMSIS_DAP/CMSIS/DAP/Firmware/Source/DAP.c.o
                0x2000ac60                DAP_Data
 .bss.TxDataBuffer
                0x2000ac7c       0x40 CMakeFiles/debugprobe.dir/src/main.c.o
 .bss.USBRequestBuffer
                0x2000acbc       0x8c CMakeFiles/debugprobe.dir/src/tusb_edpt_handler.c.o
 .bss.USBResponseBuffer
                0x2000ad48       0x8c CMakeFiles/debugprobe.dir/src/tusb_edpt_handler.c.o
 .bss._app_driver
                0x2000add4        0x4 CMakeFiles/debugprobe.dir/_deps/pico_sdk-src/lib/tinyusb/src/device/usbd.c.o
 .bss._cdcd_epbuf
                0x2000add8       0x80 CMakeFiles/debugprobe.dir/_deps/pico_sdk-src/lib/tinyusb/src/class/cdc/cdc_device.c.o
 .bss._cdcd_fifo_cfg
                0x2000ae58        0x1 CMakeFiles/debugprobe.dir/_deps/pico_sdk-src/lib/tinyusb/src/class/cdc/cdc_device.c.o
 *fill*         0x2000ae59        0x3 
 .bss._ctrl_epbuf
                0x2000ae5c       0x40 CMakeFiles/debugprobe.dir/_deps/pico_sdk-src/lib/tinyusb/src/device/usbd_control.c.o
 .bss._ctrl_xfer
                0x2000ae9c       0x14 CMakeFiles/debugprobe.dir/_deps/pico_sdk-src/lib/tinyusb/src/device/usbd_control.c.o
 .bss._desc_str
                0x2000aeb0       0x40 CMakeFiles/debugprobe.dir/src/usb_descriptors.c.o
 .bss._hidd_epbuf
                0x2000aef0       0xc0 CMakeFiles/debugprobe.dir/_deps/pico_sdk-src/lib/tinyusb/src/class/hid/hid_device.c.o
 .bss._hidd_itf
                0x2000afb0        0xc CMakeFiles/debugprobe.dir/_deps/pico_sdk-src/lib/tinyusb/src/class/hid/hid_device.c.o
 .bss._resp_len
                0x2000afbc        0x4 CMakeFiles/debugprobe.dir/src/tusb_edpt_handler.c.o
                0x2000afbc                _resp_len
 .bss._sw_spin_locks
                0x2000afc0       0x20 CMakeFiles/debugprobe.dir/_deps/pico_sdk-src/src/rp2_common/hardware_sync_spin_lock/sync_spin_lock.c.o
                0x2000afc0                _sw_spin_locks
 .bss._tusb_rhport_role
                0x2000afe0        0x2 CMakeFiles/debugprobe.dir/_deps/pico_sdk-src/lib/tinyusb/src/tusb.c.o
                0x2000afe0                _tusb_rhport_role
 *fill*         0x2000afe2        0x2 
 .bss._ubsd_mutexdef
                0x2000afe4        0x8 CMakeFiles/debugprobe.dir/_deps/pico_sdk-src/lib/tinyusb/src/device/usbd.c.o
 .bss._usbd_dev
                0x2000afec       0x54 CMakeFiles/debugprobe.dir/_deps/pico_sdk-src/lib/tinyusb/src/device/usbd.c.o
 .bss._usbd_mutex
                0x2000b040        0x4 CMakeFiles/debugprobe.dir/_deps/pico_sdk-src/lib/tinyusb/src/device/usbd.c.o
 .bss._usbd_q   0x2000b044        0x4 CMakeFiles/debugprobe.dir/_deps/pico_sdk-src/lib/tinyusb/src/device/usbd.c.o
 .bss._usbd_qdef_buf
                0x2000b048       0xc0 CMakeFiles/debugprobe.dir/_deps/pico_sdk-src/lib/tinyusb/src/device/usbd.c.o
                0x2000b048                _usbd_qdef_buf
 .bss._used_instruction_space
                0x2000b108        0xc CMakeFiles/debugprobe.dir/_deps/pico_sdk-src/src/rp2_common/hardware_pio/pio.c.o
 .bss._vendord_epbuf
                0x2000b114       0x80 CMakeFiles/debugprobe.dir/_deps/pico_sdk-src/lib/tinyusb/src/class/vendor/vendor_device.c.o
 .bss._vendord_itf
                0x2000b194     0x404c CMakeFiles/debugprobe.dir/_deps/pico_sdk-src/lib/tinyusb/src/class/vendor/vendor_device.c.o
 .bss.break_expiry